01-23 11:49:17.760  2775  6321 D InputDispatcher: Inject key (3864/10051): action=1, f=0x48, d=0, time=888855199000000
01-23 11:49:17.760  2775  6321 D InputManager-JNI: !@interceptKeyBeforeQueueing(0), action=1, interactive=true
01-23 11:49:17.760  2775  6321 D PhoneWindowManager: interceptKeyTq keycode=3 interactive=true keyguardActive=false policyFlags=2b000002
01-23 11:49:17.761  2775  6321 D PhoneWindowManagerExt: interceptKeyTq code=3 down=false repeatCount=0 displayId=0 interactive=true powerCombination=false
01-23 11:49:17.761  2775  6321 D PhoneWindowManager: interceptKeyTq interceptKeyResult=1
01-23 11:49:17.761  2775  6321 D InputManager-JNI: !@handleInterceptActions(0), action=1, wmActions=1
01-23 11:49:17.761  2775  3490 D PhoneWindowManager: interceptKeyTi keyCode=3 action=1 repeatCount=0 keyguardOn=false canceled=false
01-23 11:49:17.762  2775  3490 D PhoneWindowManagerExt: interceptKeyTi code=3 down=false repeatCount=0 displayId=0 interactive=true
01-23 11:49:17.762  2775  3490 D PhoneWindowManagerExt: startSearcleByHomeKey, down=false longPress=false displayId=0
01-23 11:49:17.762  2775  3490 D StatusBarManagerService: startSearcleByHomeKey down=false longPress=false
01-23 11:49:17.763  3864  3864 D SearcleManager: startSearcleByHomeKey down = false, longPress = false
01-23 11:49:17.766  2775  2902 D PowerManagerService: [api] userActivity : other (uid: 1000 pid: 2775) <- awaken() in com.android.server.dreams.DreamManagerService$BinderService:25 displayId=0 eventTime=888855206
01-23 11:49:17.766  2775  2902 I SemDvfsHyPerManager: acquire hyper - AMS_APP_HOME/2775@20, type = -999
01-23 11:49:17.767  1678  1709 I HYPER-HAL: [RequestManager.cpp]acquire(): Acquired ID : 3907430  [2775 / 20]    HINT : AMS_APP_HOME    list :
01-23 11:49:17.770  2775  2902 D ActivityManagerPerformance: AMP_acquire() HOME
01-23 11:49:17.770  2775  2902 D PhoneWindowManagerExt: startDockOrHome, Callers=com.android.server.policy.PhoneWindowManager.startDockOrHome:146 com.android.server.policy.PhoneWindowManager.launchHomeFromHotKey:212 com.android.server.policy.PhoneWindowManager.handleShortPressOnHome:43 com.android.server.policy.PhoneWindowManager$DisplayHomeButtonHandler$$ExternalSyntheticLambda0.run:147 android.os.Handler.handleCallback:995 android.os.Handler.dispatchMessage:103 android.os.Looper.loopOnce:273 android.os.Looper.loop:363 android.os.HandlerThread.run:85 com.android.server.ServiceThread.run:49
01-23 11:49:17.770  7508  7508 I SemDvfsHyPerManager: acquire hyper - APP_START_HOME/7508@23, type = -999
01-23 11:49:17.770  2775  2902 D PhoneWindowManager: startDockOrHome: startReason= startDockOrHome
01-23 11:49:17.774  1678  1709 I HYPER-HAL: [RequestManager.cpp]acquire(): Acquired ID : 28361769  [7508 / 23]    HINT : APP_START    list : [KERNEL_APP_START_NOTIFY / 0] [TIMEOUT / 1500]
01-23 11:49:17.774  4373 23993 I HoneySpace.OneUiSpace: received close system dialog reason=homekey
01-23 11:49:17.775  2775  2902 W ActivityTaskManager: callingPackage for (uid=-1, pid=0) has no WPC
01-23 11:49:17.775  2775  2902 D ActivityTaskManager: DesktopModeLaunchParamsModifier: task=null activity=null task null, skipping
01-23 11:49:17.775  3864  3864 D SearcleManager: startSearcleByHomeKey currentDownCount = 0 tipShownCount = 2
01-23 11:49:17.775  2775  2902 D ActivityTaskManager: TaskLaunchParamsModifier:task=null activity=null display-area-token-from-option=DefaultTaskDisplayArea_d0@217949894 display-id=0 task-display-area-windowing-mode=1 suggested-display-area=DefaultTaskDisplayArea_d0@217949894
01-23 11:49:17.775  3864  3864 D SearcleManager: startSearcleByHomeKey isInstalledCTSApp = UNINSTALLED
01-23 11:49:17.775  2775  2902 W ActivityStartInterceptor: Starting home with component specified, uid=0
01-23 11:49:17.775 15282 15282 I SAMSUNGWALLET: [Hint_PayHintService] onReceive() action=android.intent.action.CLOSE_SYSTEM_DIALOGS
01-23 11:49:17.775  3864  3864 V ShellDragAndDrop: Receive android.intent.action.CLOSE_SYSTEM_DIALOGS
01-23 11:49:17.775  2775  3447 D VibrationThread: Playing vibration id 60228 on vibrator 0 CompleteEffectVibratorStep
01-23 11:49:17.775  2775  3447 D VibrationThread: Running complete vibration step on vibrator 0
01-23 11:49:17.775  2775  3447 D VibrationThread: Playing vibration id 60228 on vibrator 0 TurnOffVibratorStep
01-23 11:49:17.775  2775  3447 D VibrationThread: Turning off vibrator 0
01-23 11:49:17.775  3864  3965 V ShellDragAndDrop: Do not update drop target window visibility: window is already set to 4.
01-23 11:49:17.776  2775  2902 W OptProp : Cannot read opt property android.window.PROPERTY_COMPAT_ALLOW_RESIZEABLE_ACTIVITY_OVERRIDES
01-23 11:49:17.776  1780  1780 E SecVibrator-HAL-AIDL-CORE: V_2_0: Vibrator off
01-23 11:49:17.776  2775  2902 W OptProp : Cannot read opt property android.window.PROPERTY_COMPAT_ALLOW_MIN_ASPECT_RATIO_OVERRIDE
01-23 11:49:17.776  1780  1780 E SecVibrator-HAL-AIDL-CORE: HW_API: do_off
01-23 11:49:17.776  1780  1780 E SecVibrator-HAL-AIDL-CORE: HW_API: [triggerForceFeedbackVibration]on: 0
01-23 11:49:17.776  2775  3447 D VibrationThread: Vibration 60228 finished with EndInfo{status=FINISHED, endedBy=null}
01-23 11:49:17.776  2775  3447 D VibrationThread: Playing vibration id 60228 FinishSequentialEffectStep (cleanup)
01-23 11:49:17.776  2775  3447 D VibrationThread: FinishSequentialEffectStep for effect #0
01-23 11:49:17.776  3864  3864 D PopupUI.PopupUI: PopupUIReceiver.onReceive() action : android.intent.action.CLOSE_SYSTEM_DIALOGS
01-23 11:49:17.776  2775  2902 D WindowManager: Transition is created, t=TransitionRecord{7e48333 id=-1 type=OPEN flags=0x0}, caller=com.android.server.wm.Transition.<init>:182 com.android.server.wm.TransitionController.createAndStartCollecting:106 com.android.server.wm.ActivityStarter.executeRequest:3606 com.android.server.wm.ActivityStarter.execute:1752 com.android.server.wm.RootWindowContainer.startHomeOnTaskDisplayArea:391
01-23 11:49:17.776  2775  2902 D BLASTSyncEngine: SyncGroup is created, id=22958, name=Transition-OPEN, caller=com.android.server.wm.BLASTSyncEngine$SyncGroup.<init>:52 com.android.server.wm.TransitionController.moveToCollecting:79 com.android.server.wm.TransitionController.createAndStartCollecting:109 com.android.server.wm.ActivityStarter.executeRequest:3606 com.android.server.wm.ActivityStarter.execute:1752 com.android.server.wm.RootWindowContainer.startHomeOnTaskDisplayArea:391 com.android.server.wm.RootWindowContainer$$ExternalSyntheticLambda31.apply:23
01-23 11:49:17.776  2775  2902 W BLASTSyncEngine: setSyncMethod, id=22958, method=0, caller=com.android.server.wm.TransitionController.moveToCollecting:91 com.android.server.wm.TransitionController.createAndStartCollecting:109 com.android.server.wm.ActivityStarter.executeRequest:3606
01-23 11:49:17.776  3864  3864 D SimTrayProtectionViewModel: dismiss : isFoldedState()falseisRemoveSimtray() : true
01-23 11:49:17.777  2775  2902 V WindowManager: Start collecting in Transition: TransitionRecord{7e48333 id=22958 type=OPEN flags=0x0}, caller=com.android.server.wm.TransitionController.createAndStartCollecting:109 com.android.server.wm.ActivityStarter.executeRequest:3606 com.android.server.wm.ActivityStarter.execute:1752 com.android.server.wm.RootWindowContainer.startHomeOnTaskDisplayArea:391 com.android.server.wm.RootWindowContainer$$ExternalSyntheticLambda31.apply:23
01-23 11:49:17.777  2775  3447 D VibratorManagerService: VibrationThread released vibration 60228
01-23 11:49:17.777  2775  3447 D VibratorManagerService: Finish AppOp mode VIBRATE for uid 1000 and package android
01-23 11:49:17.777  2775  2902 V WindowManager: Collecting in transition 22958: ActivityRecord{146249456 u0 com.sec.android.app.launcher/.activities.LauncherActivity, caller=com.android.server.wm.TransitionController.collect:7 com.android.server.wm.ActivityStarter.startActivityUnchecked:98 com.android.server.wm.ActivityStarter.executeRequest:3651 com.android.server.wm.ActivityStarter.execute:1752 com.android.server.wm.RootWindowContainer.startHomeOnTaskDisplayArea:391
01-23 11:49:17.777  2775  2902 D ActivityTaskManager: DesktopModeLaunchParamsModifier: task=null activity=ActivityRecord{146249456 u0 com.sec.android.app.launcher/.activities.LauncherActivity t-1} task null, skipping
01-23 11:49:17.777  2775  2902 D ActivityTaskManager: TaskLaunchParamsModifier:task=null activity=ActivityRecord{146249456 u0 com.sec.android.app.launcher/.activities.LauncherActivity t-1} display-area-token-from-option=DefaultTaskDisplayArea_d0@217949894 display-id=0 task-display-area-windowing-mode=1 suggested-display-area=DefaultTaskDisplayArea_d0@217949894
01-23 11:49:17.777  2775  2902 D ActivityTaskManager: DesktopModeLaunchParamsModifier: task=Task{c776e05 #29189 type=home I=com.sec.android.app.launcher/.activities.LauncherActivity} activity=ActivityRecord{146249456 u0 com.sec.android.app.launcher/.activities.LauncherActivity t-1} non-desktop, skipping
01-23 11:49:17.777  2775  3447 D VibratorManagerService: Vibration for uid=1000 and with attrs=VibrationAttributes{mUsage=TOUCH, mAudioUsage= USAGE_UNKNOWN, mFlags=0, tags=} ended with status FINISHED
01-23 11:49:17.777  2775  2902 D ActivityTaskManager: TaskLaunchParamsModifier:task=Task{c776e05 #29189 type=home I=com.sec.android.app.launcher/.activities.LauncherActivity} activity=ActivityRecord{146249456 u0 com.sec.android.app.launcher/.activities.LauncherActivity t-1} display-area-token-from-option=DefaultTaskDisplayArea_d0@217949894 display-id=0 task-display-area-windowing-mode=1 suggested-display-area=DefaultTaskDisplayArea_d0@217949894 non-freeform-task-display-area display-area=DefaultTaskDisplayArea_d0@217949894 default-portrait freeform-size-mismatch=Rect(108, 752 - 1332, 2312)
01-23 11:49:17.778  2775  2902 D ActivityTaskManager: DesktopModeLaunchParamsModifier: task=Task{c776e05 #29189 type=home I=com.sec.android.app.launcher/.activities.LauncherActivity} activity=ActivityRecord{146249456 u0 com.sec.android.app.launcher/.activities.LauncherActivity t-1} non-desktop, skipping
01-23 11:49:17.778  2775  2902 D ActivityTaskManager: TaskLaunchParamsModifier:task=Task{c776e05 #29189 type=home I=com.sec.android.app.launcher/.activities.LauncherActivity} activity=ActivityRecord{146249456 u0 com.sec.android.app.launcher/.activities.LauncherActivity t-1} display-area-token-from-option=DefaultTaskDisplayArea_d0@217949894 display-id=0 task-display-area-windowing-mode=1 suggested-display-area=DefaultTaskDisplayArea_d0@217949894 non-freeform-task-display-area display-area=DefaultTaskDisplayArea_d0@217949894 default-portrait freeform-size-mismatch=Rect(108, 752 - 1332, 2312)
01-23 11:49:17.779  2775  2902 D ActivityTaskManager: scheduleTopResumedActivityChanged, onTop=false, r=ActivityRecord{185475402 u0 com.android.settings/.SubSettings t33712}, caller=com.android.server.wm.ActivityTaskSupervisor.scheduleTopResumedActivityStateLossIfNeeded:19 com.android.server.wm.ActivityTaskSupervisor.updateTopResumedActivityIfNeeded:20 com.android.server.wm.TaskDisplayArea.positionChildAt:252 com.android.server.wm.WindowContainer.positionChildAt:84 com.android.server.wm.Task.positionChildAt:19 com.android.server.wm.Task.moveToFront:40
01-23 11:49:17.779  2775  2902 V WindowManager: Checking theme of starting window: 0x7f15042a
01-23 11:49:17.779  2775  2902 V WindowManager: Translucent=false Floating=false ShowWallpaper=true Disable=false
01-23 11:49:17.779  2775  2902 D ActivityTaskManager: addStartingWindow: type=0 typeParameter=36
01-23 11:49:17.780  2775  2902 V WindowManager: Collecting in transition 22958: ActivityRecord{185475402 u0 com.android.settings/.SubSettings t33712}, caller=com.android.server.wm.TransitionController.collect:7 com.android.server.wm.ActivityRecord.setVisibility:132 com.android.server.wm.ActivityRecord.makeInvisible:32 com.android.server.wm.EnsureActivitiesVisibleHelper.process:542 com.android.server.wm.TaskFragment.updateActivityVisibilities:12
01-23 11:49:17.780  2775  2902 D WindowManager: prepareSync <SYNC_STATE_WAITING_FOR_DRAW>, mPrepareSyncSeqId=0, win=Window{d8ad0a8 u0 com.android.settings/com.android.settings.SubSettings}
01-23 11:49:17.781  2775  2902 V WindowManager: Collecting in transition 22958: ActivityRecord{162979194 u0 com.sec.android.app.launcher/.activities.LauncherActivity t29189}, caller=com.android.server.wm.TransitionController.collect:7 com.android.server.wm.ActivityRecord.setVisibility:132 com.android.server.wm.TaskFragment.resumeTopActivity:1662 com.android.server.wm.Task.resumeTopActivityInnerLocked:119 com.android.server.wm.Task.resumeTopActivityUncheckedLocked:23
01-23 11:49:17.781  2775  2902 D WindowManager: prepareSync <SYNC_STATE_WAITING_FOR_DRAW>, mPrepareSyncSeqId=0, win=Window{9edd74d u0 com.sec.android.app.launcher/com.sec.android.app.launcher.activities.LauncherActivity}
01-23 11:49:17.781  2775  2902 V WindowManager: Setting visibility of Window{9edd74d u0 com.sec.android.app.launcher/com.sec.android.app.launcher.activities.LauncherActivity}: true, caller=com.android.server.wm.WindowContainer.sendAppVisibilityToClients:19 com.android.server.wm.WindowToken.setClientVisible:48 com.android.server.wm.ActivityRecord.setVisibility:486 com.android.server.wm.TaskFragment.resumeTopActivity:1662 com.android.server.wm.Task.resumeTopActivityInnerLocked:119
01-23 11:49:17.781  2775  2902 D SGM:FgCheckThread: TaskStackListener.onTaskFocusChanged(), taskId=33712, focused=false
01-23 11:49:17.781  2775  2902 D SGM:FgCheckThread: TaskStackListener.onTaskFocusChanged(), taskId=29189, focused=true
01-23 11:49:17.781  4373  4373 I VRI[LauncherActivity]@7eef868: handleAppVisibility mAppVisible = false visible = true
01-23 11:49:17.781  2775  2902 D SGM:FgCheckThread:   sendRunningComponentFocus(), pkgName: com.sec.android.app.launcher, userId: 0
01-23 11:49:17.781  2775  2902 D InputDispatcher: Focused application(0): ActivityRecord{162979194 u0 com.sec.android.app.launcher/.activities.LauncherActivity t29189}
01-23 11:49:17.781  2775  3651 D AS.MultiSoundManager: mForegroundUid = 10158
01-23 11:49:17.781  2775  3523 D SGM:FgCheckThread: onLooperPrepared(), msg: MSG_TASK_FOCUSED, pkgName: com.sec.android.app.launcher, userId: 0
01-23 11:49:17.782  2775  3523 D SGM:FgCheckThread: handleTaskFocused().
01-23 11:49:17.782  2775  3523 D SGM:FgCheckThread: sendFocusOutConditionally() - mPrevNotiPkg: KILL_YOURSELF, userId: 0
01-23 11:49:17.782  2775  3523 D SGM:FgCheckThread:   handleTaskFocused(), pkgName: com.sec.android.app.launcher, userID:0 mResumedPkgMap does not containsKey.
01-23 11:49:17.782  2775  2902 D WindowManager: Changing focus from Window{d8ad0a8 u0 com.android.settings/com.android.settings.SubSettings} to null displayId=0 Callers=com.android.server.wm.ActivityTaskManagerService.setLastResumedActivityUncheckLocked:264 com.android.server.wm.ActivityTaskSupervisor.updateTopResumedActivityIfNeeded:51 com.android.server.wm.TaskFragment.setResumedActivity:30 com.android.server.wm.ActivityRecord.setState:100
01-23 11:49:17.782  2775  2902 V SystemKeyManager: updateFocusedWindow() is called,
01-23 11:49:17.782  2775  2902 V WindowManager: rotationForOrientation(orient=SCREEN_ORIENTATION_UNSPECIFIED (-1), last=ROTATION_0 (0)); user=ROTATION_0 (0) USER_ROTATION_LOCKED
01-23 11:49:17.782  2775  2902 D WindowManager: rotationForOrientation, orientationSource=ActivityRecord{162979194 u0 com.sec.android.app.launcher/.activities.LauncherActivity t29189}
01-23 11:49:17.782  2775  2902 V WindowManager: Computed rotation=ROTATION_0 (0) for display id=0 based on lastOrientation=SCREEN_ORIENTATION_UNSPECIFIED (-1) and oldRotation=ROTATION_0 (0), caller=com.android.server.wm.DisplayRotation.updateOrientation:79 com.android.server.wm.DisplayContent.updateOrientation:41 com.android.server.wm.DisplayContent.updateOrientationAndComputeConfig:48 com.android.server.wm.RootWindowContainer.ensureVisibilityAndConfig:7 com.android.server.wm.TaskFragment.resumeTopActivity:1724 com.android.server.wm.Task.resumeTopActivityInnerLocked:119
01-23 11:49:17.783  2775  2902 D WindowManagerServiceExt: updateTaskbarTargetIfNeeded: reset
01-23 11:49:17.783  2775  2902 V WindowManager: Collecting in transition 22958: ActivityRecord{146249456 u0 com.sec.android.app.launcher/.activities.LauncherActivity t-1}, caller=com.android.server.wm.Transition.collectExistenceChange:40 com.android.server.wm.ActivityStarter.handleStartResult:761 com.android.server.wm.ActivityStarter.startActivityUnchecked:124 com.android.server.wm.ActivityStarter.executeRequest:3651 com.android.server.wm.ActivityStarter.execute:1752
01-23 11:49:17.783  2775  2902 V WindowManager: Requesting StartTransition: TransitionRecord{7e48333 id=22958 type=OPEN flags=0x0 c=[
01-23 11:49:17.783  2775  2902 V WindowManager:    ChangeInfo{bd55eee container=Task{1353dd8 #1 type=home} flags=0x0}
01-23 11:49:17.783  2775  2902 V WindowManager:    ChangeInfo{6da1f8f container=Task{2b219a4 #33712 type=standard A=1000:com.android.settings.root} flags=0x0}
01-23 11:49:17.783  2775  2902 V WindowManager:    ChangeInfo{817321c container=ActivityRecord{146249456 u0 com.sec.android.app.launcher/.activities.LauncherActivity t-1} flags=0x0}
01-23 11:49:17.783  2775  2902 V WindowManager:    ChangeInfo{cd0e25 container=TaskFragment{9833443 mode=fullscreen} flags=0x0}
01-23 11:49:17.783  2775  2902 V WindowManager:    ChangeInfo{73c7bfa container=Display{#0 state=ON size=1440x3120 ROTATION_0} flags=0x0}
01-23 11:49:17.783  2775  2902 V WindowManager:    ChangeInfo{fe325ab container=ActivityRecord{162979194 u0 com.sec.android.app.launcher/.activities.LauncherActivity t29189} flags=0x0}
01-23 11:49:17.783  2775  2902 V WindowManager:    ChangeInfo{6735408 container=ActivityRecord{185475402 u0 com.android.settings/.SubSettings t33712} flags=0x0}
01-23 11:49:17.783  2775  2902 V WindowManager:    ChangeInfo{8e567a1 container=Task{c776e05 #29189 type=home I=com.sec.android.app.launcher/.activities.LauncherActivity} flags=0x0}
01-23 11:49:17.783  2775  2902 V WindowManager:    ChangeInfo{6c65dc6 container=DefaultTaskDisplayArea_d0@217949894 flags=0x0}
01-23 11:49:17.783  2775  2902 V WindowManager: ]
01-23 11:49:17.783  2775  2902 V WindowManager: }, caller=com.android.server.wm.ActivityStarter.handleStartResult:982 com.android.server.wm.ActivityStarter.startActivityUnchecked:124 com.android.server.wm.ActivityStarter.executeRequest:3651 com.android.server.wm.ActivityStarter.execute:1752 com.android.server.wm.RootWindowContainer.startHomeOnTaskDisplayArea:391
01-23 11:49:17.784  2775  2902 D SurfaceComposerClient: setCornerRadius ## 9edd74d com.sec.android.app.launcher/com.sec.android.app.launcher.activities.LauncherActivity#159 cornerRadius=0.000000
01-23 11:49:17.784  3864  3864 D LocationControllerImpl: onReceive() = android.intent.action.CLOSE_SYSTEM_DIALOGS
01-23 11:49:17.784  3864  3965 V WindowManagerShell: Transition requested (#22958): android.os.BinderProxy@1c96fbd TransitionRequestInfo { type = OPEN, triggerTask = TaskInfo{userId=0 taskId=29189 effectiveUid=10158 displayId=0 isRunning=true baseIntent=Intent { act=android.intent.action.MAIN cat=[android.intent.category.HOME] flg=0x10000100 cmp=com.sec.android.app.launcher/.activities.LauncherActivity } baseActivity=ComponentInfo{com.sec.android.app.launcher/com.sec.android.app.launcher.Launcher} topActivity=ComponentInfo{com.sec.android.app.launcher/com.sec.android.app.launcher.Launcher} origActivity=ComponentInfo{com.sec.android.app.launcher/com.sec.android.app.launcher.activities.LauncherActivity} realActivity=ComponentInfo{com.sec.android.app.launcher/com.sec.android.app.launcher.Launcher} numActivities=1 lastActiveTime=1499684032 supportsMultiWindow=true resizeMode=2 isResizeable=true minWidth=-1 minHeight=-1 maxWidth=-1 maxHeight=-1 defaultMinSize=220 desktopDefaultMinSize=304 token=WCT{android.window.IWindowContainerToken$Stub$Proxy@bfe59b2} topActivityType=2 pictureInPictureParams=null shouldDockBigOverlays=false launchIntoPipHostTaskId=-1 lastParentTaskIdBeforePip=-1 displayCutoutSafeInsets=Rect(0, 0 - 0, 0) topActivityInfo=ActivityInfo{c4c9d03 com.sec.android.app.launcher.activities.LauncherActivity} launchCookies=[] positionInParent=Point(0, 0) parentTaskId=-1 isFocused=true isVisible=false isVisibleRequested=true isTopActivityNoDisplay=false isSleeping=false locusId=null displayAreaFeatureId=1 isTopActivityTransparent=false isActivityStackTransparent=false lastNonFullscreenBounds=Rect(108, 752 - 1332, 2312) capturedLink=null capturedLinkTimestamp=0 requestedVisibleTypes=-9 topActivityRequestOpenInBrowserEducationTimestamp=0 appCompatTaskInfo=AppCompatTaskInfo { topActivityInSizeCompat=false eligibleForLetterboxEducation= false isLetterboxEducationEnabled= false isLetterboxDoubleTapEnabled= false eligibleForUserAspectRatioButton= false topActivityBoundsLetterboxed= false isFromLetterboxDoubleTap= false topActivityLetterboxVerticalPosition= -1 topActivityLetterboxHorizontalPosition= -1 topActivityLetterboxWidth=-1 topActivityLetterboxHeight=-1 topActivityAppBounds=Rect(0, 0 - 1440, 3120) isUserFullscreenOverrideEnabled=false isSystemFullscreenOverrideEnabled=false hasMinAspectRatioOverride=false topActivityLetterboxBounds=null cameraCompatTaskInfo=CameraCompatTaskInfo { freeformCameraCompatMode=inactive} topActivityBounds=null topActivityInDisplayCompat=false singleTapFromLetterbox=false} topActivityMainWindowFrame=null originallySupportedMultiWindow=true hasWallpaper=false rootAffinity=null isTopTaskInStage=false CoverLauncherWidgetTask=false LaunchedFromAppsCoverLauncherTask=false LaunchedFromMultistarCoverLauncherTask=false isAllowedSeamlessRotation=false isTopTransparentActivity=true isAliasManaged=false hasConfigChanged=false snappingGuideBounds=null isAiKeyRemoveAppTask=false lastDesktopWindowingBounds=null lastExternalDesktopWindowingBounds=null safeCutoutInsets=null}, pipChange = null, remoteTransition = null, displayChange = null, flags = 0, debugId = 22958 }
01-23 11:49:17.784  3864  3965 V ShellDesktopMode: DesktopTasksController: isDesktopModeShowing: hasVisibleTasks=false hasTopTransparentFullscreenTask=false
01-23 11:49:17.784  3864  3965 V ShellDesktopMode: DesktopTasksController: isDesktopModeShowing: hasVisibleTasks=false hasTopTransparentFullscreenTask=false
01-23 11:49:17.784  3864  3965 D ShellSplitScreen: logExit: no-op, mLoggerSessionId is null
01-23 11:49:17.784  3864  3965 D ShellDesktopMode: handleRequest: TransitionRequestInfo {type=1, tid=29189, debugId=22958}
01-23 11:49:17.784  3864  3965 V ShellDesktopMode: DesktopTasksController: skipping handleRequest reason=activityType not handled (2)
01-23 11:49:17.784  4373  4373 I VRI[LauncherActivity]@7eef868: stopped(false) old = true
01-23 11:49:17.785  2775  2902 I Pageboost: stop alp
01-23 11:49:17.785  2775  2902 I ActivityTaskManager: START u0 {act=android.intent.action.MAIN cat=[android.intent.category.HOME] flg=0x10000100 cmp=com.sec.android.app.launcher/.activities.LauncherActivity (has extras)} with LAUNCH_SINGLE_TASK from uid 0 (BAL_ALLOW_ALLOWLISTED_UID) result code=2
01-23 11:49:17.785  2775  2902 I SemDvfsHyPerManager: acquire hyper - AMS_APP_LAUNCH/2775@19, type = -999
01-23 11:49:17.785  4373  4373 I HoneySpace.Launcher: !@Boot_EBS_D: Launcher.onStart()
01-23 11:49:17.786  2775  6325 V WindowManager: Starting Transition 22958, caller=com.android.server.wm.WindowOrganizerController.startTransition:47 com.android.server.wm.WindowOrganizerController.startTransition:1 android.window.IWindowOrganizerController$Stub.onTransact:259
01-23 11:49:17.786  4990  4990 E pageboostd: Received HALT command code 2
01-23 11:49:17.786  2775  4776 D ActivityTaskManager: scheduleTopResumedActivityChanged, onTop=true, r=ActivityRecord{162979194 u0 com.sec.android.app.launcher/.activities.LauncherActivity t29189}, caller=com.android.server.wm.ActivityTaskSupervisor.scheduleTopResumedActivityStateIfNeeded:18 com.android.server.wm.ActivityTaskSupervisor.handleTopResumedStateReleased:44 com.android.server.wm.ActivityClientController.activityTopResumedStateLost:14 android.app.IActivityClientController$Stub.onTransact:716 com.android.server.wm.ActivityClientController.onTransact:1 android.os.Binder.execTransactInternal:1462
01-23 11:49:17.787  2775  2904 D SGM:FgCheckThread: notePauseComponent(), received pkgName: com.android.settings, userId: 0
01-23 11:49:17.787  2775  3680 I CocktailBarManagerServiceContainer: handleMessage: entry what = 6
01-23 11:49:17.787  2775  3680 I CocktailBarManagerServiceImpl: notePauseComponent : no active host
01-23 11:49:17.787  2775  6321 I ActivityManager: Changes in 10158 5 to 2, 184 to 255
01-23 11:49:17.788  2775  3692 D BackgroundInstallControlService: Package event received: 0
01-23 11:49:17.789  2775  2904 V Configuration: Updating configuration, locales updated from [] to [fr_CH]
01-23 11:49:17.789  2775  2902 D PkgPredictorService-SecIpmManagerServiceImpl: onForegroundActivitiesChanged pid:4373 uid:10158
01-23 11:49:17.789  2775  4771 V PkgPredictorService-SecIpmManagerServiceImpl: discard foreground app:com.sec.android.app.launcher 1|true
01-23 11:49:17.790  2775  2904 V Configuration: Updating configuration, locales updated from [] to [fr_CH]
01-23 11:49:17.790  2775  2904 D EnterpriseDeviceManagerService: isMdmAdminPresentInternal() : MDM Admin Found - com.samsung.knox.securefolder
01-23 11:49:17.791  2775  2902 D SGM:GameManager: identifyForegroundApp. com.sec.android.app.launcher, mCurrentUserId: 0, callerUserId: 0
01-23 11:49:17.791  2775  2902 D SGM:SemGameManager: isForegroundGame(), ret=false
01-23 11:49:17.791  2775  2902 D NetworkPolicy: already checked 10158
01-23 11:49:17.791  2775  2902 D SGM:GameManager: identifyForegroundApp. com.sec.android.app.launcher, mCurrentUserId: 0, callerUserId: 0
01-23 11:49:17.791  2775  2902 D SGM:SemGameManager: isForegroundGame(), ret=false
01-23 11:49:17.791  2775  2902 D NetworkPolicy: already checked 10158
01-23 11:49:17.791  2775  2904 D SGM:FgCheckThread: noteResumeComponent(), received pkgName: com.sec.android.app.launcher, userId: 0
01-23 11:49:17.791 15282 28303 I SAMSUNGWALLET: [Hint_ProcessStatusChange] fg Change, pid : 4373 , isNotify : true , isForeground : true , fg list : []
01-23 11:49:17.791 16404 16470 I Rubin   : [6089] A8.b.A(Unknown Source) : Notify com.samsung.android.rubin.inferenceengine.contextanalytics.engine.loggers.AppUsageLogger's database is updated.
01-23 11:49:17.792  2775  3523 D SGM:FgCheckThread: onLooperPrepared(), msg: MSG_APP_RESUME, pkgName: com.sec.android.app.launcher, userid: 0
01-23 11:49:17.792  2775  3523 D SGM:FgCheckThread: handleResume().
01-23 11:49:17.792  2775  3523 D SGM:FgCheckThread: sendFocusOutConditionally() - mPrevNotiPkg: KILL_YOURSELF, userId: 0
01-23 11:49:17.792  2775  3523 D SGM:FgCheckThread:   handleResume(). pkgName: com.sec.android.app.launcher, userId: 0, category: non-game
01-23 11:49:17.792  2775  3523 D SGM:FgCheckThread: notifyFocusInOut(). of pkg: com.sec.android.app.launcher, type: 4, isSecGameFamily: false, userId: 0
01-23 11:49:17.792  2775  3523 D SGM:FgCheckThread:   notifyFocusInOut(). do nothing
01-23 11:49:17.792  2775  3523 D SGM:SystemHelper: callReleaseBlock needReleaseBlock:false
01-23 11:49:17.792  2775  4776 D SGM:GameManager: identifyForegroundApp. com.sec.android.app.launcher, mCurrentUserId: 0, callerUserId: 0
01-23 11:49:17.793  4373 23993 I HoneySpace.RecentTasks: onRecentTasksChanged
01-23 11:49:17.793  5660  5694 V OsAgent : broadcastSystemEvent - 7
01-23 11:49:17.794  1833  1833 I SurfaceFlinger: [Display 0 name="Écran intégré"#49] setFrameRateCategory: High
01-23 11:49:17.794 24412 24412 I AppContextHelper: unRegisterStateHandlerCallback() by DevelopmentSettingsDashboardFragment
01-23 11:49:17.794 24412 24412 W ElapsedTimeUtils: getElapsedTime: sSuwFinishedTimeStamp is null
01-23 11:49:17.794  2775  6325 D SGM:GameManager: identifyGamePackage. com.sec.android.app.launcher, mCurrentUserId: 0, callingMethodInfo: com.samsung.android.game.IGameManagerService$Stub.onTransact(IGameManagerService.java:247)
01-23 11:49:17.794  1833  1833 I BpBinder: onLastStrongRef automatically unlinking death recipients:
01-23 11:49:17.795 16404 16470 I Rubin   : [6089] com.samsung.android.rubin.inferenceengine.contextanalytics.engine.monitors.moment.exercise.ExercisingWithCmhMonitor.isSatisfiedByCmh(Unknown Source) : isSatisfiedByCmh is false
01-23 11:49:17.795  7303 13425 I [AirCmd]_ActivitySwitchDetector: onTaskFocusChanged : taskId=29189, componentName=ComponentInfo{com.sec.android.app.launcher/com.sec.android.app.launcher.Launcher}
01-23 11:49:17.795  7303 13425 I [AirCmd]_ActivitySwitchDetector: onTaskFocusChanged :mTopMostActivity = ComponentInfo{com.android.settings/com.android.settings.SubSettings}
01-23 11:49:17.795  7508 14201 I SDHMS:k : handleResumeComponent : put = com.sec.android.app.launcher, userid = 0 instanceid =36780171
01-23 11:49:17.796  2775  3680 I CocktailBarManagerServiceContainer: handleMessage: entry what = 5
01-23 11:49:17.796  2775  3680 I CocktailBarManagerServiceImpl: noteResumeComponent : no active host
01-23 11:49:17.797 15282 16461 I SAMSUNGWALLET: [Hint_SimpleHintProcessMonitor] isHomePackageRunning topPkgName = com.sec.android.app.launcher, topClsName = com.sec.android.app.launcher.Launcher, return true , se : true
01-23 11:49:17.798  4373 20331 I HoneySpace.LauncherProvider: call - android.uid.systemui:10051, get_internal_Dex_status, internal_dex_status
01-23 11:49:17.798  4373 20331 I HoneySpace.ExternalMethodItem: undefined - param is null
01-23 11:49:17.798  2775  2904 W ProcessStats: Tracking association SourceState{16f4ae com.samsung.android.carkey/10116 ImpBg #2172744} whose proc state 6 is better than process ProcessState{7258f0c com.skms.android.agent:remote/1000 pkg=com.skms.android.agent} proc state 14 (2 skipped)
01-23 11:49:17.798  7303 13425 I [AirCmd]_CallbackRepeater: stopRepeat : isWorking=false
01-23 11:49:17.798  7303 13425 I [AirCmd]_MediaControlStateMonitor: isForegroundAppSupportsMediaButton : mediaSession is empty
01-23 11:49:17.798  3864  3965 D WindowManagerShell: onActivityRestartAttempt: topActivity=ComponentInfo{com.sec.android.app.launcher/com.sec.android.app.launcher.Launcher}, wasVisible=false
01-23 11:49:17.798  2775  2904 I DisplayDeviceRepository: Display device changed render timings: "Écran intégré", renderFrameRate=60.000004, presentationDeadlineNanos=17666666, appVsyncOffsetNanos=16666666, frameRateOverrides=[{uid=1000 frameRateHz=60.000004}, {uid=10051 frameRateHz=60.000004}]
01-23 11:49:17.798  7303 13425 E [AirCmd]_MediaControlStateMonitor: getActiveNotificationPackageName : notification service monitor is null
01-23 11:49:17.798  7303 13425 I [AirCmd]_ButtonEventDetectionThread: enableDoubleClickDetection: enabled= true, doubleClickWaitInterval=300
01-23 11:49:17.799  2775  2905 D SurfaceComposerClient: setCornerRadius ## 9edd74d com.sec.android.app.launcher/com.sec.android.app.launcher.activities.LauncherActivity#159 cornerRadius=0.000000
01-23 11:49:17.799  2775  5137 I ActivityManager: Changes in 99282 19 to 3, 128 to 184
01-23 11:49:17.799  2775  4950 D LiftUpHandler: [LTW] Stopped already.
01-23 11:49:17.799  1811  7191 D AudioFlinger: setParameters: filtered dev setParameters keyvalue screen_state=on
01-23 11:49:17.800  1662 23798 D AHAL: AudioDevice: SetParameters: 1865: enter
01-23 11:49:17.800  1662 23798 D AHAL: AudioVoice: VoiceSetParameters: 200: Enter
01-23 11:49:17.800  1662 23798 D AHAL: AudioVoice: VoiceSetParameters: 479: Exit ret: 0
01-23 11:49:17.800  1662 23798 D AHAL: hfp: hfp_set_parameters: 444: enter
01-23 11:49:17.800  1662 23798 D AHAL: AudioDevice: SetParameters: 1945:  - screen = on
01-23 11:49:17.800  1662 23798 I PAL: ResourceManager: setParameter: 10683: Screen State:1
01-23 11:49:17.800  1662 23798 D AHAL: AudioDevice: SetParameters: 2798: exit: screen_state=on
01-23 11:49:17.800  2775  2775 D SGM:GameManager: onDisplayChanged. displyId: 0, state: 2
01-23 11:49:17.800  2775  2775 D SGM:GameManager: dpi: 560, longPixel: 3120, shortPixel: 1440
01-23 11:49:17.800  2775  2775 D AODManagerService: requestReCalToTSP IsSingleTouchMode = falserequestedReCalToTSP = false / previousDisplayState = ON
01-23 11:49:17.801 15282 31419 I SAMSUNGWALLET: [Hint_ProcessStatusChange] fg Change, pid : 4373 , isNotify : false , isForeground : true , fg list : []
01-23 11:49:17.801  4373  4373 I HoneySpace.OneUiSpace: onNewIntent() intent: Intent { act=android.intent.action.MAIN cat=[android.intent.category.HOME] flg=0x10400100 cmp=com.sec.android.app.launcher/.activities.LauncherActivity (has extras) }
01-23 11:49:17.801  2178  2178 I CameraService: onUidStateChanged: uid=10263, procState is changed. (5 -> 3)
01-23 11:49:17.801  4373  4373 I HoneySpace.OneUiSpace: isLaunchAllAppsAction() action: null, isHomeOnly: false, currentHoneyScreen: HOME
01-23 11:49:17.801 13693 13693 I bosi    : onStart
01-23 11:49:17.801  4373  4373 I HoneySpace.HomescreenPot: onHomeKeyClick
01-23 11:49:17.801  2775  3651 D AS.DesktopModeHelper: onDisplayChanged: #Id=0
01-23 11:49:17.802  4373  4373 I HoneySpace.HoneyScreenManagerImpl: gotoScreen honeyState=com.honeyspace.sdk.HomeScreen$Normal@c0932c0 com.honeyspace.sdk.HomeScreen$Normal@c0932c0
01-23 11:49:17.802  4373  4373 I HoneySpace.HomescreenPot: changeState, com.honeyspace.sdk.HomeScreen$Normal@c0932c0, cancelOpen: false reapplyState: false
01-23 11:49:17.802  4373  4511 I HoneySpace.SALoggingUtils: SA Logging screenID: 201 eventId: 2006 detail: {det=2} value: -1
01-23 11:49:17.802  2178  2178 I CameraService: onUidStateChanged: uid=10261, procState is changed. (5 -> 3)
01-23 11:49:17.802  4373  4373 I HoneySpace.HomescreenPot: updateChangeState? false, changedState = com.honeyspace.sdk.HomeScreen$Normal@c0932c0
01-23 11:49:17.802  4373  4373 I HoneySpace.BackgroundManagerImpl: checkAndUpdateBackgroundEffect: com.honeyspace.sdk.HomeScreen$Normal@c0932c0, ch=261992333, forceApply=false
01-23 11:49:17.803  4373  4373 I HoneySpace.Launcher: !@Boot_EBS_D: Launcher.onResume()
01-23 11:49:17.803  5660  5694 V OsAgent : broadcastSystemEvent - 7
01-23 11:49:17.803  5660  5694 V OsAgent : broadcastSystemEvent - 7
01-23 11:49:17.803  5660  5694 V OsAgent : broadcastSystemEvent - 7
01-23 11:49:17.803  5660  5694 V OsAgent : broadcastSystemEvent - 7
01-23 11:49:17.803  2775  3523 D SGM:FgCheckThread: onLooperPrepared(), msg: MSG_LCD_ON
01-23 11:49:17.804  4373  4373 I HoneySpace.Launcher: updateLauncherShowing false -> true
01-23 11:49:17.804  4373 23976 I HoneySpace.Memory-Monitor: cancelTrimIfNeeded
01-23 11:49:17.804 15282 15282 I SAMSUNGWALLET: [Hint_PayHintService] Hint Status - already invisible, skip hide : [4000000] - 4000000
01-23 11:49:17.804  4373 21175 I HoneySpace.Memory-Monitor: updateMaxHeap isHighScreenSize=true
01-23 11:49:17.804  4373 21175 I HoneySpace.Memory-Monitor: PROPERTY_HOME_MEMORY_CACHE_LEVEL: -1
01-23 11:49:17.804  4373 21175 I HoneySpace.Memory-Monitor: updateGraphicResourceCache curMemoryCacheLevel=0
01-23 11:49:17.804  4373 21175 I HoneySpace.PredictionDataSourceImpl: requestPredictionUpdate 0 true
01-23 11:49:17.804  4373  4373 I HoneySpace.ShellTransitionManager: myHomeResumed
01-23 11:49:17.804  4373  4373 I HoneySpace.ResumeTimer: last resume updated : 888855245
01-23 11:49:17.804  4373 21175 I HoneySpace.PredictionDataSourceImpl: requestPredictionUpdate 1 true
01-23 11:49:17.805  4373  7766 I HoneySpace.HoneyAppWidgetHost: called startListening, host: db61554, hostId: 1024
01-23 11:49:17.805  4373  4373 I SearchHoneyPot: onViewCreated: onResume
01-23 11:49:17.805 15282 15282 I SAMSUNGWALLET: [Hint_PayHintService] onReceive() action=android.intent.action.CLOSE_SYSTEM_DIALOGS
01-23 11:49:17.806  4373  7766 I AppWidgetHost: semStartListening()
01-23 11:49:17.806  2775  5137 I AppWidgetServiceImpl: startListening()
01-23 11:49:17.806  2775  5137 I AppWidgetServiceImpl: startListening callbacks : com.android.internal.appwidget.IAppWidgetHost$Stub$Proxy@5b47b49 intervalEnsure:1499684057 intervalHostLock:1499684057 LhostId:HostId{user:0, app:10158, hostId:1024, pkg:com.sec.android.app.launcher}
01-23 11:49:17.806  2775  5137 I AppWidgetServiceImpl: startListening() finish
01-23 11:49:17.806  2775  3692 D BackgroundInstallControlService: Package event received: 0
01-23 11:49:17.806  2775  3692 D BackgroundInstallControlService: Package event received: 0
01-23 11:49:17.806  2775  3692 D BackgroundInstallControlService: Package event received: 0
01-23 11:49:17.806  2775  3692 D BackgroundInstallControlService: Package event received: 0
01-23 11:49:17.806  4373 23977 I HoneySpace.LiveIconSupplier: time tick - 42, CLOCK, 11:49 - 11:41, view: #cd1d2ec, parent: ApplistCellLayout#25914a
01-23 11:49:17.806  3864  3864 D SecVolume.VolumePanelStore: dispatch [ACTION_DISMISS_REQUESTED with [STATE_NO_DISPATCH], currentAction={isFromOutside : true}, currentState={activeStream=3(vol=300), stream=3(vol=300) } isSetupWizardComplete : true, isVoiceCapable : true, isHasVibrator : true, isCaptionComponentEnabled : true, timeOut : 3000, activeStream : 3, stream : 3, iconCurrentState : 1, timeOutControls : 0, ringerModeInternal : 0, earProtectLevel : 909, timeOutControlsText : 0, cutoutHeight : 0, pinDevice : 0, iconTargetState : 1, systemTimeNow : 886139694}
01-23 11:49:17.807  3864  3864 D SecVolume.VolumePanelStore:   > New State : [STATE_NO_DISPATCH]
01-23 11:49:17.807  4373  7766 I HoneySpace.HoneyAppWidgetHost: success hidden_semStartListening - result: true, host: db61554, hostId: 1024
01-23 11:49:17.807  4373 23977 I LauncherActivityInfo: Trying to load live icon for com.sec.android.app.clockpackage
01-23 11:49:17.808 13693 13693 I bosi    : onResume
01-23 11:49:17.808  3864  4036 D StackScroller: onDisplayChanged for predraw skip to 2
01-23 11:49:17.808  2775  3035 D AnalyticsContainerHandler: handleMessage : { when=0 what=1 target=com.android.server.knox.KnoxAnalyticsContainer$AnalyticsHandler }
01-23 11:49:17.809  2775  3035 D AnalyticsContainerHandler: handleMessage : { when=0 what=2 target=com.android.server.knox.KnoxAnalyticsContainer$AnalyticsHandler }
01-23 11:49:17.809  4373  7724 I HoneySpace.SPayHandler: updateSpayHandler, show = true, defaultPage = false
01-23 11:49:17.809  2775  5137 I WindowManager: Relayout Window{9edd74d u0 com.sec.android.app.launcher/com.sec.android.app.launcher.activities.LauncherActivity}: viewVisibility=0 req=1440x3120 ty=1 d0
01-23 11:49:17.809  1833  4102 I SurfaceFlinger: id=313935 createSurf, flag=44004, com.sec.android.app.launcher/com.sec.android.app.launcher.activities.LauncherActivity$_4373#313935
01-23 11:49:17.809  2775  5137 D WindowManager: makeSurface duration=0 name=com.sec.android.app.launcher/com.sec.android.app.launcher.activities.LauncherActivity$_4373
01-23 11:49:17.809 15282 15282 I SAMSUNGWALLET: [Hint_PayHintService] onReceive() action=com.sec.android.app.launcher.intent.action.UPDATE_SPAY_HANDLER
01-23 11:49:17.809  2775  5137 D SurfaceComposerClient: setCornerRadius ## 9edd74d com.sec.android.app.launcher/com.sec.android.app.launcher.activities.LauncherActivity#159 cornerRadius=0.000000
01-23 11:49:17.809 15282 15282 I SAMSUNGWALLET: [Hint_PayHintService] home change, s home : true , default : false , gesture : false , s result : true , prev : false
01-23 11:49:17.809  2775  5137 D SurfaceComposerClient: setCornerRadius ## 9edd74d com.sec.android.app.launcher/com.sec.android.app.launcher.activities.LauncherActivity#159 cornerRadius=0.000000
01-23 11:49:17.810  3864  3864 I {OngoingActivityController}: onTaskFocusChanged but OA data is empty
01-23 11:49:17.810  3864  3864 D DisplayLifecycle: updateDisplay id = 0
01-23 11:49:17.810  3864  3864 V ShellDragAndDrop: Receive android.intent.action.CLOSE_SYSTEM_DIALOGS
01-23 11:49:17.810  3864  3864 D PopupUI.PopupUI: PopupUIReceiver.onReceive() action : android.intent.action.CLOSE_SYSTEM_DIALOGS
01-23 11:49:17.810  2775  5137 D WindowManager: Changing focus from null to Window{9edd74d u0 com.sec.android.app.launcher/com.sec.android.app.launcher.activities.LauncherActivity} displayId=0 Callers=com.android.server.wm.WindowManagerService.relayoutWindow:1350 com.android.server.wm.Session.relayout:27 android.view.IWindowSession$Stub.onTransact:829 com.android.server.wm.Session.onTransact:1
01-23 11:49:17.810  2775  5137 I WindowManager: Cancelling animation restarting=true, leash=Surface(name=Surface(name=b4d9bd3 NavigationBar0)/@0x92e9c86 - animation-leash of insets_animation)/@0xc9d8242
01-23 11:49:17.810  2775  5137 I WindowManager: Reparenting to original parent: Surface(name=WindowToken{8fd55d1 type=2019 android.os.BinderProxy@e0dfc5b})/@0x22da947, destroy=false, surface=Surface(name=b4d9bd3 NavigationBar0)/@0x92e9c86
01-23 11:49:17.810  2775  5137 I WindowManager: Reparenting to leash, surface=Surface(name=b4d9bd3 NavigationBar0)/@0x92e9c86, leashParent=Surface(name=WindowToken{8fd55d1 type=2019 android.os.BinderProxy@e0dfc5b})/@0x22da947
01-23 11:49:17.810  1833  3820 I SurfaceFlinger: id=313936 createSurf, flag=24000, Surface(name=b4d9bd3 NavigationBar0)/@0x92e9c86 - animation-leash of insets_animation#313936
01-23 11:49:17.810  2775  6325 D WifiDisplayAdapter: isFitToActiveDisplayLocked : false
01-23 11:49:17.810  2775  5137 D WindowManager: makeSurface duration=0 leash=Surface(name=Surface(name=b4d9bd3 NavigationBar0)/@0x92e9c86 - animation-leash of insets_animation)/@0x2408305
01-23 11:49:17.810  2775  5137 D InsetsSourceProvider: updateControlForTarget: control=InsetsSourceControl: {39d00001 mType=navigationBars initiallyVisible mSurfacePosition=Point(0, 2952) mInsetsHint=Insets{left=0, top=0, right=0, bottom=168}}, target=Window{9edd74d u0 com.sec.android.app.launcher/com.sec.android.app.launcher.activities.LauncherActivity}, from=com.android.server.wm.InsetsStateController.onControlTargetChanged:83 com.android.server.wm.InsetsPolicy.updateBarControlTarget:225 com.android.server.wm.DisplayPolicy.updateSystemBarAttributes:262 com.android.server.wm.WindowManagerService.updateFocusedWindowLocked:372 com.android.server.wm.WindowManagerService.relayoutWindow:1350
01-23 11:49:17.810  2775  5137 I WindowManager: Cancelling animation restarting=true, leash=Surface(name=Surface(name=36e6eff StatusBar)/@0xd593a9d - animation-leash of insets_animation)/@0xce19d89
01-23 11:49:17.810  2775  5137 I WindowManager: Reparenting to original parent: Surface(name=WindowToken{f34861e type=2000 android.os.BinderProxy@e6ebea0})/@0x147fb12, destroy=false, surface=Surface(name=36e6eff StatusBar)/@0xd593a9d
01-23 11:49:17.810  1833  1833 I SurfaceFlinger: [LayerHierarchy{RequestedLayerState{ImeContainer#15 parentId=313878 relativeParentId=313878 z=1} 1 children}] RelativeParent to null
01-23 11:49:17.810  2775  5137 I WindowManager: Reparenting to leash, surface=Surface(name=36e6eff StatusBar)/@0xd593a9d, leashParent=Surface(name=WindowToken{f34861e type=2000 android.os.BinderProxy@e6ebea0})/@0x147fb12
01-23 11:49:17.810  1833  1833 I SurfaceFlinger: [com.sec.android.app.launcher/com.sec.android.app.launcher.activities.LauncherActivity$_4373#313935] attach to parent LayerHierarchy{RequestedLayerState{9edd74d com.sec.android.app.launcher/com.sec.android.app.launcher.activities.LauncherActivity#159 parentId=158} 1 children}
01-23 11:49:17.810  1833  1833 I SurfaceFlinger: [Surface(name=b4d9bd3 NavigationBar0)/@0x92e9c86 - animation-leash of insets_animation#313936] attach to parent LayerHierarchy{RequestedLayerState{WindowToken{8fd55d1 type=2019 android.os.BinderProxy@e0dfc5b}#87 parentId=34} 2 children}
01-23 11:49:17.811  1833  1975 I SurfaceFlinger: id=313937 createSurf, flag=24000, Surface(name=36e6eff StatusBar)/@0xd593a9d - animation-leash of insets_animation#313937
01-23 11:49:17.811  2775  5137 D WindowManager: makeSurface duration=0 leash=Surface(name=Surface(name=36e6eff StatusBar)/@0xd593a9d - animation-leash of insets_animation)/@0x24cd58b
01-23 11:49:17.811  3864  3864 D SimTrayProtectionViewModel: dismiss : isFoldedState()falseisRemoveSimtray() : true
01-23 11:49:17.811  2775  5137 D InsetsSourceProvider: updateControlForTarget: control=InsetsSourceControl: {ae9f0000 mType=statusBars initiallyVisible mSurfacePosition=Point(0, 0) mInsetsHint=Insets{left=0, top=113, right=0, bottom=0}}, target=Window{9edd74d u0 com.sec.android.app.launcher/com.sec.android.app.launcher.activities.LauncherActivity}, from=com.android.server.wm.InsetsStateController.onControlTargetChanged:83 com.android.server.wm.InsetsPolicy.updateBarControlTarget:212 com.android.server.wm.DisplayPolicy.updateSystemBarAttributes:262 com.android.server.wm.WindowManagerService.updateFocusedWindowLocked:372 com.android.server.wm.WindowManagerService.relayoutWindow:1350
01-23 11:49:17.811  3864  3864 D LocationControllerImpl: onReceive() = android.intent.action.CLOSE_SYSTEM_DIALOGS
01-23 11:49:17.811  2775  5137 D WindowManager: updateSystemBarAttributes: displayId=0, focusedCanBeNavColorWin=false, win=Window{9edd74d u0 com.sec.android.app.launcher/com.sec.android.app.launcher.activities.LauncherActivity}, navColorWin=Window{d8ad0a8 u0 com.android.settings/com.android.settings.SubSettings}, caller=com.android.server.wm.WindowManagerService.updateFocusedWindowLocked:372 com.android.server.wm.WindowManagerService.relayoutWindow:1350 com.android.server.wm.Session.relayout:27
01-23 11:49:17.811  2775  5137 D WindowManager: updateSystemBarAttributes, bhv=2, apr=0, statusBarAprRegions=[AppearanceRegion{ bounds=[0,0][1440,3120]}], requestedVisibilities=-9
01-23 11:49:17.811  2775  5137 V SystemKeyManager: updateFocusedWindow() is called, com.sec.android.app.launcher/com.sec.android.app.launcher.activities.LauncherActivity
01-23 11:49:17.811  2775  5137 I WindowManager: Relayout hash=9edd74d, pid=4373, syncId=-1: mAttrs={(0,0)(fillxfill) sim={adjust=nothing forwardNavigation} layoutInDisplayCutoutMode=always ty=BASE_APPLICATION fmt=TRANSPARENT wanim=0x1030306
01-23 11:49:17.811  2775  5137 I WindowManager:   fl=81910100
01-23 11:49:17.811  2775  5137 I WindowManager:   pfl=10008840
01-23 11:49:17.811  2775  5137 I WindowManager:   bhv=2
01-23 11:49:17.811  2775  5137 I WindowManager:   fitSides=0
01-23 11:49:17.811  2775  5137 I WindowManager:   frameRateBoostOnTouch=true
01-23 11:49:17.811  2775  5137 I WindowManager:   dvrrWindowFrameRateHint=true naviIconColor=0}
01-23 11:49:17.812  4373  4373 I InsetsController: onStateChanged: host=com.sec.android.app.launcher/com.sec.android.app.launcher.activities.LauncherActivity, from=android.view.ViewRootImpl.onInsetsStateChanged:3026, state=InsetsState: {mDisplayFrame=Rect(0, 0 - 1440, 3120), mDisplayCutout=DisplayCutout{insets=Rect(0, 112 - 0, 0) waterfall=Insets{left=0, top=0, right=0, bottom=0} boundingRect={Bounds=[Rect(0, 0 - 0, 0), Rect(686, 0 - 754, 112), Rect(0, 0 - 0, 0), Rect(0, 0 - 0, 0)]} cutoutPathParserInfo={CutoutPathParserInfo{displayWidth=1440 displayHeight=3120 physicalDisplayWidth=1440 physicalDisplayHeight=3120 density={3.75} cutoutSpec={M 0,0 H -9.066666666666667 V 29.86666666666667 H 9.066666666666667 V 0 H 0 Z @dp} rotation={0} scale={1.0} physicalPixelDisplaySizeRatio={1.0}}} sideOverrides={}}, mRoundedCorners=RoundedCorners{[RoundedCorner{position=TopLeft, radius=7, center=Point(7, 7)}, RoundedCorner{position=TopRight, radius=7, center=Point(1433, 7)}, RoundedCorner{position=BottomRight, radius=7, center=Point(1433, 3113)}, RoundedCorner{position=BottomLeft, radius=7, center=Point(7, 3113)}]}  mRoundedCornerFrame=Rect(0, 0 - 1440, 3120), mPrivacyIndicatorBounds=PrivacyIndicatorBounds {static bounds=Rect(1286, 0 - 1440, 113) rotation=0}, mDisplayShape=DisplayShape{ spec=1406003047 displayWidth=1440 displayHeight=3120 physicalPixelDisplaySizeRatio=1.0 rotation=0 offsetX=0 offsetY=0 scale=1.0}, mSources= { InsetsSource: {ae9f0000 mType=statusBars mFrame=[0,0][1440,113] mVisible=true mFlags= mSideHint=TOP mBoundingRects=null}, InsetsSource: {ae9f0005 mType=mandatorySystemGestures mFrame=[0,0][1440,154] mVisible=true mFlags= mSideHint=TOP mBoundingRects=null}, InsetsSource: {ae9f0006 mType=tappableElement mFrame=[0,0][1440,113] mVisible=true mFlags= mSideHint=TOP mBoundingRects=null}, InsetsSource: {3 mType=ime mFrame=[0,0][0,0] mVisible=false mFlags= mSideHint=NONE mBoundingRects=null}, InsetsSource: {27 mType=displayCutout mFrame=[0,0][1440,112] mVisible=true mFlags= mSideHint=TOP mBoundingRects=null}, InsetsSource: {39d00001 mType=navigationBars mFrame=[0,2952][1440,3120] mVisible=true mFlags= mSideHint=BOTTOM mBoundingRects=null}, InsetsSource: {39d00004 mType=systemGestures mFrame=[0,0][0,0] mVisible=true mFlags= mSideHint=NONE mBoundingRects=null}, InsetsSource: {39d00005 mType=mandatorySystemGestures mFrame=[0,2952][1440,3120] mVisible=true mFlags= mSideHint=BOTTOM mBoundingRects=null}, InsetsSource: {39d00006 mType=tappableElement mFrame=[0,2952][1440,3120] mVisible=true mFlags= mSideHint=BOTTOM mBoundingRects=null}, InsetsSource: {39d00024 mType=systemGestures mFrame=[0,0][0,0] mVisible=true mFlags= mSideHint=NONE mBoundingRects=null} }
01-23 11:49:17.812  1833  2177 D SurfaceFlinger: [input] setFocusedWindow: <null>
01-23 11:49:17.812  2775  4776 D InputDispatcher: Focus left window (0): d8ad0a8 com.android.settings/com.android.settings.SubSettings
01-23 11:49:17.812  4373 25252 I HoneySpace.LauncherProvider: call - android.uid.systemui:10051, get_internal_Dex_status, internal_dex_status
01-23 11:49:17.812  4373 25252 I HoneySpace.ExternalMethodItem: undefined - param is null
01-23 11:49:17.812  2775  4363 D InputDispatcher: Once focus requested (0): <null>
01-23 11:49:17.812  4373  4373 I BufferQueueProducer: [](id:111500001be5,api:0,p:-107234736,c:4373) setDequeueTimeout:2077252342
01-23 11:49:17.812  3864  3965 V ShellDragAndDrop: Do not update drop target window visibility: window is already set to 4.
