01-23 11:49:18.111  4373  7707 I VRI[LauncherActivity]@7eef868: mWNT: t=0xb400006f59a6b3d0 mBlastBufferQueue=0xb400006eb9b62cc0 fn= 18 HdrRenderState mRenderHdrSdrRatio=1.0 caller= com.android.systemui.shared.launcher.ViewRootImplCompat.mergeWithNextTransaction:4 com.honeyspace.transition.utils.SurfaceTransactionApplier.scheduleApply$lambda$1:16 com.honeyspace.transition.utils.SurfaceTransactionApplier.b:0
01-23 11:49:18.111  1668  1668 I sensors-hal: set_config:60, sample_period_ns is adjusted to 100000000 based on min/max delay_ns
01-23 11:49:18.112  1668  1668 I sensors-hal: batch:363, android.sensor.pressure/61, period=100000000, max_latency=0 request completed
01-23 11:49:18.112  2775  2904 I DisplayDeviceRepository: Display device changed render timings: "Écran intégré", renderFrameRate=60.000004, presentationDeadlineNanos=17666666, appVsyncOffsetNanos=16666666, frameRateOverrides=[{uid=10051 frameRateHz=60.000004}, {uid=10145 frameRateHz=60.000004}, {uid=10158 frameRateHz=60.000004}, {uid=10333 frameRateHz=60.000004}]
01-23 11:49:18.112  2775  2775 D SGM:GameManager: onDisplayChanged. displyId: 0, state: 2
01-23 11:49:18.112  1668  1668 I sensors-hal: activate:300, android.sensor.pressure/61 en=1
01-23 11:49:18.112  1668  1668 I sensors-hal: acquire_qsh_interface:139, acquire_qsh_interface with sensor_id 21 , conn_type 3
01-23 11:49:18.112  2775  2775 D SGM:GameManager: dpi: 560, longPixel: 3120, shortPixel: 1440
01-23 11:49:18.112  2775  4950 D LiftUpHandler: [LTW] Stopped already.
01-23 11:49:18.112  2775  3523 D SGM:FgCheckThread: onLooperPrepared(), msg: MSG_LCD_ON
01-23 11:49:18.113  2775  2775 D AODManagerService: requestReCalToTSP IsSingleTouchMode = falserequestedReCalToTSP = false / previousDisplayState = ON
01-23 11:49:18.113  1811  9001 D AudioFlinger: setParameters: filtered dev setParameters keyvalue screen_state=on
01-23 11:49:18.113  1668  1668 I sensors-hal: worker:51, worker(0xb400007aca6dee10) is created with tid= 24372
01-23 11:49:18.113  1662 23798 D AHAL: AudioDevice: SetParameters: 1865: enter
01-23 11:49:18.113  2775  2905 D SurfaceComposerClient: setCornerRadius ## 9edd74d com.sec.android.app.launcher/com.sec.android.app.launcher.activities.LauncherActivity#159 cornerRadius=0.000000
01-23 11:49:18.113  1662 23798 D AHAL: AudioVoice: VoiceSetParameters: 200: Enter
01-23 11:49:18.113  1662 23798 D AHAL: AudioVoice: VoiceSetParameters: 479: Exit ret: 0
01-23 11:49:18.113  1662 23798 D AHAL: hfp: hfp_set_parameters: 444: enter
01-23 11:49:18.113  1662 23798 D AHAL: AudioDevice: SetParameters: 1945:  - screen = on
01-23 11:49:18.113  1662 23798 I PAL: ResourceManager: setParameter: 10683: Screen State:1
01-23 11:49:18.113  1662 23798 D AHAL: AudioDevice: SetParameters: 2798: exit: screen_state=on
01-23 11:49:18.113  1833  1833 D SurfaceFlinger: Display 4630946315032985731 HWC layers:
01-23 11:49:18.113  1833  1833 D SurfaceFlinger:        DEVICE |           17162689533777 | 00000100 | 0x7fa30c09   |   13.0   28.0 1427.0 3092.0 |    0    0 1440 3120 | Wallpaper BBQ wrapper 7_systemlock#76 (190287)
01-23 11:49:18.113  1833  1833 D SurfaceFlinger:        DEVICE |           18781892038833 | 00002100 | RGBA_8888    |    0.0    0.0 1440.0 3120.0 |    0    0 1440 3120 | com.sec.android.app.launcher/com.sec[...]vities.LauncherActivity$_4373#313935 (16)
01-23 11:49:18.113  1833  1833 D SurfaceFlinger:        DEVICE |           16595753751167 | 00002100 | RGBA_8888    |    0.0    0.0 1440.0  113.0 |    0    0 1440  113 | StatusBar$_3864#99 (301470)
01-23 11:49:18.113  1833  1833 D SurfaceFlinger:        DEVICE |           16595753751162 | 00002100 | RGBA_8888    |    0.0    0.0 1440.0  168.0 |    0 2952 1440 3120 | NavigationBar0$_3864#95 (391559)
01-23 11:49:18.113  1833  1833 D SurfaceFlinger:        DEVICE |           65635690247971 | 00002100 | RGBA_8888    |    0.0    0.0  695.0   84.0 |  372 3036 1067 3120 | com.samsung.android.spay.pay.HintService$_15282#313938 (1)
01-23 11:49:18.113  1833  1833 D SurfaceFlinger:
01-23 11:49:18.114  2775  3651 D AS.DesktopModeHelper: onDisplayChanged: #Id=0
01-23 11:49:18.116  1640  1759 I minksocket: MinkIPC MESSAGE: ( 1640:1759 ) MinkIPC_QRTR_Service:351 minkipc = 0xb4000070936e74f0 sock = 12, client with node 1 port 4c13 went down
01-23 11:49:18.116  1640  1765 I minksocket: MinkIPC MESSAGE: ( 1640:1765 ) MinkIPC_QRTR_Service:351 minkipc = 0xb4000070936e4d10 sock = 25, client with node 1 port 4c13 went down
01-23 11:49:18.118  1640  1765 I minksocket: MinkIPC MESSAGE: ( 1640:1765 ) MinkIPC_QRTR_Service:351 minkipc = 0xb4000070936e4d10 sock = 25, client with node 1 port 4c14 went down
01-23 11:49:18.118  1640  1759 I minksocket: MinkIPC MESSAGE: ( 1640:1759 ) MinkIPC_QRTR_Service:351 minkipc = 0xb4000070936e74f0 sock = 12, client with node 1 port 4c14 went down
01-23 11:49:18.119  1640  1765 I minksocket: MinkIPC MESSAGE: ( 1640:1765 ) MinkIPC_QRTR_Service:351 minkipc = 0xb4000070936e4d10 sock = 25, client with node 1 port 4c15 went down
01-23 11:49:18.119  1640  1759 I minksocket: MinkIPC MESSAGE: ( 1640:1759 ) MinkIPC_QRTR_Service:351 minkipc = 0xb4000070936e74f0 sock = 12, client with node 1 port 4c15 went down
01-23 11:49:18.120  1668  1668 I sensors-hal: qsh_qmi:31, qsh_qmi
01-23 11:49:18.120  1668  1668 I sensors-hal: register_cb:304, suid(low=6648793055624346695,high=13103442517512157614) is new. register callbacks
01-23 11:49:18.120  1668  1668 I sensors-hal: send_sensor_config_request:575, resampler is used, set resampler config
01-23 11:49:18.121  1640  1759 I minksocket: MinkIPC MESSAGE: ( 1640:1759 ) MinkIPC_QRTR_Service:351 minkipc = 0xb4000070936e74f0 sock = 12, client with node 1 port 4c16 went down
01-23 11:49:18.121  1640  1765 I minksocket: MinkIPC MESSAGE: ( 1640:1765 ) MinkIPC_QRTR_Service:351 minkipc = 0xb4000070936e4d10 sock = 25, client with node 1 port 4c16 went down
01-23 11:49:18.121  1668  1668 I sensors-hal: send_sync_sensor_request:508, send sync request
01-23 11:49:18.121  1668  1668 I sensors-hal: send_sync_sensor_request:518, send_sync_sensor_request before send_request for pressure with SUID low=6648793055624346695 high=13103442517512157614
01-23 11:49:18.121  1668  1668 I sensors-hal: send_sync_sensor_request:537, wait for notification of response
01-23 11:49:18.123  1668 24374 I sensors-hal: qsh_conn_resp_cb:930, resp_value = 0 for pressure
01-23 11:49:18.123  1668  1668 I sensors-hal: send_sync_sensor_request:543, takes 1 ms to receive the response with 0
01-23 11:49:18.123  1668  1668 I sensors-hal: activate:68, activate pressure
01-23 11:49:18.124  1668  1668 I sensors-hal: activate:330, android.sensor.pressure/61 en=1 completed
01-23 11:49:18.124 28477 28522 D SensorManager: registerListener :: 61, lps22df Pressure Sensor Non-wakeup, 100000, 0,
01-23 11:49:18.124  1668  1668 I sensors-hal: flush:383, android.sensor.accelerometer/11
01-23 11:49:18.124  1668  1668 I sensors-hal: send_sync_sensor_request:508, send sync request
01-23 11:49:18.124  1668  1668 I sensors-hal: send_sync_sensor_request:518, send_sync_sensor_request before send_request for accel with SUID low=7080276908576992050 high=13131023702051637398
01-23 11:49:18.124  1668  1668 I sensors-hal: send_sync_sensor_request:537, wait for notification of response
01-23 11:49:18.125  1668 21964 I sensors-hal: qsh_conn_resp_cb:930, resp_value = 0 for accel
01-23 11:49:18.125  1668  1668 I sensors-hal: send_sync_sensor_request:543, takes 0 ms to receive the response with 0
01-23 11:49:18.125  1668  1668 I sensors-hal: flush:389, android.sensor.accelerometer/11 completed
01-23 11:49:18.127  1668 24374 I sensors-hal: qsh_conn_event_cb:857, SCHED_FIFO(10) for qmi_cbk
01-23 11:49:18.127  4373  4373 E SurfaceComposerClient: SurfaceComposerClient::Transaction::setAlpha: invalid alpha -0.050268, clamping
01-23 11:49:18.128  4373  7706 I VRI[LauncherActivity]@7eef868: mWNT: t=0xb400006f59a3d850 mBlastBufferQueue=0xb400006eb9b62cc0 fn= 19 HdrRenderState mRenderHdrSdrRatio=1.0 caller= com.android.systemui.shared.launcher.ViewRootImplCompat.mergeWithNextTransaction:4 com.honeyspace.transition.utils.SurfaceTransactionApplier.scheduleApply$lambda$1:16 com.honeyspace.transition.utils.SurfaceTransactionApplier.b:0
01-23 11:49:18.136  2775  3700 D SemCellularStateManager: onCellInfoChanged: cellInfoList Number of cell: 12
01-23 11:49:18.136  2775  3700 D SemCellularStateManager: onCellInfoChanged: Registered = true, mCellularCellId = 29968927
01-23 11:49:18.136  4188  4188 I TelephonyCallbackForPdnController<0>: onCellInfoChanged: xxxxx
01-23 11:49:18.137  4188  4188 I ImsCallSessionManager: onCellInfoChanged, phoneId: 0
01-23 11:49:18.137  4188  4404 I RegiMgr-Handler: handleMessage: EVENT_CELL_INFO_CHANGED
01-23 11:49:18.139  4188  4404 I RegiMgr<0>: updatePani RegisterTask[0][mProfile=Orange Switzerland Salt for IMS PDN, mRegistrationRat=13, mPdnType=11, mState=REGISTERED, mObject=UserAgent - :
01-23 11:49:18.139  4188  4404 I RegiMgr<0>:  total records=6276
01-23 11:49:18.139  4188  4404 I RegiMgr<0>:  rec[0]: time=01-23 10:58:11.910 processed=ReadyState org=RegisteredState dest=<null> what=34(0x22)
01-23 11:49:18.139  4188  4404 I RegiMgr<0>:  rec[1]: time=01-23 10:58:11.911 processed=RegisteredState org=RegisteredState dest=<null> what=2000(0x7d0)
01-23 11:49:18.139  4188  4404 I RegiMgr<0>:  rec[2]: time=01-23 11:03:13.647 processed=ReadyState org=RegisteredState dest=<null> what=34(0x22)
01-23 11:49:18.139  4188  4404 I RegiMgr<0>:  rec[3]: time=01-23 11:03:13.648 processed=RegisteredState org=RegisteredState dest=<null> what=2000(0x7d0)
01-23 11:49:18.139  4188  4404 I RegiMgr<0>:  rec[4]: time=01-23 11:05:34.616 processed=ReadyState org=RegisteredState dest=<null> what=34(0x22)
01-23 11:49:18.139  4188  4404 I RegiMgr<0>:  rec[5]: time=01-23 11:05:34.620 processed=RegisteredState org=RegisteredState dest=<null> what=2000(0x7d0)
01-23 11:49:18.139  4188  4404 I RegiMgr<0>:  rec[6]: time=01-23 11:07:38.896 processed=ReadyState org=RegisteredState dest=<null> what=34(0x22)
01-23 11:49:18.139  4188  4404 I RegiMgr<0>:  rec[7]: time=01-23 11:07:38.900 processed=RegisteredState org=RegisteredState dest=<null> what=2000(0x7d0)
01-23 11:49:18.139  4188  4404 I RegiMgr<0>:  rec[8]: time=01-23 11:12:38.300 processed=ReadyState org=RegisteredState dest=<null> what=34(0x22)
01-23 11:49:18.139  4188  4404 I RegiMgr<0>:  rec[9]: time=01-23 11:12:38.301 processed=RegisteredState org=RegisteredState dest=<null> what=2000(0x7d0)
01-23 11:49:18.139  4188  4404 I RegiMgr<0>:  rec[10]: time=01-23 11:14:38.995 processed=ReadyState org=RegisteredState dest=<null> what=34(0x22)
01-23 11:49:18.139  4188  4404 I RegiMgr<0>:  rec[11]: time=01-23 11:14:38.998 processed=RegisteredState org=RegisteredState dest=<null> what=2000(0x7d0)
01-23 11:49:18.139  4188  4404 I RegiMgr<0>:  rec[12]: time=01-23 11:14:56.533 processed=ReadyState org=RegisteredState dest=<null> what=34(0x22)
01-23 11:49:18.139  4188  4404 I RegiMgr<0>:  rec[13]: time=01-23 11:14:56.534 processed=RegisteredState org=RegisteredState dest=<null> what=2000(0x7d0)
01-23 11:49:18.139  4188  4404 I RegiMgr<0>:  rec[14]: time=01-23 11:16:39.692 processed=ReadyState org=RegisteredState dest=<null> what=34(0x22)
01-23 11:49:18.139  4188  4404 I RegiMgr<0>:  rec[15]: time=01-23 11:16:39.696 processed=RegisteredState org=RegisteredState dest=<null> what=2000(0x7d0)
01-23 11:49:18.139  4188  4404 I RegiMgr<0>:  rec[16]: time=01-23 11:27:38.916 processed=ReadyState org=RegisteredState dest=<null> what=34(0x22)
01-23 11:49:18.139  4188  4404 I RegiMgr<0>:  rec[17]: time=01-23 11:27:38.917 processed=RegisteredState org=RegisteredState dest=<null> what=2000(0x7d0)
01-23 11:49:18.139  4188  4404 I RegiMgr<0>:  rec[18]: time=01-23 11:41:26.775 processed=ReadyState org=RegisteredState dest=<null> what=34(0x22)
01-23 11:49:18.139  4188  4404 I RegiMgr<0>:  rec[19]: time=01-23 11:41:26.778 processed=RegisteredState org=RegisteredState dest=<null> what=2000(0x7d0)
01-23 11:49:18.139  4188  4404 I RegiMgr<0>: curState=RegisteredState
01-23 11:49:18.139  4188  4404 I RegiMgr<0>: , mReason=, mPcscfHostname=null, mDeregiReason=41]
01-23 11:49:18.140  4188  4404 I PaniGenerator<0>: generate: subId=1, network=13, pdn=11
01-23 11:49:18.142  4188  4404 I PaniGenerator<0>: generate: network=13, fallbackPlmn=22803
01-23 11:49:18.143  4188  4404 I PdnController<0>: getAllCellInfo mNeedCellLocationUpdate : false
01-23 11:49:18.143  4188  4404 I PaniGenerator: generate: change to NW PLMN(22803)
01-23 11:49:18.144  4373  4373 E SurfaceComposerClient: SurfaceComposerClient::Transaction::setAlpha: invalid alpha -0.047134, clamping
01-23 11:49:18.145  4188  4404 I PaniGenerator: setLkcForLastPani: No Last PANI header for Orange Switzerland Salt for IMS PDN
01-23 11:49:18.145  4373  7707 I VRI[LauncherActivity]@7eef868: mWNT: t=0xb400006f599ac610 mBlastBufferQueue=0xb400006eb9b62cc0 fn= 20 HdrRenderState mRenderHdrSdrRatio=1.0 caller= com.android.systemui.shared.launcher.ViewRootImplCompat.mergeWithNextTransaction:4 com.honeyspace.transition.utils.SurfaceTransactionApplier.scheduleApply$lambda$1:16 com.honeyspace.transition.utils.SurfaceTransactionApplier.b:0
01-23 11:49:18.146  4188  4404 I UserAgent<0>: updatePani
01-23 11:49:18.146  4188  4572 I SECIMSJ : [4191]> 140
01-23 11:49:18.146  4188  4404 I RegiMgr<0>: tryRegister:
01-23 11:49:18.147  4188  4404 I RegiMgr<0>: RegisterTask(s): Orange Switzerland Salt for IMS PDN (REGISTERED, rat = 13, service = [smsip, mmtel]), Global GC RCS (IDLE)
01-23 11:49:18.147  4188  4404 I RcsPolicyMgr<0>: pendingRcsRegister: mActiveDataPhoneId = 0
01-23 11:49:18.148  4188  4404 I RcsPolicyMgr<0>: pendingRcsRegister: mActiveDataPhoneId = 0
01-23 11:49:18.148  4188  4404 I RegisterTask: isSuspended: mSuspended(false) mSuspendByIrat(false)
01-23 11:49:18.148  4188  4404 I RegiMgr<0>: [Global GC RCS|IDLE] checkForTryRegister id: 1237
01-23 11:49:18.148  4188  4404 I PdnController: getDefaultNetworkBearer: CELLULAR
01-23 11:49:18.149  4188  4404 I RegistrationRatDecider<0>: getAvailableMobileNetwork: network=13 mobileDataType=13 => rat=13
01-23 11:49:18.149  4188  4404 I RegistrationRatDecider<0>: findBestNetwork: LTE
01-23 11:49:18.150  4188  4404 I RegiGvnBase<0>: isReadyToDualRegister: slot 1's call state: 0
01-23 11:49:18.150  4188  4404 I RegiGvnBase<0>: isReadyToDualRegister : true
01-23 11:49:18.151  4188  4581 I [IMS6.0]: IMS_onResponse()
01-23 11:49:18.151  4188  4581 I StackIF : processMessage 2
01-23 11:49:18.151  4188  4581 I StackIF : Processing Response
01-23 11:49:18.151  4188  4404 I RegiMgr<0>: [Global GC RCS|IDLE] checkInitialRegistrationIsReady: APM ON [false], Roamimg [false]
01-23 11:49:18.152  4188  4581 I SECIMSJ : [4191]< 600
01-23 11:49:18.152  4188  4581 I StackIF : processResponse: reqId 600
01-23 11:49:18.152  4188  4581 I StackIF : processResponse: handle 24491 result 0 reason 0
01-23 11:49:18.152  4188  4404 I RcsPolicyMgr<0>: pendingRcsRegister: mActiveDataPhoneId = 0
01-23 11:49:18.152  4188  4404 I ImsProfile: carrierId : EUX isRttSupportByCallApp false
01-23 11:49:18.152  4188  4404 I ImsProfile: ttyType : 1
01-23 11:49:18.152  4188  4404 I RegiMgr-Utils<0>: getPriorityRegiedTask : isPriority  High? true
01-23 11:49:18.153  4188  4404 I RegiGvnBase: checkRegiStatus: getState()=IDLE mIsUpdateRegistering=false
01-23 11:49:18.153  4188  4404 I RegiMgr<0>: getTelephonyCallStatus:
01-23 11:49:18.155  4188  4404 I ConfigProvider: query uri:xxxxx
01-23 11:49:18.160  4373  4373 E SurfaceComposerClient: SurfaceComposerClient::Transaction::setAlpha: invalid alpha -0.040696, clamping
01-23 11:49:18.160  2176  2176 I CNSS    : /sys/wifi/max_chipset_log_size doesn't exist
01-23 11:49:18.161  4373  7706 I VRI[LauncherActivity]@7eef868: mWNT: t=0xb400006f59a71950 mBlastBufferQueue=0xb400006eb9b62cc0 fn= 21 HdrRenderState mRenderHdrSdrRatio=1.0 caller= com.android.systemui.shared.launcher.ViewRootImplCompat.mergeWithNextTransaction:4 com.honeyspace.transition.utils.SurfaceTransactionApplier.scheduleApply$lambda$1:16 com.honeyspace.transition.utils.SurfaceTransactionApplier.b:0
01-23 11:49:18.161  4188  4404 I ConfigProvider: queryStorage path content://com.samsung.rcs.autoconfigurationprovider/parameter/version#simslot0
01-23 11:49:18.162  2775  4363 W AppOps  : Noting op not finished: uid 10261 pkg com.google.android.gms code 113 startTime of in progress event=1769165334014
01-23 11:49:18.163  2455  4005 D LOWI-9.0.1.74: [LOWI-Scan] wait_event:Wait done with Cmd 33
01-23 11:49:18.163  2775  4363 D ActivityManager: Received SERVICE intent 0x3d69d4f Key{startService pkg=com.google.android.gms/fused_location_provider intent=act=com.google.android.gms.location.util.nlp.RESULT cat=[targeted_intent_op_prefix:.location.util.nlp.NlpInternalApi$NlpReceiverIntentOperation] xflg=0x4 cmp=com.google.android.gms/.chimera.PersistentIntentOperationService flags=0x2000000 u=0} requestCode=1 from uid 10261
01-23 11:49:18.164  2455  4005 D LOWI-9.0.1.74: [LOWI-Scan] do_listen_events: Rcvd valid Netlink Cmd 0 Err 0
01-23 11:49:18.164  4188  4404 I RegiGvnRcs: isReadyToRegister: User don't try RCS service yet
01-23 11:49:18.164  4188  4404 I RegiMgr<0>: [Global GC RCS|IDLE] checkForTryRegister: isReadyToRegister = false
01-23 11:49:18.164  2775  4363 D ActivityManager: Received SERVICE intent 0x693cdc Key{startService pkg=com.google.android.gms/fused_location_provider intent=act=com.google.android.gms.location.util.nlp.RESULT cat=[targeted_intent_op_prefix:.location.util.nlp.NlpInternalApi$NlpReceiverIntentOperation] xflg=0x4 cmp=com.google.android.gms/.chimera.PersistentIntentOperationService flags=0x2000000 u=0} requestCode=0 from uid 10261
01-23 11:49:18.165  2775  6325 W AppOps  : Noting op not finished: uid 10261 pkg com.google.android.gms code 113 startTime of in progress event=1769165334014
01-23 11:49:18.166  2775  6325 D ActivityManager: Received SERVICE intent 0xe35a8a Key{startService pkg=com.google.android.gms/current_semantic_location intent=act=com.google.android.gms.semanticlocation.ACTION_ACTIVITY xflg=0x4 cmp=com.google.android.gms/.semanticlocation.service.SemanticLocationService flags=0x2000000 u=0} requestCode=0 from uid 10261
01-23 11:49:18.166  2775  6325 W AppOps  : Noting op not finished: uid 10261 pkg com.google.android.gms code 113 startTime of in progress event=1769165334014
01-23 11:49:18.167 28477 24375 D SensorManager: requestTrigger :: 172, smd  Wakeup, cspf@a74cd48
01-23 11:49:18.167  2775  6325 D ActivityManager: Received SERVICE intent 0xaa49556 Key{startService pkg=com.google.android.gms/com.google.android.gms.location_base intent=act=com.google.android.location.internal.action.AR_TRANSITION_RESULT xflg=0x4 pkg=com.google.android.gms cmp=com.google.android.gms/com.google.android.location.internal.PendingIntentCallbackService flags=0x2000000 u=0} requestCode=0 from uid 10261
01-23 11:49:18.169 28477 28477 D BoundBrokerSvc: onRebind: Intent { act=com.google.android.gms.auth.aang.events.services.START dat=chimera-action:/... xflg=0x4 cmp=com.google.android.gms/.chimera.PersistentApiService }
01-23 11:49:18.170  2775  4776 D ActivityManager: Received SERVICE intent 0x56cb0e2 Key{startService pkg=com.google.android.gms/fused_location_provider intent=act=com.google.android.location.internal.action.FLP_AR_RESULT xflg=0x4 pkg=com.google.android.gms cmp=com.google.android.gms/com.google.android.location.internal.PendingIntentCallbackService flags=0x2000000 u=0} requestCode=0 from uid 10261
01-23 11:49:18.170 28477 28557 I ActivityScheduler: nextTriggerTime: 1499744422, in 60000ms, detectorType: 39, FULL_TYPE alarmWindowMillis: 7500
01-23 11:49:18.173 20280 20312 W Settings: Setting airplane_mode_on has moved from android.provider.Settings.System to android.provider.Settings.Global, returning read-only value.
01-23 11:49:18.174 20280 20312 W Settings: Setting airplane_mode_on has moved from android.provider.Settings.System to android.provider.Settings.Global, returning read-only value.
01-23 11:49:18.175  1668  1668 I sensors-hal: flush:383, android.sensor.pressure/61
01-23 11:49:18.176  1668  1668 I sensors-hal: send_sync_sensor_request:508, send sync request
01-23 11:49:18.176  1668  1668 I sensors-hal: send_sync_sensor_request:518, send_sync_sensor_request before send_request for pressure with SUID low=6648793055624346695 high=13103442517512157614
01-23 11:49:18.176  1668  1668 I sensors-hal: send_sync_sensor_request:537, wait for notification of response
01-23 11:49:18.176  1668 24374 I sensors-hal: qsh_conn_resp_cb:930, resp_value = 0 for pressure
01-23 11:49:18.177  4373  4373 E SurfaceComposerClient: SurfaceComposerClient::Transaction::setAlpha: invalid alpha -0.030155, clamping
01-23 11:49:18.177  1668  1668 I sensors-hal: send_sync_sensor_request:543, takes 1 ms to receive the response with 0
01-23 11:49:18.177  1668  1668 I sensors-hal: flush:389, android.sensor.pressure/61 completed
01-23 11:49:18.178  2775  4363 E SensorService: BigData:Pakage) 6 already enabled.
01-23 11:49:18.178 20280 20323 D SensorManager: registerListener :: 61, lps22df Pressure Sensor Non-wakeup, 100000, 0,
01-23 11:49:18.178  4373  7707 I VRI[LauncherActivity]@7eef868: mWNT: t=0xb400006f59a00990 mBlastBufferQueue=0xb400006eb9b62cc0 fn= 22 HdrRenderState mRenderHdrSdrRatio=1.0 caller= com.android.systemui.shared.launcher.ViewRootImplCompat.mergeWithNextTransaction:4 com.honeyspace.transition.utils.SurfaceTransactionApplier.scheduleApply$lambda$1:16 com.honeyspace.transition.utils.SurfaceTransactionApplier.b:0
01-23 11:49:18.193  4373  4373 E SurfaceComposerClient: SurfaceComposerClient::Transaction::setAlpha: invalid alpha -0.015622, clamping
01-23 11:49:18.194  4373  7706 I VRI[LauncherActivity]@7eef868: mWNT: t=0xb400006f599fd190 mBlastBufferQueue=0xb400006eb9b62cc0 fn= 23 HdrRenderState mRenderHdrSdrRatio=1.0 caller= com.android.systemui.shared.launcher.ViewRootImplCompat.mergeWithNextTransaction:4 com.honeyspace.transition.utils.SurfaceTransactionApplier.scheduleApply$lambda$1:16 com.honeyspace.transition.utils.SurfaceTransactionApplier.b:0
01-23 11:49:18.210  4373  4373 E SurfaceComposerClient: SurfaceComposerClient::Transaction::setAlpha: invalid alpha -0.000919, clamping
01-23 11:49:18.210  4373  4373 I HoneySpace.FloatingAnimator: [Player:A(17.842)] value animator:[37429427] end
01-23 11:49:18.210  4373  4373 I HoneySpace.FloatingAnimator: [Player:A(17.842)] reset
01-23 11:49:18.210  4373  4373 I HoneySpace.FloatingAnimator: playerCount : 0
01-23 11:49:18.210  4373  4373 I HoneySpace.FloatingFinishHelper: finishInProgress: true
01-23 11:49:18.212  4373  4373 I HoneySpace.AppCloseAnimationDelegate: animatorSet end
01-23 11:49:18.212  4373  4373 I HoneySpace.DeJankUtils: postAfterTraversal is called com.honeyspace.common.performance.JankWrapper$addCujInstrumentation$1$4$1@a371033, immediate : true detail : app transition end
01-23 11:49:18.212  4373  4373 I HoneySpace.AnimationResult: finish, false
01-23 11:49:18.212  4373  4373 I HoneySpace.FloatingFinishHelper: isAppShow reset, immediate
01-23 11:49:18.212  4373  4373 I HoneySpace.WorkspaceViewModel: StartContentAnimation, type: AppClose, inProgress: false
01-23 11:49:18.212  4373  4373 I HoneySpace.HomescreenPot: playContentAnimator end, skip alpha: false, paramType = AppClose, state = com.honeyspace.sdk.HomeScreen$Normal@c0932c0 -> com.honeyspace.sdk.HomeScreen$Normal@c0932c0
01-23 11:49:18.212  4373  4373 I StickerOperator: restoreOverlapStickers, 0, 117617933
01-23 11:49:18.213  4373  4373 I HoneySpace.HoneyScreenManagerImpl: transitionAnimator is ended, onCancel: false
01-23 11:49:18.213  4373  4373 I HoneySpace.ContentsAnimator: ContentsAnimator end [76916336]
01-23 11:49:18.213  4373 13413 I HoneySpace.AnimationResult: asyncFinishRunnable run
01-23 11:49:18.213  4373  7707 I VRI[LauncherActivity]@7eef868: mWNT: t=0xb400006f59a6c710 mBlastBufferQueue=0xb400006eb9b62cc0 fn= 24 HdrRenderState mRenderHdrSdrRatio=1.0 caller= com.android.systemui.shared.launcher.ViewRootImplCompat.mergeWithNextTransaction:4 com.honeyspace.transition.utils.SurfaceTransactionApplier.scheduleApply$lambda$1:16 com.honeyspace.transition.utils.SurfaceTransactionApplier.b:0
01-23 11:49:18.213  4373  4373 I HoneySpace.AnimationResult: completeCallback run
01-23 11:49:18.213  4373  4373 I HoneySpace.RunnableList: executeAllAndClear() called, size: 1
01-23 11:49:18.214  4373  7724 I HoneySpace.SPayHandler: updateSpayHandler, show = true, defaultPage = false
01-23 11:49:18.214  3864  3965 V WindowManagerShell: Transition animation finished (aborted=false), notifying core (#22958) android.os.BinderProxy@1c96fbd@0
01-23 11:49:18.214 15282 15282 I SAMSUNGWALLET: [Hint_PayHintService] onReceive() action=com.sec.android.app.launcher.intent.action.UPDATE_SPAY_HANDLER
01-23 11:49:18.215 15282 15282 I SAMSUNGWALLET: [Hint_PayHintService] home change, s home : true , default : false , gesture : false , s result : true , prev : true
01-23 11:49:18.215  3864  3965 I SurfaceControlRegistry: apply, t=FinishTransaction_SyncId<22958>, caller=android.view.SurfaceControl$Transaction.apply:3459 android.view.SurfaceControl$Transaction.apply:3447 android.view.SurfaceControl$Transaction.apply:3397 com.android.wm.shell.transition.Transitions.onFinish:315 com.android.wm.shell.transition.Transitions$$ExternalSyntheticLambda7.onTransitionFinished:12 com.android.wm.shell.transition.RemoteTransitionHandler$1$$ExternalSyntheticLambda0.run:78
01-23 11:49:18.216  2775  5137 V WindowManager: Finish Transition: TransitionRecord{7e48333 id=22958 type=OPEN flags=0x0 c=[
01-23 11:49:18.216  2775  5137 V WindowManager:    ChangeInfo{bd55eee container=Task{1353dd8 #1 type=home} flags=0x30}
01-23 11:49:18.216  2775  5137 V WindowManager:    ChangeInfo{6da1f8f container=Task{2b219a4 #33712 type=standard A=1000:com.android.settings.root} flags=0x10}
01-23 11:49:18.216  2775  5137 V WindowManager:    ChangeInfo{817321c container=ActivityRecord{146249456 u0 com.sec.android.app.launcher/.activities.LauncherActivity t-1} flags=0x0}
01-23 11:49:18.216  2775  5137 V WindowManager:    ChangeInfo{cd0e25 container=TaskFragment{9833443 mode=fullscreen} flags=0x10}
01-23 11:49:18.216  2775  5137 V WindowManager:    ChangeInfo{73c7bfa container=Display{#0 state=ON size=1440x3120 ROTATION_0} flags=0x0}
01-23 11:49:18.216  2775  5137 V WindowManager:    ChangeInfo{fe325ab container=ActivityRecord{162979194 u0 com.sec.android.app.launcher/.activities.LauncherActivity t29189} flags=0x0}
01-23 11:49:18.216  2775  5137 V WindowManager:    ChangeInfo{6735408 container=ActivityRecord{185475402 u0 com.android.settings/.SubSettings t33712} flags=0x0}
01-23 11:49:18.216  2775  5137 V WindowManager:    ChangeInfo{c82aa80 container=RemoteWallpaperAnim:1:1@199806011 flags=0x0}
01-23 11:49:18.216  2775  5137 V WindowManager:    ChangeInfo{8e567a1 container=Task{c776e05 #29189 type=home I=com.sec.android.app.launcher/.activities.LauncherActivity} flags=0x30}
01-23 11:49:18.216  2775  5137 V WindowManager:    ChangeInfo{6c65dc6 container=DefaultTaskDisplayArea_d0@217949894 flags=0x0}
01-23 11:49:18.216  2775  5137 V WindowManager:    ChangeInfo{295c8b9 container=WallpaperWindowToken{e6cc44a showWhenLocked=true}_<lock> flags=0x0}
01-23 11:49:18.216  2775  5137 V WindowManager: ]
01-23 11:49:18.216  2775  5137 V WindowManager: }, caller=com.android.server.wm.WindowOrganizerController.finishTransitionInner:31 com.android.server.wm.WindowOrganizerController.finishAllTransitions:60 android.window.IWindowOrganizerController$Stub.onTransact:283
01-23 11:49:18.216  2775  2898 V WindowManager: Finish Transition (#22958): created at 01-23 11:49:17.776 collect-started=0.423ms request-sent=7.131ms started=9.73ms ready=39.1ms sent=56.455ms commit=12.807ms finished=439.953ms
01-23 11:49:18.217  2775  5137 V WindowManager: Setting visibility of Window{d8ad0a8 u0 com.android.settings/com.android.settings.SubSettings}: false, caller=com.android.server.wm.WindowContainer.sendAppVisibilityToClients:19 com.android.server.wm.WindowToken.setClientVisible:48 com.android.server.wm.ActivityRecord.commitVisibility:186 com.android.server.wm.TransitionController.finishTransition:846 com.android.server.wm.WindowOrganizerController.finishTransitionInner:31
01-23 11:49:18.217  2775  5137 D PersonaActivityHelper: token.toString()  Token{231388b ActivityRecord{162979194 u0 com.sec.android.app.launcher/.activities.LauncherActivity t29189}}
01-23 11:49:18.217  2775  5137 D PersonaActivityHelper: mLastResumedSFActivity getPackageName  com.android.settings
01-23 11:49:18.217  2775  5137 D PersonaActivityHelper: mLastResumedSFActivity getShortClassName  .SubSettings
01-23 11:49:18.217 24412 24412 I VRI[SubSettings]@f31f66e: handleAppVisibility mAppVisible = true visible = false
01-23 11:49:18.217 24412 24412 D VRI[SubSettings]@f31f66e: visibilityChanged oldVisibility=true newVisibility=false
01-23 11:49:18.217  2775  5137 D PersonaActivityHelper: token.toString()  Token{c64e8bb ActivityRecord{185475402 u0 com.android.settings/.SubSettings t33712}}
01-23 11:49:18.217  2775  5137 D PersonaActivityHelper: mLastResumedSFActivity getPackageName  com.android.settings
01-23 11:49:18.217  2775  5137 D PersonaActivityHelper: mLastResumedSFActivity getShortClassName  .SubSettings
01-23 11:49:18.217  2775  5137 I SemPersonaManager: personaId = 150
01-23 11:49:18.217  2775  5137 I SemPersonaManager: SecureFolder personaId = 150
01-23 11:49:18.217  2775  5137 D ChangeTransitionController: onTransitionFinished: TransitionRecord{7e48333 id=22958 type=OPEN flags=0x0 c=[
01-23 11:49:18.217  2775  5137 D ChangeTransitionController:    ChangeInfo{bd55eee container=Task{1353dd8 #1 type=home} flags=0x30}
01-23 11:49:18.217  2775  5137 D ChangeTransitionController:    ChangeInfo{6da1f8f container=Task{2b219a4 #33712 type=standard A=1000:com.android.settings.root} flags=0x10}
01-23 11:49:18.217  2775  5137 D ChangeTransitionController:    ChangeInfo{817321c container=ActivityRecord{146249456 u0 com.sec.android.app.launcher/.activities.LauncherActivity t-1} flags=0x0}
01-23 11:49:18.217  2775  5137 D ChangeTransitionController:    ChangeInfo{cd0e25 container=TaskFragment{9833443 mode=fullscreen} flags=0x10}
01-23 11:49:18.217  2775  5137 D ChangeTransitionController:    ChangeInfo{73c7bfa container=Display{#0 state=ON size=1440x3120 ROTATION_0} flags=0x0}
01-23 11:49:18.217  2775  5137 D ChangeTransitionController:    ChangeInfo{fe325ab container=ActivityRecord{162979194 u0 com.sec.android.app.launcher/.activities.LauncherActivity t29189} flags=0x0}
01-23 11:49:18.217  2775  5137 D ChangeTransitionController:    ChangeInfo{6735408 container=ActivityRecord{185475402 u0 com.android.settings/.SubSettings t33712} flags=0x0}
01-23 11:49:18.217  2775  5137 D ChangeTransitionController:    ChangeInfo{c82aa80 container=RemoteWallpaperAnim:1:1@199806011 flags=0x0}
01-23 11:49:18.217  2775  5137 D ChangeTransitionController:    ChangeInfo{8e567a1 container=Task{c776e05 #29189 type=home I=com.sec.android.app.launcher/.activities.LauncherActivity} flags=0x30}
01-23 11:49:18.217  2775  5137 D ChangeTransitionController:    ChangeInfo{6c65dc6 container=DefaultTaskDisplayArea_d0@217949894 flags=0x0}
01-23 11:49:18.217  2775  5137 D ChangeTransitionController:    ChangeInfo{295c8b9 container=WallpaperWindowToken{e6cc44a showWhenLocked=true}_<lock> flags=0x0}
01-23 11:49:18.217  2775  5137 D ChangeTransitionController: ]
01-23 11:49:18.217  2775  5137 D ChangeTransitionController: }
01-23 11:49:18.218  3864  3965 V WindowManagerShell: Track 0 became idle
01-23 11:49:18.218  3864  3965 V WindowManagerShell: All active transition animations finished
01-23 11:49:18.219  2775  2905 D SurfaceComposerClient: setCornerRadius ## 9edd74d com.sec.android.app.launcher/com.sec.android.app.launcher.activities.LauncherActivity#159 cornerRadius=0.000000
01-23 11:49:18.221  2775  7360 W qdgralloc: getInterlacedFlag: getMetaData returned 3, defaulting to interlaced_flag = 0
01-23 11:49:18.222  4373  4373 I HoneySpace.FloatingFinishHelper: finishInProgress: false
01-23 11:49:18.227  4373  4373 I HoneySpace.DeJankUtils: traversals callback's received
01-23 11:49:18.227  4373  4373 I HoneySpace.DeJankUtils: doActionRunnable is called com.honeyspace.common.performance.JankWrapper$addCujInstrumentation$1$4$1@a371033, immediate = true, detail : app transition end
01-23 11:49:18.227  1833  1833 I SurfaceFlinger: RequestedLayer [Task=33712#312380] hidden!! flag  from(0) --> to(1)
01-23 11:49:18.227  1833  1833 I SurfaceFlinger: [Display 0 name="Écran intégré"#49] setFrameRateCategory: Default
01-23 11:49:18.227  1833  1833 I SurfaceFlinger: [LayerHierarchy{RequestedLayerState{Task=1#53 parentId=10} 2 children}] reparent to LayerHierarchy{RequestedLayerState{DefaultTaskDisplayArea_d0#10 parentId=9} 16 children}
01-23 11:49:18.227  1833  1833 I SurfaceFlinger: [LayerHierarchy{RequestedLayerState{WallpaperWindowToken{e6cc44a showWhenLocked=false}#73 parentId=8} 1 children}] reparent to LayerHierarchy{RequestedLayerState{Leaf:1:1#8 parentId=7} 1 children}
01-23 11:49:18.227  1833  1833 I SurfaceFlinger: [LayerHierarchy{RequestedLayerState{Task=33712#312380 parentId=10 z=13} 2 children}] reparent to LayerHierarchy{RequestedLayerState{DefaultTaskDisplayArea_d0#10 parentId=9} 17 children}
01-23 11:49:18.227  1833  1833 I SurfaceFlinger: [LayerHierarchy{RequestedLayerState{TaskFragment{9833443 mode=fullscreen}#313877 parentId=312380 z=1} 1 children}] reparent to LayerHierarchy{RequestedLayerState{Task=33712#312380 parentId=10 z=13} 2 children}
01-23 11:49:18.227  1833  1833 I SurfaceFlinger: [LayerHierarchy{RequestedLayerState{Transition Root: Task=1#313939} 2 children}] reparent to OffscreenRoot
01-23 11:49:18.227  1833  1833 I SurfaceFlinger: [LayerHierarchy{RequestedLayerState{Transition Root: Task=1#313939} 2 children}] RelativeParent to null
01-23 11:49:18.227  3864  3864 D SystemUIService: SYSUI_RAM_OPTIMIZATION onTrimMemory=20
01-23 11:49:18.227  3864  3864 D CentralSurfaces: SYSUI_RAM_OPTIMIZATION onTrimMemory=20
01-23 11:49:18.227  3864  4086 D HWUI    : CacheManager::trimMemory(20)
01-23 11:49:18.228  1833  1833 I SurfaceFlinger: id=313939 Removed Transition Root: Task=1#313939 (207)
01-23 11:49:18.228  4373  4373 I HoneySpace.AppTransitionAnimationAwait: proceed 1
01-23 11:49:18.228  2775  2904 I DisplayDeviceRepository: Display device changed render timings: "Écran intégré", renderFrameRate=60.000004, presentationDeadlineNanos=17666666, appVsyncOffsetNanos=16666666, frameRateOverrides=[]
01-23 11:49:18.229  4373  4373 I HoneySpace.HoneyAppWidgetHostView: [updateAppWidget id=3] update after transition animation
01-23 11:49:18.229  4373  4373 I HoneySpace.HoneyAppWidgetHostView: [updateAppWidget id=3] perform updateAppWidget - remoteViews: android.widget.RemoteViews@4bc7709, hostView: @c57566c
01-23 11:49:18.230  2775  2905 D SurfaceComposerClient: setCornerRadius ## 9edd74d com.sec.android.app.launcher/com.sec.android.app.launcher.activities.LauncherActivity#159 cornerRadius=0.000000
01-23 11:49:18.230  4373  4373 I HoneySpace.Launcher: onEnterAnimationComplete
01-23 11:49:18.231  4373  4373 I HoneySpace.WidgetHostViewContainer: Request to change label. appWidgetId: 3, label: Météo
01-23 11:49:18.231  3864  3864 D DisplayLifecycle: updateDisplay id = 0
01-23 11:49:18.231  3864  4036 D StackScroller: onDisplayChanged for predraw skip to 2
01-23 11:49:18.231  2775  6325 D WifiDisplayAdapter: isFitToActiveDisplayLocked : false
01-23 11:49:18.232 24412 30499 D HWUI    : CacheManager::trimMemory(20)
01-23 11:49:18.235  2775  6325 I WindowManager: Relayout Window{d8ad0a8 u0 com.android.settings/com.android.settings.SubSettings}: viewVisibility=8 req=1440x3120 ty=1 d0
01-23 11:49:18.235  2775  6325 D SurfaceComposerClient: setCornerRadius ## 9edd74d com.sec.android.app.launcher/com.sec.android.app.launcher.activities.LauncherActivity#159 cornerRadius=0.000000
01-23 11:49:18.236  2775  6325 D SurfaceComposerClient: setCornerRadius ## 9edd74d com.sec.android.app.launcher/com.sec.android.app.launcher.activities.LauncherActivity#159 cornerRadius=0.000000
01-23 11:49:18.236  2775  6325 I WindowManager: Relayout hash=d8ad0a8, pid=24412, syncId=-1: mAttrs={(0,0)(fillxfill) sim={adjust=resize} layoutInDisplayCutoutMode=always ty=BASE_APPLICATION wanim=0x1030306
01-23 11:49:18.236  2775  6325 I WindowManager:   fl=81810100
01-23 11:49:18.236  2775  6325 I WindowManager:   pfl=10088840
01-23 11:49:18.236  2775  6325 I WindowManager:   bhv=1
01-23 11:49:18.236  2775  6325 I WindowManager:   fitSides=0
01-23 11:49:18.236  2775  6325 I WindowManager:   frameRateBoostOnTouch=true
01-23 11:49:18.236  2775  6325 I WindowManager:   dvrrWindowFrameRateHint=true naviIconColor=0
01-23 11:49:18.236  2775  6325 I WindowManager:   sfl=1}
01-23 11:49:18.238  2775  4843 I NSLocationMonitor: getGPSUsingApps() called
01-23 11:49:18.238 24412 24412 I VRI[SubSettings]@f31f66e: Relayout returned: old=(0,0,1440,3120) new=(0,0,1440,3120) relayoutAsync=false req=(1440,3120)8 dur=2 res=0x2 s={false 0x0} ch=true seqId=0
01-23 11:49:18.238  4844  4882 I NSLocationManager_FLP: getGPSUsingApps, No change
01-23 11:49:18.238 24412 24412 D VRI[SubSettings]@f31f66e: Not drawing due to not visible. Reason=!mAppVisible && !mForceDecorViewVisibility
01-23 11:49:18.238 24412 24412 D VRI[SubSettings]@f31f66e: Pending transaction will not be applied in sync with a draw due to view not visible
01-23 11:49:18.238 24412 24412 I VRI[SubSettings]@f31f66e: mWNT: t=0xb400006f59a0e7d0 mBlastBufferQueue=0xnull fn= 0 HdrRenderState mRenderHdrSdrRatio=1.0 caller= android.view.ViewRootImpl.handleSyncRequestWhenNoAsyncDraw:6733 android.view.ViewRootImpl.performTraversals:5504 android.view.ViewRootImpl.doTraversal:3924
01-23 11:49:18.240 24412 24412 I VRI[SubSettings]@f31f66e: stopped(true) old = false
01-23 11:49:18.240 24412 24412 D VRI[SubSettings]@f31f66e: WindowStopped on com.android.settings/com.android.settings.SubSettings set to true
01-23 11:49:18.240 24412 30499 D HWUI    : CacheManager::trimMemory(20)
01-23 11:49:18.241  2775  4843 D FreecessHandler: freeze com.whatsapp(10406) result : 18
01-23 11:49:18.243  1833  1833 I SurfaceFlinger: RequestedLayer [com.android.settings/com.android.settings.SubSettings$_24412#313880] hidden!! flag  from(0) --> to(1)
01-23 11:49:18.243  1833  1833 I SurfaceFlinger: RequestedLayer [ActivityRecord{185475402 u0 com.android.settings/.SubSettings t33712}#313878] hidden!! flag  from(0) --> to(1)
01-23 11:49:18.243  1833  1833 I SurfaceFlinger: destroyed Transition Root: Task=1#313939 form LifecycleManager
01-23 11:49:18.243  1833  1833 I SurfaceFlinger: id=313939 onLayerDestroyed from LayerHierarchyBuilder(RequestedLayerState{Transition Root: Task=1#313939 !handle})
01-23 11:49:18.243 24412 24412 D ActivityEmbeddingUtils: isEmbeddingActivityEnabled = true
01-23 11:49:18.244  2775  6325 I WindowManager: Relayout Window{d8ad0a8 u0 com.android.settings/com.android.settings.SubSettings}: viewVisibility=8 req=1440x3120 ty=1 d0
01-23 11:49:18.244  1833  1833 I Layer   : id=313939 Destroyed Transition Root: Task=1#313939
01-23 11:49:18.244  2775  6325 D SurfaceComposerClient: setCornerRadius ## 9edd74d com.sec.android.app.launcher/com.sec.android.app.launcher.activities.LauncherActivity#159 cornerRadius=0.000000
01-23 11:49:18.244  4373 23977 I HoneySpace.Memory-Monitor: current state = 2, didTrim = false
01-23 11:49:18.244  2775  6325 D SurfaceComposerClient: setCornerRadius ## 9edd74d com.sec.android.app.launcher/com.sec.android.app.launcher.activities.LauncherActivity#159 cornerRadius=0.000000
01-23 11:49:18.245  2775  6325 I WindowManager: Relayout hash=d8ad0a8, pid=24412, syncId=-1: mAttrs={(0,0)(fillxfill) sim={adjust=pan} layoutInDisplayCutoutMode=always ty=BASE_APPLICATION wanim=0x1030306
01-23 11:49:18.245  2775  6325 I WindowManager:   fl=81810100
01-23 11:49:18.245  2775  6325 I WindowManager:   pfl=10008840
01-23 11:49:18.245  2775  6325 I WindowManager:   bhv=1
01-23 11:49:18.245  2775  6325 I WindowManager:   fitSides=0
01-23 11:49:18.245  2775  6325 I WindowManager:   frameRateBoostOnTouch=true
01-23 11:49:18.245  2775  6325 I WindowManager:   dvrrWindowFrameRateHint=true naviIconColor=0
01-23 11:49:18.245  2775  6325 I WindowManager:   sfl=1}
01-23 11:49:18.245 24412 24412 I VRI[SubSettings]@f31f66e: Relayout returned: old=(0,0,1440,3120) new=(0,0,1440,3120) relayoutAsync=false req=(1440,3120)8 dur=1 res=0x2 s={false 0x0} ch=false seqId=0
01-23 11:49:18.246  1833  4102 I SurfaceFlinger: id=313941 Removed Surface(name=Task=33712)/@0x4743479_transition-leash#313941 (206)
01-23 11:49:18.246  1833  4102 I SurfaceFlinger: id=313940 Removed Surface(name=Task=1)/@0x6dc3d7d_transition-leash#313940 (206)
01-23 11:49:18.246  2775  6325 E WindowManager: win=Window{d8ad0a8 u0 com.android.settings/com.android.settings.SubSettings} destroySurfaces: appStopped=true cleanupOnResume=false win.mWindowRemovalAllowed=false win.mRemoveOnExit=false win.mViewVisibility=8 caller=com.android.server.wm.ActivityRecord.destroySurfaces:25 com.android.server.wm.ActivityRecord.activityStopped:192 com.android.server.wm.ActivityClientController.activityStopped:97 android.app.IActivityClientController$Stub.onTransact:740 com.android.server.wm.ActivityClientController.onTransact:1 android.os.Binder.execTransactInternal:1462 android.os.Binder.execTransact:1401
01-23 11:49:18.246  2775  2904 D SGM:FgCheckThread: getForegroundApp(), foregroundPkgName=com.sec.android.app.launcher
01-23 11:49:18.247  2775  3692 D BackgroundInstallControlService: Package event received: 0
01-23 11:49:18.247  2775  2904 D SGM:FgCheckThread: pkgName: com.android.settings is in foreground
01-23 11:49:18.251  2775  2902 D PkgPredictorService-SecIpmManagerServiceImpl: bg information pid:24412 uid:1000 pkgName:com.android.settings
01-23 11:49:18.251  2775  2902 D SGM:GameManager: identifyForegroundApp. com.sec.android.app.launcher, mCurrentUserId: 0, callerUserId: 0
01-23 11:49:18.251  2775  2902 D SGM:SemGameManager: isForegroundGame(), ret=false
01-23 11:49:18.252 15282 31419 I SAMSUNGWALLET: [Hint_ProcessStatusChange] fg Change, pid : 24412 , isNotify : true , isForeground : false , fg list : []
01-23 11:49:18.252  2775  2902 D SGM:GameManager: identifyForegroundApp. com.sec.android.app.launcher, mCurrentUserId: 0, callerUserId: 0
01-23 11:49:18.252  2775  2902 D SGM:SemGameManager: isForegroundGame(), ret=false
01-23 11:49:18.252 15282 28303 I SAMSUNGWALLET: [Hint_ProcessStatusChange] fg Change, pid : 24412 , isNotify : false , isForeground : false , fg list : []
01-23 11:49:18.252  2775  2775 I WALLPAPER_SVC:SemWallpaperManagerService: isHomeActivityVisible : true
01-23 11:49:18.252  2775  2775 D WALLPAPER_SVC:WallpaperData: getWallpaperFile: file = /data/system/users/0/wallpaper_orig
01-23 11:49:18.252  2775  2775 D WALLPAPER_SVC:WallpaperData: getWallpaperFile: file = /data/system/users/0/wallpaper_orig
01-23 11:49:18.252  2775  2775 D WALLPAPER_SVC:WallpaperManagerService: dispatchHomeVisibilityChanged: visible = true, connection = com.android.server.wallpaper.WallpaperManagerService$WallpaperConnection@902706c, systemWallpaper = WallpaperData@b9d75f5, id: 4, which: 7, file mod: 0, info: WallpaperInfo{com.samsung.android.wallpaper.live.infinity.InfinityWallpaper, settings: null}, engine(s): Proxy@9be7ba4, type = 7, userId = 0, uri= null, allowBackup= true, wallpaperComponent = ComponentInfo{com.samsung.android.wallpaper.live/com.samsung.android.wallpaper.live.infinity.InfinityWallpaper}, nextWallpaperComponent = ComponentInfo{com.samsung.android.wallpaper.live/com.samsung.android.wallpaper.live.infinity.InfinityWallpaper}
01-23 11:49:18.254 15282 16461 I SAMSUNGWALLET: [Hint_SimpleHintProcessMonitor] isHomePackageRunning topPkgName = com.sec.android.app.launcher, topClsName = com.sec.android.app.launcher.Launcher, return true , se : true
01-23 11:49:18.254  4373  4373 I GWT:HostView: [launcher] appWidgetId-3 getBackgroundOpacity : 255
01-23 11:49:18.254  4373  4373 I GWT:HostView: [launcher] [host-1.1.6] setBackgroundView: changed=false l=com.honeyspace.ui.common.widget.WidgetHostViewContainer$registerLabelUpdateListener$1@a2cc254
01-23 11:49:18.254 15282 15282 I SAMSUNGWALLET: [Hint_PayHintService] Hint Status - already visible, skip show
01-23 11:49:18.260  1833  1833 I SurfaceFlinger: destroyed Surface(name=Task=33712)/@0x4743479_transition-leash#313941 form LifecycleManager
01-23 11:49:18.260  1833  1833 I SurfaceFlinger: destroyed Surface(name=Task=1)/@0x6dc3d7d_transition-leash#313940 form LifecycleManager
01-23 11:49:18.260  4373  4373 I HoneySpace.WallpaperAnimator: destroyWallpaperSurface Surface(name=Surface(name=RemoteWallpaperAnim:1:1)/@0x9f2e569 - animation-leash of remote_wallpaper)/@0xd2f8239
01-23 11:49:18.260  1833  1833 I SurfaceFlinger: [LayerHierarchy{RequestedLayerState{com.android.settings/com.android.settings.SubSettings$_24412#313880} no children}] reparent to OffscreenRoot
01-23 11:49:18.260  1833  1833 I SurfaceFlinger: [LayerHierarchy{RequestedLayerState{com.android.settings/com.android.settings.SubSettings$_24412#313880} no children}] RelativeParent to null
01-23 11:49:18.260  4373  4373 I HoneySpace.WallpaperAnimator: wallpaper animation end [134086782]
01-23 11:49:18.260  1833  1833 I SurfaceFlinger: id=313941 onLayerDestroyed from LayerHierarchyBuilder(RequestedLayerState{Surface(name=Task=33712)/@0x4743479_transition-leash#313941 !handle z=7})
01-23 11:49:18.260  1833  1833 I SurfaceFlinger: id=313940 onLayerDestroyed from LayerHierarchyBuilder(RequestedLayerState{Surface(name=Task=1)/@0x6dc3d7d_transition-leash#313940 !handle z=6})
01-23 11:49:18.260 24412 30499 D HWUI    : CacheManager::trimMemory(20)
01-23 11:49:18.261  2775  5137 I WindowManager: Cancelling animation restarting=false, leash=Surface(name=Surface(name=RemoteWallpaperAnim:1:1)/@0x9f2e569 - animation-leash of remote_wallpaper)/@0xb28730a
01-23 11:49:18.261  2775  5137 I WindowManager: Reparenting to original parent: Surface(name=OneHanded:0:14)/@0x687dbee, destroy=false, surface=Surface(name=RemoteWallpaperAnim:1:1)/@0x9f2e569
01-23 11:49:18.261  1833  1833 I Layer   : id=313941 Destroyed Surface(name=Task=33712)/@0x4743479_transition-leash#313941
01-23 11:49:18.261  1833  1833 I Layer   : id=313940 Destroyed Surface(name=Task=1)/@0x6dc3d7d_transition-leash#313940
01-23 11:49:18.261  2775  5137 D WindowManager: mRunner#onAnimationCancelled, leash=Surface(name=Surface(name=RemoteWallpaperAnim:1:1)/@0x9f2e569 - animation-leash of remote_wallpaper)/@0xb28730a, caller=com.android.server.wm.SurfaceAnimator.cancelAnimation:14 com.android.server.wm.SurfaceAnimator.cancelAnimation:1 com.android.server.wm.WindowContainer.cancelAnimation:3 com.android.server.wm.WindowManagerService.finishRemoteWallpaperAnimation:81 android.view.IWindowManager$Stub.onTransact:4336
01-23 11:49:18.261  4373  4396 I HoneySpace.WallpaperAnimator: onAnimationCancelled
01-23 11:49:18.261  2775  5137 D WindowManager: finishRemoteWallpaperAnimation, success=true
01-23 11:49:18.262  4373  4373 I TraceUtils: widget onLayout 3
01-23 11:49:18.262  4373  4373 I GWT:HostView: [launcher] appWidgetId-3 getBackgroundOpacity : 255
01-23 11:49:18.262  4373  4373 I GWT:HostView: [launcher] [host-1.1.6] setBackgroundView: changed=false l=com.honeyspace.ui.common.widget.WidgetHostViewContainer$registerLabelUpdateListener$1@a2cc254
01-23 11:49:18.274  1258  1258 D io_stats: !@   8,0 r 378382201 3918552380 w 34932876 840308368 d 5755990 1098255008 f 795425 3469086 iot 42156576 0 th 0 0 0 pt 0 inp 0 0 888855.714
01-23 11:49:18.274  1258  1258 D io_stats: !@ Read_top(KB): id.app.launcher(4373) 8888 kworker/u16:18(25894) 5304 kworker/u16:5(15063) 3264
01-23 11:49:18.274  1258  1258 D io_stats: !@ Write_top(KB): kworker/u16:18(25894) 92 roid.honeyboard(9409) 80 id.diagmonagent(7342) 28
01-23 11:49:18.277  1833  1833 I SurfaceFlinger: id=313880 Removed com.android.settings/com.android.settings.SubSettings$_24412#313880 (204)
01-23 11:49:18.294  1833  1833 I SurfaceFlinger: destroyed com.android.settings/com.android.settings.SubSettings$_24412#313880 form LifecycleManager
01-23 11:49:18.294  1833  1833 I SurfaceFlinger: [LayerHierarchy{RequestedLayerState{RemoteWallpaperAnim:1:1#7 parentId=4 z=1} 1 children}] reparent to LayerHierarchy{RequestedLayerState{OneHanded:0:14#4 parentId=3} 4 children}
01-23 11:49:18.294  1833  1833 I SurfaceFlinger: [LayerHierarchy{RequestedLayerState{Surface(name=RemoteWallpaperAnim:1:1)/@0x9f2e569 - animation-leash of remote_wallpaper#313942 z=1} no children}] reparent to OffscreenRoot
01-23 11:49:18.294  1833  1833 I SurfaceFlinger: [LayerHierarchy{RequestedLayerState{Surface(name=RemoteWallpaperAnim:1:1)/@0x9f2e569 - animation-leash of remote_wallpaper#313942 z=1} no children}] RelativeParent to null
01-23 11:49:18.294  1833  1833 I SurfaceFlinger: id=313880 onLayerDestroyed from LayerHierarchyBuilder(RequestedLayerState{com.android.settings/com.android.settings.SubSettings$_24412#313880 !handle})
01-23 11:49:18.294  4373  4373 W FrameTracker: Missed App frame:JANK_APPLICATION, 422112382, 20059895, CUJ=J<LAUNCHER_APP_CLOSE_TO_HOME::systemkey>
01-23 11:49:18.295  1833  1833 I Layer   : id=313880 Destroyed com.android.settings/com.android.settings.SubSettings$_24412#313880
01-23 11:49:18.295  1833  1833 I SurfaceFlinger: id=313942 Removed Surface(name=RemoteWallpaperAnim:1:1)/@0x9f2e569 - animation-leash of remote_wallpaper#313942 (203)
01-23 11:49:18.310  1833  1833 I SurfaceFlinger: destroyed Surface(name=RemoteWallpaperAnim:1:1)/@0x9f2e569 - animation-leash of remote_wallpaper#313942 form LifecycleManager
01-23 11:49:18.310  1833  1833 I SurfaceFlinger: id=313942 onLayerDestroyed from LayerHierarchyBuilder(RequestedLayerState{Surface(name=RemoteWallpaperAnim:1:1)/@0x9f2e569 - animation-leash of remote_wallpaper#313942 !handle z=1})
