01-23 11:49:20.824  1833  2289 I VSyncReactor: Current= 60, Period= 60, Distance= 60
01-23 11:49:20.986  2775  4843 I NSLocationMonitor: getGPSUsingApps() called
01-23 11:49:20.986  4844  4882 I NSLocationManager_FLP: getGPSUsingApps, No change
01-23 11:49:21.003  2775  4843 D FreecessController: FZ : com.samsung.android.game.gamehome(10325) [8547] reason: Bg [cached:X
01-23 11:49:21.003  2775  4843 D FreecessHandler: freeze com.samsung.android.game.gamehome(10325) result : 0
01-23 11:49:21.004  2775  4843 W LocationManagerService: onFreezeStateChanged, uid[10325]=true
01-23 11:49:21.004  2775  4843 I PowerManagerService: [PWL] SetWakeLockEnableDisable uid = 10325 , disable= true
01-23 11:49:21.005  2775  4843 I PowerManagerService: [PWL] can not change uid =  10325
01-23 11:49:21.169  2775  3464 D ActivityManager: Received BROADCAST intent 0xb7dc6ae Key{broadcastIntent pkg=com.android.nfc intent=act=android.nfc.intent.action.WATCHDOG xflg=0x4 flags=0x4000000 u=0} requestCode=0 sent=0 from uid 1000
01-23 11:49:21.173  2775  3464 D ActivityManager: Received BROADCAST intent 0xa245f8b Key{broadcastIntent pkg=com.whatsapp intent=act=com.whatsapp.alarm.CLIENT_PING_PERIODIC xflg=0x4 pkg=com.whatsapp flags=0x4000000 u=0} requestCode=0 sent=0 from uid 1000
01-23 11:49:21.176  4186  4186 D NfcService: handleMessage: MSG_WATCHDOG_PING
01-23 11:49:21.312  2775  4776 D NetdEventListenerService: CSC Feature value: true
01-23 11:49:21.312  2775  4776 D NetdEventListenerService: CSC Feature value: true
01-23 11:49:21.394  1640  1759 I minksocket: MinkIPC MESSAGE: ( 1640:1759 ) MinkIPC_QRTR_Service:351 minkipc = 0xb4000070936e74f0 sock = 12, client with node 1 port 4c18 went down
01-23 11:49:21.395  1640  1765 I minksocket: MinkIPC MESSAGE: ( 1640:1765 ) MinkIPC_QRTR_Service:351 minkipc = 0xb4000070936e4d10 sock = 25, client with node 1 port 4c18 went down
01-23 11:49:21.397  1640  1759 I minksocket: MinkIPC MESSAGE: ( 1640:1759 ) MinkIPC_QRTR_Service:351 minkipc = 0xb4000070936e74f0 sock = 12, client with node 1 port 4c19 went down
01-23 11:49:21.397  1640  1765 I minksocket: MinkIPC MESSAGE: ( 1640:1765 ) MinkIPC_QRTR_Service:351 minkipc = 0xb4000070936e4d10 sock = 25, client with node 1 port 4c19 went down
01-23 11:49:21.400  1640  1759 I minksocket: MinkIPC MESSAGE: ( 1640:1759 ) MinkIPC_QRTR_Service:351 minkipc = 0xb4000070936e74f0 sock = 12, client with node 1 port 4c1a went down
01-23 11:49:21.400  1640  1765 I minksocket: MinkIPC MESSAGE: ( 1640:1765 ) MinkIPC_QRTR_Service:351 minkipc = 0xb4000070936e4d10 sock = 25, client with node 1 port 4c1a went down
01-23 11:49:21.401  1640  1765 I minksocket: MinkIPC MESSAGE: ( 1640:1765 ) MinkIPC_QRTR_Service:351 minkipc = 0xb4000070936e4d10 sock = 25, client with node 1 port 4c1c went down
01-23 11:49:21.402  1640  1759 I minksocket: MinkIPC MESSAGE: ( 1640:1759 ) MinkIPC_QRTR_Service:351 minkipc = 0xb4000070936e74f0 sock = 12, client with node 1 port 4c1c went down
01-23 11:49:21.404  1640  1759 I minksocket: MinkIPC MESSAGE: ( 1640:1759 ) MinkIPC_QRTR_Service:351 minkipc = 0xb4000070936e74f0 sock = 12, client with node 1 port 4c1d went down
01-23 11:49:21.404  1640  1765 I minksocket: MinkIPC MESSAGE: ( 1640:1765 ) MinkIPC_QRTR_Service:351 minkipc = 0xb4000070936e4d10 sock = 25, client with node 1 port 4c1d went down
01-23 11:49:21.407  1640  1759 I minksocket: MinkIPC MESSAGE: ( 1640:1759 ) MinkIPC_QRTR_Service:351 minkipc = 0xb4000070936e74f0 sock = 12, client with node 1 port 4c1e went down
01-23 11:49:21.407  1640  1765 I minksocket: MinkIPC MESSAGE: ( 1640:1765 ) MinkIPC_QRTR_Service:351 minkipc = 0xb4000070936e4d10 sock = 25, client with node 1 port 4c1e went down
01-23 11:49:21.494  1640  1759 I minksocket: MinkIPC MESSAGE: ( 1640:1759 ) MinkIPC_QRTR_Service:351 minkipc = 0xb4000070936e74f0 sock = 12, client with node 1 port 4c20 went down
01-23 11:49:21.495  1640  1765 I minksocket: MinkIPC MESSAGE: ( 1640:1765 ) MinkIPC_QRTR_Service:351 minkipc = 0xb4000070936e4d10 sock = 25, client with node 1 port 4c20 went down
01-23 11:49:21.500  1640  1759 I minksocket: MinkIPC MESSAGE: ( 1640:1759 ) MinkIPC_QRTR_Service:351 minkipc = 0xb4000070936e74f0 sock = 12, client with node 1 port 4c21 went down
01-23 11:49:21.500  1640  1765 I minksocket: MinkIPC MESSAGE: ( 1640:1765 ) MinkIPC_QRTR_Service:351 minkipc = 0xb4000070936e4d10 sock = 25, client with node 1 port 4c21 went down
01-23 11:49:21.507  1640  1759 I minksocket: MinkIPC MESSAGE: ( 1640:1759 ) MinkIPC_QRTR_Service:351 minkipc = 0xb4000070936e74f0 sock = 12, client with node 1 port 4c22 went down
01-23 11:49:21.507  1640  1765 I minksocket: MinkIPC MESSAGE: ( 1640:1765 ) MinkIPC_QRTR_Service:351 minkipc = 0xb4000070936e4d10 sock = 25, client with node 1 port 4c22 went down
01-23 11:49:21.511  1640  1759 I minksocket: MinkIPC MESSAGE: ( 1640:1759 ) MinkIPC_QRTR_Service:351 minkipc = 0xb4000070936e74f0 sock = 12, client with node 1 port 4c23 went down
01-23 11:49:21.512  1640  1765 I minksocket: MinkIPC MESSAGE: ( 1640:1765 ) MinkIPC_QRTR_Service:351 minkipc = 0xb4000070936e4d10 sock = 25, client with node 1 port 4c23 went down
01-23 11:49:21.664  1817  1852 E HeatmapThread: ECT Thread time in milliseconds: 1769165361
01-23 11:49:21.666  1817  1852 D HeatmapThread: !@ batteryplugType : 2
01-23 11:49:21.667  1817  1852 D HeatmapThread: !@ batteryLevel : 69  batteryTemperature : 274
01-23 11:49:21.667  1817  1852 D HeatmapThread: !@ Heatmap currtime: 29486089
01-23 11:49:21.667  1817  1852 D HeatmapThread: !@ Heatmap prevtime: 29486067
01-23 11:49:21.667  1817  1852 D HeatmapThread: !@ Heatmap plugstarttime: 29486089
01-23 11:49:21.668  1817  1852 D HeatmapThread: !@ Heatmap prevv_dsoh_update_time: 29485304
01-23 11:49:21.668  1817  1852 E HeatmapThread: !@ CAM New BSOH: 100
01-23 11:49:21.783  4373  4565 I HoneySpace.StatusIconTracker: invokeEvent() called with: event = Mobile(bundle=Bundle[mParcelledData.dataSize=256])
01-23 11:49:21.790  1833  2289 I VSyncReactor: Current= 60, Period= 60, Distance= 1
01-23 11:49:21.804 12784 12784 I ContactsProvider: [P] onTrimMemory-success
01-23 11:49:21.806  1833  2289 I VSyncReactor: Current= 60, Period= 60, Distance= 60
01-23 11:49:22.253  2775  3510 D SemInputMotionEventDispatcher: registerMotionEventListener: already registered: com.samsung.android.hardware.secinputdev.taas.ExternalApi$5@27d8d7b
01-23 11:49:22.276  2775  3439 D ActivityManager: FCA:Reclamation for pid: 29775
01-23 11:49:22.276  1258  1258 D io_stats: !@   8,0 r 378382541 3918585620 w 34932907 840308532 d 5755990 1098255008 f 795426 3469089 iot 42156736 0 th 0 0 0 pt 0 inp 0 0 888859.716
01-23 11:49:22.277  1258  1258 D io_stats: !@ Read_top(KB): kworker/u16:0(22151) 17284 kworker/u16:18(25894) 11380 system_server(2775) 2392
01-23 11:49:22.277  1258  1258 D io_stats: !@ Write_top(KB): kworker/u16:18(25894) 76 sait.sohservice(22558) 40 droid.rubin.app(16404) 20
01-23 11:49:22.318  2775  3439 D ActivityManager: FCA:Reclamation for pid: 13916
01-23 11:49:22.396  1640  1759 I minksocket: MinkIPC MESSAGE: ( 1640:1759 ) MinkIPC_QRTR_Service:351 minkipc = 0xb4000070936e74f0 sock = 12, client with node 1 port 4c1b went down
01-23 11:49:22.396  1640  1765 I minksocket: MinkIPC MESSAGE: ( 1640:1765 ) MinkIPC_QRTR_Service:351 minkipc = 0xb4000070936e4d10 sock = 25, client with node 1 port 4c1b went down
01-23 11:49:22.398  1640  1759 I minksocket: MinkIPC MESSAGE: ( 1640:1759 ) MinkIPC_QRTR_Service:351 minkipc = 0xb4000070936e74f0 sock = 12, client with node 1 port 4c1f went down
01-23 11:49:22.398  1640  1765 I minksocket: MinkIPC MESSAGE: ( 1640:1765 ) MinkIPC_QRTR_Service:351 minkipc = 0xb4000070936e4d10 sock = 25, client with node 1 port 4c1f went down
01-23 11:49:22.476  1668 21964 I sensors-hal: handle_sns_client_event:375, [0][20899] accel_sample [ 0.397,  8.453,  4.642] 1499688603138872
01-23 11:49:22.594  1640  1759 I minksocket: MinkIPC MESSAGE: ( 1640:1759 ) MinkIPC_QRTR_Service:351 minkipc = 0xb4000070936e74f0 sock = 12, client with node 1 port 4c24 went down
01-23 11:49:22.595  1640  1765 I minksocket: MinkIPC MESSAGE: ( 1640:1765 ) MinkIPC_QRTR_Service:351 minkipc = 0xb4000070936e4d10 sock = 25, client with node 1 port 4c24 went down
01-23 11:49:22.598  1640  1759 I minksocket: MinkIPC MESSAGE: ( 1640:1759 ) MinkIPC_QRTR_Service:351 minkipc = 0xb4000070936e74f0 sock = 12, client with node 1 port 4c25 went down
01-23 11:49:22.599  1640  1765 I minksocket: MinkIPC MESSAGE: ( 1640:1765 ) MinkIPC_QRTR_Service:351 minkipc = 0xb4000070936e4d10 sock = 25, client with node 1 port 4c25 went down
01-23 11:49:22.603  1640  1759 I minksocket: MinkIPC MESSAGE: ( 1640:1759 ) MinkIPC_QRTR_Service:351 minkipc = 0xb4000070936e74f0 sock = 12, client with node 1 port 4c26 went down
01-23 11:49:22.603  1640  1765 I minksocket: MinkIPC MESSAGE: ( 1640:1765 ) MinkIPC_QRTR_Service:351 minkipc = 0xb4000070936e4d10 sock = 25, client with node 1 port 4c26 went down
01-23 11:49:22.605  1640  1759 I minksocket: MinkIPC MESSAGE: ( 1640:1759 ) MinkIPC_QRTR_Service:351 minkipc = 0xb4000070936e74f0 sock = 12, client with node 1 port 4c27 went down
01-23 11:49:22.606  1640  1765 I minksocket: MinkIPC MESSAGE: ( 1640:1765 ) MinkIPC_QRTR_Service:351 minkipc = 0xb4000070936e4d10 sock = 25, client with node 1 port 4c27 went down
01-23 11:49:22.664  1817  1852 E HeatmapThread: ECT Thread time in milliseconds: 1769165362
01-23 11:49:22.668  1817  1852 D HeatmapThread: !@ batteryplugType : 2
01-23 11:49:22.668  1817  1852 D HeatmapThread: !@ batteryLevel : 69  batteryTemperature : 274
01-23 11:49:22.668  1817  1852 D HeatmapThread: !@ Heatmap currtime: 29486089
01-23 11:49:22.668  1817  1852 D HeatmapThread: !@ Heatmap prevtime: 29486067
01-23 11:49:22.668  1817  1852 D HeatmapThread: !@ Heatmap plugstarttime: 29486089
01-23 11:49:22.668  1817  1852 D HeatmapThread: !@ Heatmap prevv_dsoh_update_time: 29485304
01-23 11:49:22.668  1817  1852 E HeatmapThread: !@ CAM New BSOH: 100
01-23 11:49:22.786  4373  4565 I HoneySpace.StatusIconTracker: invokeEvent() called with: event = Mobile(bundle=Bundle[mParcelledData.dataSize=256])
01-23 11:49:22.794  1668  6974 I sensors-hal: handle_sns_std_sensor_event:131, [SSC_LIGHT] A: 32(32),c:43,b:132,m:13,cl:17,l:30,s:31,l0:7200,l1:416,s0:4500,s1:0,acl:1,opr:0.13,f(r):96,u(bl):88,if:0,wi:3,si:0,po:205(N:0)
01-23 11:49:22.799  1668 23468 I sensors-hal: get_flicker_als_data:183, [SSC_LIGHT] flicker lux: 83 (246800, 10340, dw: 32)
01-23 11:49:22.799  1668 23468 I sensors-hal: handle_sns_std_sensor_event:409, [SSC_LIGHT] P: 32(32),c:43,b:132,m:13,cl:17,l:30,s:31,l0:7200,l1:416,s0:4500,s1:0,acl:1,opr:0.13,f(r):96,u(bl):88,if:0,wi:3,si:0,po:205(N:0)
01-23 11:49:22.805  1833  2289 I VSyncReactor: Current= 60, Period= 60, Distance= 1
01-23 11:49:22.822  1833  2289 I VSyncReactor: Current= 60, Period= 60, Distance= 60
01-23 11:49:22.977  2775  3491 D InputReader: Btn_touch(5): value=1 when=888860.417526
01-23 11:49:22.977  2775  3491 I InputReader: Touch event's action is 0x0 (id=6, t=0) [pCnt=1, s=0.8881 ] when=888860.417526
01-23 11:49:22.978  2775  3490 I InputDispatcher: Delivering touch to (3864): action: 0x4, f=0x0, d=0, 'b4d9bd3', t=1
01-23 11:49:22.979  2775  3490 I InputDispatcher: Delivering touch to (4373): action: 0x0, f=0x0, d=0, '9edd74d', t=1
01-23 11:49:22.979  2775  3490 D PowerManagerService: [api] userActivityFromNative : touch displayId=0 eventTime=888860417
01-23 11:49:22.980  2775  3490 D PowerManagerService: UserActivityStateListenerState: 1
01-23 11:49:22.980  2775  2902 I GestureDetector: obtain mCurrentDownEvent. id: 773121667 caller: com.android.server.wm.SystemGesturesPointerEventListener.onPointerEvent:17 com.android.server.wm.PointerEventDispatcher.onInputEvent:51 android.view.InputEventReceiver.dispatchInputEvent:392
01-23 11:49:22.980  2775  2902 I GestureDetector: obtain mCurrentDownEvent. id: 773121667 caller: com.android.server.wm.SystemPerformancePointerEventListener.onPointerEvent:13 com.android.server.wm.PointerEventDispatcher.onInputEvent:51 android.view.InputEventReceiver.dispatchInputEvent:392
01-23 11:49:22.981  3996  3996 I SprWallpaper|InfinityWallpaper: onTouchEvent distance = 0.0
01-23 11:49:22.982  4373  4373 I VRI[LauncherActivity]@7eef868: ViewPostIme pointer 0
01-23 11:49:22.983  4373  4373 I HoneySpace.IconHoney: call activeLaunch 313563
01-23 11:49:22.984  2775  4776 I Pageboost: start alp : org.lolobom.ibomselector
01-23 11:49:22.985  2775  3836 I Pageboost: alp for : org.lolobom.ibomselector , 0
01-23 11:49:22.985  2775  4776 W ContextImpl: Calling a method in the system process without a qualified user: android.app.ContextImpl.startActivity:1189 com.android.server.am.ActivityManagerService.doActiveLaunch:101 android.app.IActivityManager$Stub.onTransact:5083 com.android.server.am.ActivityManagerService.onTransact:425 android.os.Binder.execTransactInternal:1462
01-23 11:49:22.985  2775  4776 D ActivityTaskManager: startActivityAsUser: callingPid=2775, callingUid=1000, caller=com.android.server.wm.ActivityTaskManagerService.startActivity:123 android.app.Instrumentation.execStartActivity:2010 android.app.ContextImpl.startActivity:1207 com.android.server.am.ActivityManagerService.doActiveLaunch:101 android.app.IActivityManager$Stub.onTransact:5083 com.android.server.am.ActivityManagerService.onTransact:425 android.os.Binder.execTransactInternal:1462
01-23 11:49:22.985  2775  2902 I GestureDetector: obtain mCurrentMotionEventRaw. action: 2 id: 63970245
01-23 11:49:22.985  2775  2902 I GestureDetector: obtain mCurrentMotionEventRaw. action: 2 id: 63970245
01-23 11:49:22.986  2775  4776 D ActivityTaskManager: request preloading for newly launching app
01-23 11:49:22.986  2775  4776 I ActivityTaskManager: starting ActiveLaunch
01-23 11:49:22.987  2775  4776 D ActivityManager: starting Active launch
01-23 11:49:22.988  3996  3996 I SprWallpaper|InfinityWallpaper: onTouchEvent distance = 0.0
01-23 11:49:22.988  4990 24393 E pageboostd: alp start : app orglolobomibomselector
01-23 11:49:22.990  4373  4373 I HoneySpace.LongPressTouchController: ACTION_DOWN, (730.5469, 429.60938)
01-23 11:49:22.991  4373  4373 I HoneySpace.LongPressTouchController: is not VacantCell
01-23 11:49:22.992  4373  4373 I HoneySpace.HomeView: findControllerToHandleTouch ev = 0
01-23 11:49:22.992  4373  4373 I HoneySpace.HoneyWindowController: windowMap[it.hashCode()]?.get()=com.android.internal.policy.PhoneWindow@3dd87bc
01-23 11:49:22.992  4373  4373 I HoneySpace.StatusBarTouchController: canInterceptTouch showNotificationPanel : false systemUiProxy.isActive() = true honeyScreenManager.currentHoneyScreen : HOME honeyScreen.currentHoneyState : com.honeyspace.sdk.HomeScreen$Normal@c0932c0
01-23 11:49:22.992  4373  4373 I HoneySpace.FinderTouchController: onControllerInterceptTouchEvent :: canInterceptTouch() = false, QuickOptionUtil.isShowQuickOption() : false QuickOptionUtil.isDragging : false
01-23 11:49:22.993  4373  4373 I HoneySpace.HomeAppsTouchController: currentChangeState : com.honeyspace.sdk.HomeScreen$Normal@c0932c0, currentHoneyState : com.honeyspace.sdk.HomeScreen$Normal@c0932c0, EditLockPopup : false, isOpenFolderMode : false, isChildScrolling : false, isDragAnimRunning : false
01-23 11:49:22.993  4373  4373 I HoneySpace.HomeAppsTouchController: currentChangeState : com.honeyspace.sdk.HomeScreen$Normal@c0932c0, currentHoneyState : com.honeyspace.sdk.HomeScreen$Normal@c0932c0, EditLockPopup : false, isOpenFolderMode : false, isChildScrolling : false, isDragAnimRunning : false
01-23 11:49:22.993  4373  4373 I HoneySpace.PageEditTouchController: onControllerInterceptTouchEvent, isInProgress = false
01-23 11:49:22.993  3996  3996 I SprWallpaper|InfinityWallpaper: onTouchEvent distance = 0.0
01-23 11:49:22.994  4373  4373 I HoneySpace.WorkspaceFastRecyclerView: dispatchTouchEvent() event.action=0
01-23 11:49:22.994  4373  4373 I HoneySpace.WorkspaceFastRecyclerView: processDownMotionEvent, index = 0, id = 0
01-23 11:49:22.994  4373  4373 I HoneySpace.WorkspaceFastRecyclerView: initTouchPoint, index = 0, id = 0
01-23 11:49:22.995  4373  4373 I HoneySpace.IconView: start dim animation : IBom Selector
01-23 11:49:22.996  4373  4373 I VRI[LauncherActivity]@7eef868: call setFrameRateCategory for touch hint category=high hint, reason=touch, vri=VRI[LauncherActivity]@7eef868
01-23 11:49:23.001  3996  3996 I SprWallpaper|InfinityWallpaper: onTouchEvent distance = 0.0
01-23 11:49:23.005  1833  1833 I SurfaceFlinger: [com.sec.android.app.launcher/com.sec.android.app.launcher.activities.LauncherActivity$_4373#313935] setFrameRateCategory: HighHint
01-23 11:49:23.005  4373  4373 I HoneySpace.HomeView: findControllerToHandleTouch ev = 2
01-23 11:49:23.005  4373  4373 I HoneySpace.FinderTouchController: onControllerInterceptTouchEvent :: canInterceptTouch() = false, QuickOptionUtil.isShowQuickOption() : false QuickOptionUtil.isDragging : false
01-23 11:49:23.005  4373  4373 I HoneySpace.HomeAppsTouchController: currentChangeState : com.honeyspace.sdk.HomeScreen$Normal@c0932c0, currentHoneyState : com.honeyspace.sdk.HomeScreen$Normal@c0932c0, EditLockPopup : false, isOpenFolderMode : false, isChildScrolling : false, isDragAnimRunning : false
01-23 11:49:23.006  4373  4373 I HoneySpace.PageEditTouchController: onControllerInterceptTouchEvent, isInProgress = false
01-23 11:49:23.006  4373  4373 I HoneySpace.MinusOnePageController: ACTION_MOVE isValidState: false isNormalState: true shouldStartScroll: false delta: 0.0 isScrollableItemTouch: false touchSlop: 42.0 minusOnePageMover: n4.j@a6fe992
01-23 11:49:23.006  4373  4373 I HoneySpace.WorkspaceFastRecyclerView: updateIsBeingDraggedOnTouchDown touchSlop:42, diff:0, moved:false, useLongTouchSlop:true
01-23 11:49:23.009  3996  3996 I SprWallpaper|InfinityWallpaper: onTouchEvent distance = 0.0
01-23 11:49:23.014  3864  4017 D ShellStartingWindow: preload Icon org.lolobom.ibomselector
01-23 11:49:23.017  3996  3996 I SprWallpaper|InfinityWallpaper: onTouchEvent distance = 0.0
01-23 11:49:23.019  4990 24393 E pageboostd: orglolobomibomselector, amt 0 scnt 0 fcnt 0
01-23 11:49:23.019  4990 24393 E pageboostd: orglolobomibomselector, amt 0 scnt 0 fcnt 0
01-23 11:49:23.019  4990 24393 E pageboostd: alp end : app orglolobomibomselector data_amount 0
01-23 11:49:23.022  4373  4373 I HoneySpace.HomeView: findControllerToHandleTouch ev = 2
01-23 11:49:23.022  4373  4373 I HoneySpace.FinderTouchController: onControllerInterceptTouchEvent :: canInterceptTouch() = false, QuickOptionUtil.isShowQuickOption() : false QuickOptionUtil.isDragging : false
01-23 11:49:23.022  4373  4373 I HoneySpace.HomeAppsTouchController: currentChangeState : com.honeyspace.sdk.HomeScreen$Normal@c0932c0, currentHoneyState : com.honeyspace.sdk.HomeScreen$Normal@c0932c0, EditLockPopup : false, isOpenFolderMode : false, isChildScrolling : false, isDragAnimRunning : false
01-23 11:49:23.022  4373  4373 I HoneySpace.PageEditTouchController: onControllerInterceptTouchEvent, isInProgress = false
01-23 11:49:23.022  4373  4373 I HoneySpace.MinusOnePageController: ACTION_MOVE isValidState: false isNormalState: true shouldStartScroll: false delta: 0.0 isScrollableItemTouch: false touchSlop: 42.0 minusOnePageMover: n4.j@a6fe992
01-23 11:49:23.022  4373  4373 I HoneySpace.WorkspaceFastRecyclerView: updateIsBeingDraggedOnTouchDown touchSlop:42, diff:0, moved:false, useLongTouchSlop:true
01-23 11:49:23.023  1593  1593 D Zygote  : Forked child process 24395
01-23 11:49:23.024  2775  2929 I ActivityManager: Start proc 24395:org.lolobom.ibomselector/u0a523 for activelaunch {org.lolobom.ibomselector/org.kivy.android.PythonActivity}
01-23 11:49:23.024  2775  2929 I ActivityManager: ProcessObserver broadcast disabled
01-23 11:49:23.025  2775  3491 D InputReader: Btn_touch(5): value=0 when=888860.465617
01-23 11:49:23.025  2775  3491 I InputReader: Touch event's action is 0x1 (id=6, t=0) [pCnt=1, s=] when=888860.465617
01-23 11:49:23.025  2775  3490 I InputDispatcher: Delivering touch to (4373): action: 0x1, f=0x0, d=0, '9edd74d', t=1
01-23 11:49:23.025  4373  4373 I HoneySpace.HomeView: findControllerToHandleTouch ev = 2
01-23 11:49:23.025  4373  4373 I HoneySpace.FinderTouchController: onControllerInterceptTouchEvent :: canInterceptTouch() = false, QuickOptionUtil.isShowQuickOption() : false QuickOptionUtil.isDragging : false
01-23 11:49:23.025  4373  4373 I HoneySpace.HomeAppsTouchController: currentChangeState : com.honeyspace.sdk.HomeScreen$Normal@c0932c0, currentHoneyState : com.honeyspace.sdk.HomeScreen$Normal@c0932c0, EditLockPopup : false, isOpenFolderMode : false, isChildScrolling : false, isDragAnimRunning : false
01-23 11:49:23.025  4373  4373 I HoneySpace.PageEditTouchController: onControllerInterceptTouchEvent, isInProgress = false
01-23 11:49:23.025  4373  4373 I HoneySpace.MinusOnePageController: ACTION_MOVE isValidState: false isNormalState: true shouldStartScroll: false delta: 0.0 isScrollableItemTouch: false touchSlop: 42.0 minusOnePageMover: n4.j@a6fe992
01-23 11:49:23.025  4373  4373 I HoneySpace.WorkspaceFastRecyclerView: updateIsBeingDraggedOnTouchDown touchSlop:42, diff:0, moved:false, useLongTouchSlop:true
01-23 11:49:23.025  3996  3996 I SprWallpaper|InfinityWallpaper: onTouchEvent distance = 0.0
01-23 11:49:23.025  4373  4373 I VRI[LauncherActivity]@7eef868: ViewPostIme pointer 1
01-23 11:49:23.025  4373  4373 I HoneySpace.HomeView: findControllerToHandleTouch ev = 1
01-23 11:49:23.025  4373  4373 I HoneySpace.FinderTouchController: onControllerInterceptTouchEvent :: canInterceptTouch() = false, QuickOptionUtil.isShowQuickOption() : false QuickOptionUtil.isDragging : false
01-23 11:49:23.025  4373  4373 I HoneySpace.HomeAppsTouchController: currentChangeState : com.honeyspace.sdk.HomeScreen$Normal@c0932c0, currentHoneyState : com.honeyspace.sdk.HomeScreen$Normal@c0932c0, EditLockPopup : false, isOpenFolderMode : false, isChildScrolling : false, isDragAnimRunning : false
01-23 11:49:23.025  4373  4373 I HoneySpace.PageEditTouchController: onControllerInterceptTouchEvent, isInProgress = false
01-23 11:49:23.025  4373  4373 I HoneySpace.WorkspaceFastRecyclerView: resetTouchState
01-23 11:49:23.026  4373  4373 I HoneySpace.WorkspaceFastRecyclerViewAdapter: onAppClick() id: 313563, event App(item=id:313563 label:IBom Selector componnet:org.lolobom.ibomselector/org.kivy.android.PythonActivity#UserHandle{0} badgeCount:0  drag:false iconState:NONE, pageId=4, posX=-1, posY=-1)
01-23 11:49:23.032  4373  4373 I HoneySpace.IconView: end dim animation : IBom Selector
01-23 11:49:23.032  4373  4373 I HoneySpace.DvfsManager: acquireAppLaunch
01-23 11:49:23.032  4373  4373 I SemDvfsHyPerManager: acquire hyper - APP_LAUNCH/4373@2, type = -999
01-23 11:49:23.032  1678  1709 I HYPER-HAL: [RequestManager.cpp]acquire(): Acquired ID : 9572502  [4373 / 2]    HINT : APP_LAUNCH    list :
01-23 11:49:23.032  4373  4373 I HoneySpace.ShellTransitionManager: startShellTransition com.honeyspace.sdk.transition.ShellTransition$Info@aa02f95, forceStart: false
01-23 11:49:23.032  7508  7508 I SemDvfsHyPerManager: acquire hyper - APP_START_SHORT/7508@22, type = -999
01-23 11:49:23.033  4373  4373 I HoneySpace.ShellAnimationRunner: setDelegate, delegate-com.honeyspace.transition.delegate.AppLaunchAnimationDelegate@6f1d8aa, strong-false
01-23 11:49:23.033  4373  4373 I HoneySpace.ShellTransitionManager: open start
01-23 11:49:23.033  4373 13413 I HoneySpace.FloatingAnimator: playerCount : 1
01-23 11:49:23.033  4373 13413 I HoneySpace.FloatingAnimator: [Player:A(23.033)] create
01-23 11:49:23.033  4373 13413 I HoneySpace.TransitionUtils: getWindowTargetBounds: Rect(0, 0 - 1440, 3120)
01-23 11:49:23.033  4373  4373 I HoneySpace.Launcher: startActivityForResult request : -1
01-23 11:49:23.033  4373 13413 I HoneySpace.FloatingAnimator: [Player:A(23.033)] setup. isLandscape:false, isTranslucent:false, screenSize[1440, 3120], isMultiTargets:false, useCurrentDrawable:false
01-23 11:49:23.034  2775  4363 D ActivityTaskManager: startActivityAsUser: callingPid=4373, callingUid=10158, caller=com.android.server.wm.ActivityTaskManagerService.startActivity:123 android.app.IActivityTaskManager$Stub.onTransact:1493 com.android.server.wm.ActivityTaskManagerService.onTransact:1 android.os.Binder.execTransactInternal:1457 android.os.Binder.execTransact:1401 <bottom of call stack> <bottom of call stack>
01-23 11:49:23.034  4373 13413 I HoneySpace.FloatingAnimator: remote targets are empty
01-23 11:49:23.034  1678  1709 I HYPER-HAL: [RequestManager.cpp]acquire(): Acquired ID : 28354237  [7508 / 22]    HINT : APP_START    list : [TIMEOUT / 1500]
01-23 11:49:23.034  4373 13413 I HoneySpace.AppLaunchAnimationDelegate: preload Player timer start! com.honeyspace.transition.anim.floating.FloatingAnimator$Player@8f83838
01-23 11:49:23.034  2775  4363 I Pageboost: onAppLaunch : org.lolobom.ibomselector
01-23 11:49:23.034  2775  3836 I Pageboost: Record App IO : org.lolobom.ibomselector pid 24395
01-23 11:49:23.035  2775  4363 D ActivityTaskManager: DesktopModeLaunchParamsModifier: task=null activity=null task null, skipping
01-23 11:49:23.035  2775  4363 D ActivityTaskManager: TaskLaunchParamsModifier:task=null activity=null display-from-option=0 display-id=0 task-display-area-windowing-mode=1 suggested-display-area=DefaultTaskDisplayArea_d0@217949894
01-23 11:49:23.035  2775  4363 W OptProp : Cannot read opt property android.window.PROPERTY_COMPAT_ALLOW_RESIZEABLE_ACTIVITY_OVERRIDES
01-23 11:49:23.036  2775  3836 I Pageboost: 64 bit checked : true for 24395
01-23 11:49:23.036  2775  4363 W OptProp : Cannot read opt property android.window.PROPERTY_COMPAT_ALLOW_MIN_ASPECT_RATIO_OVERRIDE
01-23 11:49:23.036  2775  3836 I Pageboost: IoRecord pid : 24395, started correctly
01-23 11:49:23.036  2775  4363 D WindowManager: Transition is created, t=TransitionRecord{ec2276c id=-1 type=OPEN flags=0x0}, caller=com.android.server.wm.Transition.<init>:182 com.android.server.wm.TransitionController.createAndStartCollecting:106 com.android.server.wm.ActivityStarter.executeRequest:3606 com.android.server.wm.ActivityStarter.execute:1752 com.android.server.wm.ActivityTaskManagerService.startActivityAsUser:95
01-23 11:49:23.036  2775  4363 D BLASTSyncEngine: SyncGroup is created, id=22959, name=Transition-OPEN, caller=com.android.server.wm.BLASTSyncEngine$SyncGroup.<init>:52 com.android.server.wm.TransitionController.moveToCollecting:79 com.android.server.wm.TransitionController.createAndStartCollecting:109 com.android.server.wm.ActivityStarter.executeRequest:3606 com.android.server.wm.ActivityStarter.execute:1752 com.android.server.wm.ActivityTaskManagerService.startActivityAsUser:95 com.android.server.wm.ActivityTaskManagerService.startActivity:123
01-23 11:49:23.036  2775  4363 W BLASTSyncEngine: setSyncMethod, id=22959, method=0, caller=com.android.server.wm.TransitionController.moveToCollecting:91 com.android.server.wm.TransitionController.createAndStartCollecting:109 com.android.server.wm.ActivityStarter.executeRequest:3606
01-23 11:49:23.036  2775  4363 V WindowManager: Start collecting in Transition: TransitionRecord{ec2276c id=22959 type=OPEN flags=0x0}, caller=com.android.server.wm.TransitionController.createAndStartCollecting:109 com.android.server.wm.ActivityStarter.executeRequest:3606 com.android.server.wm.ActivityStarter.execute:1752 com.android.server.wm.ActivityTaskManagerService.startActivityAsUser:95 com.android.server.wm.ActivityTaskManagerService.startActivity:123
01-23 11:49:23.036  2775  4363 V WindowManager: Collecting in transition 22959: ActivityRecord{171303221 u0 org.lolobom.ibomselector/org.kivy.android.PythonActivity, caller=com.android.server.wm.TransitionController.collect:7 com.android.server.wm.ActivityStarter.startActivityUnchecked:98 com.android.server.wm.ActivityStarter.executeRequest:3651 com.android.server.wm.ActivityStarter.execute:1752 com.android.server.wm.ActivityTaskManagerService.startActivityAsUser:95
01-23 11:49:23.036  2775  4363 D ActivityTaskManager: DesktopModeLaunchParamsModifier: task=null activity=ActivityRecord{171303221 u0 org.lolobom.ibomselector/org.kivy.android.PythonActivity t-1} task null, skipping
01-23 11:49:23.036  2775  4363 D ActivityTaskManager: TaskLaunchParamsModifier:task=null activity=ActivityRecord{171303221 u0 org.lolobom.ibomselector/org.kivy.android.PythonActivity t-1} display-from-option=0 display-id=0 task-display-area-windowing-mode=1 suggested-display-area=DefaultTaskDisplayArea_d0@217949894
01-23 11:49:23.036  2775  4363 D ActivityTaskManager: DesktopModeLaunchParamsModifier: task=null activity=ActivityRecord{171303221 u0 org.lolobom.ibomselector/org.kivy.android.PythonActivity t-1} task null, skipping
01-23 11:49:23.037  2775  4363 D ActivityTaskManager: TaskLaunchParamsModifier:task=null activity=ActivityRecord{171303221 u0 org.lolobom.ibomselector/org.kivy.android.PythonActivity t-1} display-from-option=0 display-id=0 task-display-area-windowing-mode=1 suggested-display-area=DefaultTaskDisplayArea_d0@217949894 inherit-from-source=fullscreen non-freeform-task-display-area display-area=DefaultTaskDisplayArea_d0@217949894 activity-requested-portrait freeform-size-mismatch=Rect(108, 752 - 1332, 2312)
01-23 11:49:23.037  2775  4418 I SemDvfsHyPerManager: acquire hyper - AMS_APP_SWITCH/2775@27, type = -999
01-23 11:49:23.037  4373 23993 I AppIconSolution: getThemeIconWithBG called with public API, pkg = org.lolobom.ibomselector, mode = 48
01-23 11:49:23.037  1678  1709 I HYPER-HAL: [RequestManager.cpp]acquire(): Acquired ID : 3927030  [2775 / 27]    HINT : AMS_APP_SWITCH    list :
01-23 11:49:23.037  2775  4418 D ActivityManagerPerformance: AMP_acquire() APP_SWITCH
01-23 11:49:23.037  2775  4843 D FreecessController: restrictJobsByOlaf: restrict=true, uid=10523
01-23 11:49:23.037  1833  4102 I SurfaceFlinger: id=313944 createSurf, flag=24004, Task=33727#313944
01-23 11:49:23.037  7508  7508 I SemDvfsHyPerManager: acquire hyper - APP_START_SHORT/7508@22, type = -999
01-23 11:49:23.038  4373 23993 I Kumiho-Kumiho: getPackageName: com.sec.android.app.launcher
01-23 11:49:23.038  4373 23993 I AppIconSolution: start to load, pkg=org.lolobom.ibomselector, bg=192-192, dr=448-448, forDefault=true, density=640
01-23 11:49:23.039  4373 23993 I AppIconSolution: getIconScale, pkg=org.lolobom.ibomselector, size=128, iconScale=IconScale[alpha=5, scale=0.72, isCrop=false]
01-23 11:49:23.039  2775  4363 D ActivityTaskManager: DesktopModeLaunchParamsModifier: task=Task{78d39ca #33727 type=standard A=10523:org.lolobom.ibomselector} activity=ActivityRecord{171303221 u0 org.lolobom.ibomselector/org.kivy.android.PythonActivity t-1} non-desktop, skipping
01-23 11:49:23.039  2775  4363 D ActivityTaskManager: TaskLaunchParamsModifier:task=Task{78d39ca #33727 type=standard A=10523:org.lolobom.ibomselector} activity=ActivityRecord{171303221 u0 org.lolobom.ibomselector/org.kivy.android.PythonActivity t-1} display-from-option=0 display-id=0 task-display-area-windowing-mode=1 suggested-display-area=DefaultTaskDisplayArea_d0@217949894 inherit-from-source=fullscreen non-freeform-task-display-area display-area=DefaultTaskDisplayArea_d0@217949894 activity-requested-portrait freeform-size-mismatch=Rect(108, 752 - 1332, 2312)
01-23 11:49:23.039  2775  4363 V WindowManager: Collecting in transition 22959: Task{78d39ca #33727 type=standard A=10523:org.lolobom.ibomselector}, caller=com.android.server.wm.Transition.collectExistenceChange:40 com.android.server.wm.ActivityStarter.startActivityInner:293 com.android.server.wm.ActivityStarter.startActivityUnchecked:111 com.android.server.wm.ActivityStarter.executeRequest:3651 com.android.server.wm.ActivityStarter.execute:1752
01-23 11:49:23.039  4373 23993 I Kumiho-Kumiho: getPackageName: com.sec.android.app.launcher
01-23 11:49:23.039  2775  4363 W OptProp : Cannot read opt property android.window.PROPERTY_COMPAT_ALLOW_ORIENTATION_OVERRIDE
01-23 11:49:23.039  4373 23993 I Kumiho-Kumiho: getPackageName: com.sec.android.app.launcher
01-23 11:49:23.039  2775  2775 D OlafRestriction:  olaf state update: state=true
01-23 11:49:23.039  1833  4102 I SurfaceFlinger: id=313945 createSurf, flag=84004, ActivityRecord{171303221 u0 org.lolobom.ibomselector/org.kivy.android.PythonActivity t33727}#313945
01-23 11:49:23.039  2775  2775 D OlafRestriction:  sending trigger onRestrictionStateChanged msg.
01-23 11:49:23.039 27256 27256 I [CE]_ContextEngineReceiver: onReceive - ContextEngineReceiver onReceive action : com.samsung.android.ce.sensor.LocationProvider.INTENT_MOVE_CONTEXT_PASSIVE_LOCATION
01-23 11:49:23.040 27256 27256 I [CE]_ContextEngineReceiver: onReceive - ActivityDataManager intent : com.samsung.android.ce.sensor.LocationProvider.INTENT_MOVE_CONTEXT_PASSIVE_LOCATION
01-23 11:49:23.040 27256 27256 I [CE]_MovingContextProvider: Save - Time: 1769165358707, Value: 47313.87999999947
01-23 11:49:23.040  2775  4363 D ActivityTaskManager: scheduleTopResumedActivityChanged, onTop=false, r=ActivityRecord{162979194 u0 com.sec.android.app.launcher/.activities.LauncherActivity t29189}, caller=com.android.server.wm.ActivityTaskSupervisor.scheduleTopResumedActivityStateLossIfNeeded:19 com.android.server.wm.ActivityTaskSupervisor.updateTopResumedActivityIfNeeded:20 com.android.server.wm.TaskDisplayArea.positionChildAt:252 com.android.server.wm.Task.moveToFront:40 com.android.server.wm.ActivityStarter.startActivityInner:315 com.android.server.wm.ActivityStarter.startActivityUnchecked:111
01-23 11:49:23.040  2775  4363 V WindowManager: Checking theme of starting window: 0x1030006
01-23 11:49:23.040  2775  4363 V WindowManager: Translucent=false Floating=false ShowWallpaper=false Disable=false
01-23 11:49:23.040  2775  4363 D CompatChangeReporter: Compat change id reported: 205907456; UID 10523; state: ENABLED
01-23 11:49:23.040  2775  4363 D ActivityTaskManager: addStartingWindow: type=2 typeParameter=8b
01-23 11:49:23.040  2775  4363 V WindowManager: Creating SplashScreenStartingData
01-23 11:49:23.040  2775  4363 V WindowManager: Add starting ActivityRecord{171303221 u0 org.lolobom.ibomselector/org.kivy.android.PythonActivity t33727}: startingData=SplashScreenStartingData{d2d2896 removeAfterTransaction= 0}
01-23 11:49:23.040  4373 23993 I AppIconSolution: default container[Contain], pkg=org.lolobom.ibomselector, bg=164-164, dr=128-128, isNight = true
01-23 11:49:23.040  2775  4363 V WindowManager: Added starting ActivityRecord{171303221 u0 org.lolobom.ibomselector/org.kivy.android.PythonActivity t33727}: startingWindow=null startingView=com.android.server.wm.StartingSurfaceController$StartingSurface@89c2c17
01-23 11:49:23.041  2775  4363 V WindowManager: Collecting in transition 22959: ActivityRecord{171303221 u0 org.lolobom.ibomselector/org.kivy.android.PythonActivity t33727}, caller=com.android.server.wm.Transition.collectExistenceChange:40 com.android.server.wm.ActivityStarter.handleStartResult:761 com.android.server.wm.ActivityStarter.startActivityUnchecked:124 com.android.server.wm.ActivityStarter.executeRequest:3651 com.android.server.wm.ActivityStarter.execute:1752
01-23 11:49:23.041  2775  4363 V WindowManager: Requesting StartTransition: TransitionRecord{ec2276c id=22959 type=OPEN flags=0x0 c=[
01-23 11:49:23.041  2775  4363 V WindowManager:    ChangeInfo{2fe01ed container=Task{78d39ca #33727 type=standard A=10523:org.lolobom.ibomselector} flags=0x0}
01-23 11:49:23.041  2775  4363 V WindowManager:    ChangeInfo{50b3822 container=Display{#0 state=ON size=1440x3120 ROTATION_0} flags=0x0}
01-23 11:49:23.041  2775  4363 V WindowManager:    ChangeInfo{d2d72b3 container=ActivityRecord{171303221 u0 org.lolobom.ibomselector/org.kivy.android.PythonActivity t33727} flags=0x0}
01-23 11:49:23.041  2775  4363 V WindowManager:    ChangeInfo{ebe9070 container=DefaultTaskDisplayArea_d0@217949894 flags=0x0}
01-23 11:49:23.041  2775  4363 V WindowManager: ]
01-23 11:49:23.041  2775  4363 V WindowManager: }, caller=com.android.server.wm.ActivityStarter.handleStartResult:982 com.android.server.wm.ActivityStarter.startActivityUnchecked:124 com.android.server.wm.ActivityStarter.executeRequest:3651 com.android.server.wm.ActivityStarter.execute:1752 com.android.server.wm.ActivityTaskManagerService.startActivityAsUser:95
01-23 11:49:23.041  2775  4363 D CompatChangeReporter: Compat change id reported: 194833441; UID 10523; state: ENABLED
01-23 11:49:23.041  2775  4363 I Pageboost: stop alp
01-23 11:49:23.041  2775  4363 I ActivityTaskManager: START u0 {act=android.intent.action.MAIN cat=[android.intent.category.LAUNCHER] flg=0x10200000 xflg=0x4 cmp=org.lolobom.ibomselector/org.kivy.android.PythonActivity bnds=[587,236][853,592]} with LAUNCH_SINGLE_TASK from uid 10158 (sr=162979194) (BAL_ALLOW_VISIBLE_WINDOW) result code=0
01-23 11:49:23.041  2775  4363 I SemDvfsHyPerManager: acquire hyper - AMS_APP_LAUNCH/2775@19, type = -999
01-23 11:49:23.041  3864  4017 D ShellStartingWindow: use preloaded icon
01-23 11:49:23.041  3864  3965 V WindowManagerShell: Transition requested (#22959): android.os.BinderProxy@c4cfdf8 TransitionRequestInfo { type = OPEN, triggerTask = TaskInfo{userId=0 taskId=33727 effectiveUid=10523 displayId=0 isRunning=true baseIntent=Intent { act=android.intent.action.MAIN cat=[android.intent.category.LAUNCHER] flg=0x10200000 cmp=org.lolobom.ibomselector/org.kivy.android.PythonActivity } baseActivity=ComponentInfo{org.lolobom.ibomselector/org.kivy.android.PythonActivity} topActivity=ComponentInfo{org.lolobom.ibomselector/org.kivy.android.PythonActivity} origActivity=null realActivity=ComponentInfo{org.lolobom.ibomselector/org.kivy.android.PythonActivity} numActivities=1 lastActiveTime=1499689292 supportsMultiWindow=true resizeMode=1 isResizeable=true minWidth=-1 minHeight=-1 maxWidth=-1 maxHeight=-1 defaultMinSize=220 desktopDefaultMinSize=304 token=WCT{android.window.IWindowContainerToken$Stub$Proxy@7f9e2d1} topActivityType=1 pictureInPictureParams=null shouldDockBigOverlays=false launchIntoPipHostTaskId=-1 lastParentTaskIdBeforePip=-1 displayCutoutSafeInsets=Rect(0, 112 - 0, 0) topActivityInfo=ActivityInfo{7277136 org.kivy.android.PythonActivity} launchCookies=[android.os.BinderProxy@60dd837] positionInParent=Point(0, 0) parentTaskId=-1 isFocused=false isVisible=false isVisibleRequested=false isTopActivityNoDisplay=false isSleeping=false locusId=null displayAreaFeatureId=1 isTopActivityTransparent=false isActivityStackTransparent=false lastNonFullscreenBounds=Rect(108, 752 - 1332, 2312) capturedLink=null capturedLinkTimestamp=0 requestedVisibleTypes=-9 topActivityRequestOpenInBrowserEducationTimestamp=0 appCompatTaskInfo=AppCompatTaskInfo { topActivityInSizeCompat=false eligibleForLetterboxEducation= false isLetterboxEducationEnabled= false isLetterboxDoubleTapEnabled= false eligibleForUserAspectRatioButton= false topActivityBoundsLetterboxed= false isFromLetterboxDoubleTap= false topActivityLetterboxVerticalPosition= -1 topActivityLetterboxHorizontalPosition= -1 topActivityLetterboxWidth=-1 topActivityLetterboxHeight=-1 topActivityAppBounds=Rect(0, 112 - 1440, 2952) isUserFullscreenOverrideEnabled=false isSystemFullscreenOverrideEnabled=false hasMinAspectRatioOverride=false topActivityLetterboxBounds=null cameraCompatTaskInfo=CameraCompatTaskInfo { freeformCameraCompatMode=inactive} topActivityBounds=null topActivityInDisplayCompat=false singleTapFromLetterbox=false} topActivityMainWindowFrame=null originallySupportedMultiWindow=true hasWallpaper=false rootAffinity=10523:org.lolobom.ibomselector isTopTaskInStage=false CoverLauncherWidgetTask=false LaunchedFromAppsCoverLauncherTask=false LaunchedFromMultistarCoverLauncherTask=false isAllowedSeamlessRotation=false isTopTransparentActivity=false isAliasManaged=false hasConfigChanged=false snappingGuideBounds=null isAiKeyRemoveAppTask=false lastDesktopWindowingBounds=null lastExternalDesktopWindowingBounds=null safeCutoutInsets=null}, pipChange = null, remoteTransition = RemoteTransition { remoteTransition = android.window.IRemoteTransition$Stub$Proxy@d5001a4, appThread = android.app.IApplicationThread$Stub$Proxy@468db0d, debugName = QuickstepLaunchflags =NONE }, displayChange = null, flags = 0, debugId = 22959 }
01-23 11:49:23.041  3864  3965 V ShellDesktopMode: DesktopTasksController: isDesktopModeShowing: hasVisibleTasks=false hasTopTransparentFullscreenTask=false
01-23 11:49:23.042  3864  3965 D ShellSplitScreen: logExit: no-op, mLoggerSessionId is null
01-23 11:49:23.042  3864  3965 D ShellDesktopMode: handleRequest: TransitionRequestInfo {type=1, tid=33727, remote=true, debugId=22959}
01-23 11:49:23.042 27256 27256 I [CE]_ContextEngineReceiver: onReceive - ContextEngineReceiver onReceive action : com.samsung.android.ce.sensor.sLocation.PASSIVE_INTENT
01-23 11:49:23.042 27256 27256 I [CE]_ContextEngineReceiver: onReceive - SLocation intent : com.samsung.android.ce.sensor.sLocation.PASSIVE_INTENT
01-23 11:49:23.042  4373  4511 I HoneySpace.SALoggingUtils: SA Logging screenID: 101 eventId: 1001 detail: {PackageName=org.lolobom.ibomselector, det=1} value: -1
01-23 11:49:23.042 27256 27256 I [CE]_i  : OnReceive - [Passive Location] 20247613
01-23 11:49:23.042  4373  4373 I HoneySpace.FloatingAnimator: add containerView during preload, com.honeyspace.transition.anim.floating.ContainerView{caec30e V.E...... ......ID 0,0-1440,3120}
01-23 11:49:23.042  4373 23977 I HoneySpace.SuggestedAppsRepositoryImpl: sendSuggestedAppsLaunchTarget: ComponentInfo{org.lolobom.ibomselector/org.kivy.android.PythonActivity}
01-23 11:49:23.042  4373  4373 I HoneySpace.FloatingAnimator: add positionListener - com.honeyspace.transition.anim.floating.c@230bc67
01-23 11:49:23.042  3864  3965 V ShellDesktopMode: DesktopTasksController: handleFullscreenTaskLaunch
01-23 11:49:23.042  3864  3965 V ShellDesktopMode: DesktopTasksController: isDesktopModeShowing: hasVisibleTasks=false hasTopTransparentFullscreenTask=false
01-23 11:49:23.042  3864  3965 V ShellDesktopMode: DesktopTasksController: handleRequest result=null
01-23 11:49:23.042  3864  3965 V WindowManagerShell: RemoteTransition directly requested for (#22959) android.os.BinderProxy@c4cfdf8: RemoteTransition { remoteTransition = android.window.IRemoteTransition$Stub$Proxy@d5001a4, appThread = android.app.IApplicationThread$Stub$Proxy@468db0d, debugName = QuickstepLaunchflags =NONE }
01-23 11:49:23.042  3864  4014 D ViewRootImpl: desktopMode is false
01-23 11:49:23.042  3864  4014 I ViewRootImpl: dVRR is disabled
01-23 11:49:23.043  3864  4086 D NativeCustomFrequencyManager: [NativeCFMS] BpCustomFrequencyManager::BpCustomFrequencyManager()
01-23 11:49:23.043  4373 23993 I LauncherActivityInfo: packageName: org.lolobom.ibomselector, useThemeIcon: false, height: 164, width: 164, density: 640
01-23 11:49:23.043  3864  3965 V WindowManagerShell: Transition (#22959): request handled by DefaultMixedHandler
01-23 11:49:23.044  2775  6325 D InputTransport: Input channel constructed: 'd54439c', fd=1138
01-23 11:49:23.044  2775  6325 D InputTransport: Input channel constructed: 'd54439c', fd=1223
01-23 11:49:23.044  2775  6325 D InputTransport: Input channel constructed: 'd54439c', fd=1339
01-23 11:49:23.044  2775  6325 D InputTransport: Input channel destroyed: 'd54439c', fd=1223
01-23 11:49:23.044  2775  6325 D WindowManager: prepareSync <SYNC_STATE_WAITING_FOR_DRAW>, mPrepareSyncSeqId=0, win=Window{d54439c u0 Splash Screen org.lolobom.ibomselector}
01-23 11:49:23.044  1833  4102 I SurfaceFlinger: id=313946 createSurf, flag=84004, d54439c Splash Screen org.lolobom.ibomselector#313946
01-23 11:49:23.045  2775  6325 D RestrictionPolicy: isScreenCaptureEnabled : ret=true userId=0
01-23 11:49:23.045  2775  6325 V WindowManager: addWindow: ActivityRecord{171303221 u0 org.lolobom.ibomselector/org.kivy.android.PythonActivity t33727} startingWindow=Window{d54439c u0 Splash Screen org.lolobom.ibomselector}
01-23 11:49:23.045  2775  6325 D InputTransport: Input channel destroyed: 'd54439c', fd=1339
01-23 11:49:23.045  2775  5137 V WindowManager: Starting Transition 22959, caller=com.android.server.wm.WindowOrganizerController.startTransition:47 com.android.server.wm.WindowOrganizerController.startTransition:1 android.window.IWindowOrganizerController$Stub.onTransact:259
01-23 11:49:23.045  3864  4014 D InputTransport: Input channel constructed: 'd54439c', fd=629
01-23 11:49:23.045  3864  4014 I InsetsController: onStateChanged: host=Splash Screen org.lolobom.ibomselector, from=android.view.ViewRootImpl.onInsetsStateChanged:3026, state=InsetsState: {mDisplayFrame=Rect(0, 0 - 1440, 3120), mDisplayCutout=DisplayCutout{insets=Rect(0, 112 - 0, 0) waterfall=Insets{left=0, top=0, right=0, bottom=0} boundingRect={Bounds=[Rect(0, 0 - 0, 0), Rect(686, 0 - 754, 112), Rect(0, 0 - 0, 0), Rect(0, 0 - 0, 0)]} cutoutPathParserInfo={CutoutPathParserInfo{displayWidth=1440 displayHeight=3120 physicalDisplayWidth=1440 physicalDisplayHeight=3120 density={3.75} cutoutSpec={M 0,0 H -9.066666666666667 V 29.86666666666667 H 9.066666666666667 V 0 H 0 Z @dp} rotation={0} scale={1.0} physicalPixelDisplaySizeRatio={1.0}}} sideOverrides={}}, mRoundedCorners=RoundedCorners{[RoundedCorner{position=TopLeft, radius=7, center=Point(7, 7)}, RoundedCorner{position=TopRight, radius=7, center=Point(1433, 7)}, RoundedCorner{position=BottomRight, radius=7, center=Point(1433, 3113)}, RoundedCorner{position=BottomLeft, radius=7, center=Point(7, 3113)}]}  mRoundedCornerFrame=Rect(0, 0 - 1440, 3120), mPrivacyIndicatorBounds=PrivacyIndicatorBounds {static bounds=Rect(1286, 0 - 1440, 113) rotation=0}, mDisplayShape=DisplayShape{ spec=1406003047 displayWidth=1440 displayHeight=3120 physicalPixelDisplaySizeRatio=1.0 rotation=0 offsetX=0 offsetY=0 scale=1.0}, mSources= { InsetsSource: {ae9f0000 mType=statusBars mFrame=[0,0][1440,113] mVisible=true mFlags= mSideHint=TOP mBoundingRects=null}, InsetsSource: {ae9f0005 mType=mandatorySystemGestures mFrame=[0,0][1440,154] mVisible=true mFlags= mSideHint=TOP mBoundingRects=null}, InsetsSource: {ae9f0006 mType=tappableElement mFrame=[0,0][1440,113] mVisible=true mFlags= mSideHint=TOP mBoundingRects=null}, InsetsSource: {27 mType=displayCutout mFrame=[0,0][1440,112] mVisible=true mFlags= mSideHint=TOP mBoundingRects=null}, InsetsSource: {39d00001 mType=navigationBars mFrame=[0,2952][1440,3120] mVisible=true mFlags= mSideHint=BOTTOM mBoundingRects=null}, InsetsSource: {39d00004 mType=systemGestures mFrame=[0,0][0,0] mVisible=true mFlags= mSideHint=NONE mBoundingRects=null}, InsetsSource: {39d00005 mType=mandatorySystemGestures mFrame=[0,2952][1440,3120] mVisible=true mFlags= mSideHint=BOTTOM mBoundingRects=null}, InsetsSource: {39d00006 mType=tappableElement mFrame=[0,2952][1440,3120] mVisible=true mFlags= mSideHint=BOTTOM mBoundingRects=null}, InsetsSource: {39d00024 mType=systemGestures mFrame=[0,0][0,0] mVisible=true mFlags= mSideHint=NONE mBoundingRects=null} }
01-23 11:49:23.045  3864  4014 I VRI[ibomselector]@eddc0d3: onActiveControlsChanged, removed=false, mAdded=true, caller=android.view.ViewRootImpl.handleInsetsControlChanged:3002 android.view.ViewRootImpl.setView:2014 android.view.WindowManagerGlobal.addView:604 com.android.wm.shell.startingsurface.SplashscreenWindowCreator.addWindow:38 com.android.wm.shell.startingsurface.StartingWindowController$$ExternalSyntheticLambda4.run:1365
01-23 11:49:23.046  3864  4014 I VRI[ibomselector]@eddc0d3: synced displayState. AttachInfo displayState=2
01-23 11:49:23.046  3864  4014 I VRI[ibomselector]@eddc0d3: setView = android.widget.FrameLayout@a6f710e IsHRR=false mFlingFrameRateChange=0 TM=true
01-23 11:49:23.046  4373  4373 I HoneySpace.Launcher: !@Boot_EBS_D: Launcher.onPause()
01-23 11:49:23.046  3864  3965 D ShellDesktopMode: [u0] DesktopRepository: Removes freeform task: taskId=33723
01-23 11:49:23.046  3864  3965 W ShellDesktopMode: [u0] DesktopRepository: No display id found for task: taskId=33723
01-23 11:49:23.046  3864  3965 D ShellDesktopMode: [u0] DesktopRepository: Removes freeform task: taskId=33723
01-23 11:49:23.046  3864  3965 W ShellDesktopMode: [u0] DesktopRepository: No display id found for task: taskId=33723
01-23 11:49:23.046  4373 21208 I HoneySpace.SPayHandler: updateSpayHandler launcher activity is paused false
01-23 11:49:23.046  4373 21208 I HoneySpace.RecentTasks: onRecentTasksChanged
01-23 11:49:23.046  3864  4086 D HWUI    : HWUI - treat SMPTE_170M as sRGB
01-23 11:49:23.046  4373  4373 I HoneySpace.Launcher: updateLauncherShowing true -> false
01-23 11:49:23.046  4373 21202 I HoneySpace.RecentTasks: onRecentTasksChanged
01-23 11:49:23.047  2775  4363 V WindowManager: Checking theme of starting window: 0x1030006
01-23 11:49:23.047  2775  4363 V WindowManager: Translucent=false Floating=false ShowWallpaper=false Disable=false
01-23 11:49:23.047  2775  4363 V WindowManager: Collecting in transition 22959: ActivityRecord{171303221 u0 org.lolobom.ibomselector/org.kivy.android.PythonActivity t33727}, caller=com.android.server.wm.TransitionController.collect:7 com.android.server.wm.ActivityRecord.setVisibility:132 com.android.server.wm.EnsureActivitiesVisibleHelper.process:459 com.android.server.wm.TaskFragment.updateActivityVisibilities:12 com.android.server.wm.Task$$ExternalSyntheticLambda37.accept:37
01-23 11:49:23.047  2775  4363 V WindowManager: Collecting in transition 22959: ActivityRecord{162979194 u0 com.sec.android.app.launcher/.activities.LauncherActivity t29189}, caller=com.android.server.wm.TransitionController.collect:7 com.android.server.wm.ActivityRecord.setVisibility:132 com.android.server.wm.ActivityRecord.makeInvisible:32 com.android.server.wm.EnsureActivitiesVisibleHelper.process:542 com.android.server.wm.TaskFragment.updateActivityVisibilities:12
01-23 11:49:23.047  2775  4363 D WindowManager: prepareSync <SYNC_STATE_WAITING_FOR_DRAW>, mPrepareSyncSeqId=0, win=Window{9edd74d u0 com.sec.android.app.launcher/com.sec.android.app.launcher.activities.LauncherActivity}
