01-23 11:49:17.813  4373  4373 I BLASTBufferQueue_Java: new BLASTBufferQueue, mName= VRI[LauncherActivity]@7eef868 mNativeObject= 0xb400006eb9b62cc0 caller= android.view.ViewRootImpl.updateBlastSurfaceIfNeeded:3585 android.view.ViewRootImpl.relayoutWindow:11685 android.view.ViewRootImpl.performTraversals:4804 android.view.ViewRootImpl.doTraversal:3924 android.view.ViewRootImpl$TraversalRunnable.run:12903 android.view.Choreographer$CallbackRecord.run:1901 android.view.Choreographer$CallbackRecord.run:1910 android.view.Choreographer.doCallbacks:1367 android.view.Choreographer.doFrame:1292 android.view.Choreographer$FrameDisplayEventReceiver.run:1870
01-23 11:49:17.813  4373  4373 I BLASTBufferQueue_Java: update, w= 1440 h= 3120 mName = VRI[LauncherActivity]@7eef868 mNativeObject= 0xb400006eb9b62cc0 sc.mNativeObject= 0xb4000070699a5e10 format= -2 caller= android.view.ViewRootImpl.updateBlastSurfaceIfNeeded:3590 android.view.ViewRootImpl.relayoutWindow:11685 android.view.ViewRootImpl.performTraversals:4804 android.view.ViewRootImpl.doTraversal:3924 android.view.ViewRootImpl$TraversalRunnable.run:12903 android.view.Choreographer$CallbackRecord.run:1901
01-23 11:49:17.813  2775  2905 V WindowManager: Collecting in transition 22958: WallpaperWindowToken{e6cc44a showWhenLocked=true}_<lock>, caller=com.android.server.wm.TransitionController.collect:7 com.android.server.wm.WallpaperWindowToken.setVisibility:55 com.android.server.wm.WallpaperController.adjustWallpaperWindows:857 com.android.server.wm.RootWindowContainer.applySurfaceChangesTransaction$1:141 com.android.server.wm.RootWindowContainer.performSurfacePlacementNoTrace:59
01-23 11:49:17.813  2775  2905 V WindowManager: Setting visibility of Window{52afbe3 u0 com.samsung.android.wallpaper.live.infinity.InfinityWallpaper}: true, caller=com.android.server.wm.WindowContainer.sendAppVisibilityToClients:19 com.android.server.wm.WindowToken.setClientVisible:48 com.android.server.wm.WallpaperWindowToken.setVisible$1:3 com.android.server.wm.WallpaperWindowToken.commitVisibility:48 com.android.server.wm.WallpaperWindowToken.setVisibility:101
01-23 11:49:17.813  2775  2905 D SurfaceComposerClient: setCornerRadius ## 9edd74d com.sec.android.app.launcher/com.sec.android.app.launcher.activities.LauncherActivity#159 cornerRadius=0.000000
01-23 11:49:17.813  4373  4373 I VRI[LauncherActivity]@7eef868: Relayout returned: old=(0,0,1440,3120) new=(0,0,1440,3120) relayoutAsync=false req=(1440,3120)0 dur=3 res=0x3 s={true 0xb400007019b5f460} ch=true seqId=0
01-23 11:49:17.813  3996 23865 I WallpaperService: dispatchAppVisibility: systemlock, visible=true , mLidState = -1
01-23 11:49:17.813  2775  2905 D SurfaceComposerClient: setCornerRadius ## 9edd74d com.sec.android.app.launcher/com.sec.android.app.launcher.activities.LauncherActivity#159 cornerRadius=0.000000
01-23 11:49:17.813  3996  3996 I WallpaperService: updateSurface systemlock forceRelayout=false forceReport=false redrawNeeded=false myWidth=-1 myHeight=-1 fixedSize=false x = 0 y = 0 mWidth=-1 mHeight=-1
01-23 11:49:17.814  3996  3996 I WallpaperService: reportVisibility: visibility changed. visible=true
01-23 11:49:17.814  3996  3996 I SprWallpaper|InfinityWallpaper: onVisibilityChanged: visible[true], mInitialized[true], isPreview[false]
01-23 11:49:17.814  2775  6321 D PowerManagerService: [api] isDozeAfterScreenOff  (uid: 10145 pid: 3996)
01-23 11:49:17.814  3996  3996 I SprWallpaper|infinity_Choreographer: startMotion : type 2
01-23 11:49:17.814  3996  3996 I SprWallpaper|infinity_Choreographer: same motion
01-23 11:49:17.814  4373  4373 I VRI[LauncherActivity]@7eef868: Creating new active sync group VRI[LauncherActivity]@7eef868#59
01-23 11:49:17.814  3864  3864 D SecVolume.VolumePanelStore: dispatch [ACTION_DISMISS_REQUESTED with [STATE_NO_DISPATCH], currentAction={isFromOutside : true}, currentState={activeStream=3(vol=300), stream=3(vol=300) } isSetupWizardComplete : true, isVoiceCapable : true, isHasVibrator : true, isCaptionComponentEnabled : true, timeOut : 3000, activeStream : 3, stream : 3, iconCurrentState : 1, timeOutControls : 0, ringerModeInternal : 0, earProtectLevel : 909, timeOutControlsText : 0, cutoutHeight : 0, pinDevice : 0, iconTargetState : 1, systemTimeNow : 886139694}
01-23 11:49:17.814  3864  3864 D SecVolume.VolumePanelStore:   > New State : [STATE_NO_DISPATCH]
01-23 11:49:17.815  2775  6325 D BLASTSyncEngine: SyncGroup 22958: Set ready true, caller=com.android.server.wm.BLASTSyncEngine.setReady:32 com.android.server.wm.Transition.applyReady:54 com.android.server.wm.TransitionController.continueTransitionReady:20 com.android.server.wm.TaskFragmentOrganizerController$TaskFragmentOrganizerState.onTransactionFinished:116 com.android.server.wm.TaskFragmentOrganizerController.onTransactionHandled:41 android.window.ITaskFragmentOrganizerController$Stub.onTransact:235
01-23 11:49:17.815 15282 16461 I SAMSUNGWALLET: [Hint_SimpleHintProcessMonitor] isHomePackageRunning topPkgName = com.sec.android.app.launcher, topClsName = com.sec.android.app.launcher.Launcher, return true , se : true
01-23 11:49:17.815  2775  2905 D SurfaceComposerClient: setCornerRadius ## 9edd74d com.sec.android.app.launcher/com.sec.android.app.launcher.activities.LauncherActivity#159 cornerRadius=0.000000
01-23 11:49:17.815  2775  2905 D BLASTSyncEngine: SyncGroup 22958:  Unfinished container: ActivityRecord{162979194 u0 com.sec.android.app.launcher/.activities.LauncherActivity t29189} mSyncState=2
01-23 11:49:17.816 24412 24412 I ImeFocusController: onPreWindowFocus: skipped hasWindowFocus=false mHasImeFocus=true
01-23 11:49:17.816 24412 24412 I ImeFocusController: onPostWindowFocus: skipped hasWindowFocus=false mHasImeFocus=true
01-23 11:49:17.817  4373 23993 I HoneySpace.SystemUiRepository: systemUiFlags: awake
01-23 11:49:17.818 15282 15282 I SAMSUNGWALLET: [Hint_PayHintService] Hint Status - SHOW, y : 0.0
01-23 11:49:17.818 15282 15282 I SAMSUNGWALLET: [Hint_PayHintService] getWindowLayoutParams
01-23 11:49:17.818 15282 15282 I SAMSUNGWALLET: [Hint_PayHintService] S fit
01-23 11:49:17.819 15282 16461 I SAMSUNGWALLET[CH]: [SimpleCardManagerImpl] Focus card exists in list. type=1 id=joO****************************************************
01-23 11:49:17.820  4373 23977 I ApplicationPackageManager: package : com.sec.android.app.clockpackage, useAppIconResources : false
01-23 11:49:17.821  1678  1709 I HYPER-HAL: [RequestManager.cpp]acquire(): Acquired ID : 845047762  [1686 / 99703]    HINT :      list : [TID_LOW_LATENCY / 1] [TID / 16499] [TID / 16500] [TID / 15282] [TID / 16509]
01-23 11:49:17.821  4373  4373 I HoneySpace.WorkspaceFastRecyclerView: setCurrentPageCallback currentPage=1
01-23 11:49:17.821  4373  4373 I HoneySpace.WorkspaceFastRecyclerView: snapToPage() currentPage: 1, toPage: 1
01-23 11:49:17.821  4373  4373 I HoneySpace.WorkspacePageIndicatorViewModel: updateTargetPage 1
01-23 11:49:17.822  4373  4373 I HoneySpace.WorkspacePageIndicatorViewModel: updateCurrentPage position : 1
01-23 11:49:17.822  4373  4373 I HoneySpace.WorkspaceFastRecyclerView: notify to visibleWidgetManager on page scroll, rank : [1]
01-23 11:49:17.822  1678  1709 I HYPER-HAL: [RequestManager.cpp]acquire(): Acquired ID : 845047762  [1686 / 99703]    HINT :      list : [TID_LOW_LATENCY / 0] [TID / 16499] [TID / 16500] [TID / 15282] [TID / 16509]
01-23 11:49:17.822  4373  7724 I HoneySpace.SPayHandler: updateSpayHandler, show = true, defaultPage = false
01-23 11:49:17.823  3835  4320 D SatelliteController: isInCarrierRoamingNbIotNtn: satellite is disabled
01-23 11:49:17.823  4373  4373 I HoneySpace.WorkspacePageIndicatorViewModel: updateCurrentPage position : 1
01-23 11:49:17.823  4373  4373 I HoneySpace.WorkspaceFastRecyclerView: updateCellLayoutAlpha() showAll: false
01-23 11:49:17.824  4373  7724 I HoneySpace.SPayHandler: updateSpayHandler, show = true, defaultPage = false
01-23 11:49:17.824  4373  4373 I HoneySpace.WorkspaceFastRecyclerView: Scroll Pos(WorkspaceFastRecyclerView) : (1385, 888393996)-(1385, 888625163)-End
01-23 11:49:17.825  4373 23977 I LiveIconUtil: getLiveIcon was called in ClockPackage
01-23 11:49:17.825  4373 23977 I LiveIconUtil: getLiveIcon res = com.sec.android.app.clockpackage
01-23 11:49:17.826  4373  7707 I VRI[LauncherActivity]@7eef868: mWNT: t=0xb400006f59a0d490 mBlastBufferQueue=0xb400006eb9b62cc0 fn= 1 HdrRenderState mRenderHdrSdrRatio=1.0 caller= android.view.ViewRootImpl$12.onFrameDraw:15441 android.view.ThreadedRenderer$1.onFrameDraw:718 <bottom of call stack>
01-23 11:49:17.826  4373  7707 I VRI[LauncherActivity]@7eef868: Setting up sync and frameCommitCallback
01-23 11:49:17.826  4373  7601 W qdgralloc: getInterlacedFlag: getMetaData returned 3, defaulting to interlaced_flag = 0
01-23 11:49:17.827  1833  1833 I SurfaceFlinger: [LayerHierarchy{RequestedLayerState{b4d9bd3 NavigationBar0#88 parentId=313936} 1 children}] reparent to LayerHierarchy{RequestedLayerState{Surface(name=b4d9bd3 NavigationBar0)/@0x92e9c86 - animation-leash of insets_animation#313936 parentId=87} 1 children}
01-23 11:49:17.827  1833  1833 I SurfaceFlinger: [LayerHierarchy{RequestedLayerState{36e6eff StatusBar#92 parentId=313937} 1 children}] reparent to LayerHierarchy{RequestedLayerState{Surface(name=36e6eff StatusBar)/@0xd593a9d - animation-leash of insets_animation#313937 parentId=91} 1 children}
01-23 11:49:17.827  1833  1833 I SurfaceFlinger: [LayerHierarchy{RequestedLayerState{Surface(name=36e6eff StatusBar)/@0xd593a9d - animation-leash of insets_animation#313934} no children}] reparent to OffscreenRoot
01-23 11:49:17.827  1833  1833 I SurfaceFlinger: [LayerHierarchy{RequestedLayerState{Surface(name=36e6eff StatusBar)/@0xd593a9d - animation-leash of insets_animation#313934} no children}] RelativeParent to null
01-23 11:49:17.827  1833  1833 I SurfaceFlinger: [LayerHierarchy{RequestedLayerState{Surface(name=b4d9bd3 NavigationBar0)/@0x92e9c86 - animation-leash of insets_animation#313930} no children}] reparent to OffscreenRoot
01-23 11:49:17.827  1833  1833 I SurfaceFlinger: [LayerHierarchy{RequestedLayerState{Surface(name=b4d9bd3 NavigationBar0)/@0x92e9c86 - animation-leash of insets_animation#313930} no children}] RelativeParent to null
01-23 11:49:17.827  1833  1833 I SurfaceFlinger: [Surface(name=36e6eff StatusBar)/@0xd593a9d - animation-leash of insets_animation#313937] attach to parent LayerHierarchy{RequestedLayerState{WindowToken{f34861e type=2000 android.os.BinderProxy@e6ebea0}#91 parentId=17} 1 children}
01-23 11:49:17.829  1833  2177 D SurfaceFlinger: [input] setFocusedWindow: 9edd74d com.sec.android.app.launcher/com.sec.android.app.launcher.activities.LauncherActivity
01-23 11:49:17.829  2775  4363 D InputDispatcher: Once focus requested (0): 9edd74d com.sec.android.app.launcher/com.sec.android.app.launcher.activities.LauncherActivity
01-23 11:49:17.829  2775  4363 D InputDispatcher: Focus request (0): 9edd74d com.sec.android.app.launcher/com.sec.android.app.launcher.activities.LauncherActivity but waiting because NOT_VISIBLE
01-23 11:49:17.829  4373  7601 I BLASTBufferQueue: [VRI[LauncherActivity]@7eef868#7138](f:0,a:0,s:0) onFrameAvailable the first frame is available
01-23 11:49:17.829  4373  7601 I SurfaceComposerClient: apply transaction with the first frame. layerId: 313935, bufferData(ID: 18781892038836, frameNumber: 1)
01-23 11:49:17.829  2775  6321 I WindowManager: Relayout Window{3cf668e u0 com.samsung.android.spay.pay.HintService}: viewVisibility=0 req=695x84 ty=2024 d0
01-23 11:49:17.829  4373  7601 I VRI[LauncherActivity]@7eef868: Received frameCommittedCallback lastAttemptedDrawFrameNum=1 didProduceBuffer=true
01-23 11:49:17.829  1833  4102 I SurfaceFlinger: id=313938 createSurf, flag=44004, com.samsung.android.spay.pay.HintService$_15282#313938
01-23 11:49:17.829  1833  1976 I SurfaceFlinger: [com.sec.android.app.launcher/com.sec.android.app.launcher.activities.LauncherActivity$_4373#313935] setTransactionState with the first frame. bufferData(ID: 18781892038836, frameNumber: 1)
01-23 11:49:17.829  1833  1976 I SurfaceFlinger: id=313930 Removed Surface(name=b4d9bd3 NavigationBar0)/@0x92e9c86 - animation-leash of insets_animation#313930 (205)
01-23 11:49:17.830  1833  1976 I SurfaceFlinger: id=313934 Removed Surface(name=36e6eff StatusBar)/@0xd593a9d - animation-leash of insets_animation#313934 (205)
01-23 11:49:17.830  2775  6321 D WindowManager: makeSurface duration=0 name=com.samsung.android.spay.pay.HintService$_15282
01-23 11:49:17.830  4373  4566 I HoneySpace.TopTaskSource: onTaskMovedToFront : taskId = 29189, displayId = 0
01-23 11:49:17.830  4373  4566 I HoneySpace.TopTaskSource: onTaskFocusChanged(): taskId = 29189
01-23 11:49:17.830  2775  6321 D SurfaceComposerClient: setCornerRadius ## 9edd74d com.sec.android.app.launcher/com.sec.android.app.launcher.activities.LauncherActivity#159 cornerRadius=0.000000
01-23 11:49:17.830  2775  6321 D SurfaceComposerClient: setCornerRadius ## 9edd74d com.sec.android.app.launcher/com.sec.android.app.launcher.activities.LauncherActivity#159 cornerRadius=0.000000
01-23 11:49:17.830  2775  6321 D BLASTSyncEngine: SyncGroup 22958:  Unfinished container: ActivityRecord{162979194 u0 com.sec.android.app.launcher/.activities.LauncherActivity t29189} mSyncState=2
01-23 11:49:17.830  4373  4568 I HoneySpace.TopTaskUseCase: topTasks 29189 ComponentInfo{com.sec.android.app.launcher/com.sec.android.app.launcher.Launcher}[displayId=0]
01-23 11:49:17.830  4373  4373 I AppWidgetHost: updateAppWidgetView, appWidgetId = 3, v = com.honeyspace.ui.common.widget.HoneyAppWidgetHostView{c57566c VFE...... R......D 24,69-508,287} - span boundary: (2, 1) ~ (5, 3), appWidgetSize: 30, flag: 3, lastAppliedInfo: RemoteViewInfo(packages=com.sec.android.daemonapp), cachedImageView: false
01-23 11:49:17.830  2775  4363 D WindowManager: finishDrawingWindow: Window{9edd74d u0 com.sec.android.app.launcher/com.sec.android.app.launcher.activities.LauncherActivity} mDrawState=DRAW_PENDING seqId=0
01-23 11:49:17.831  4373 23977 I LiveIconUtil: stdIconSize : 168 , targetIconSize : 203
01-23 11:49:17.831  4373 23977 I LiveIconUtil: iconDpi : 720 , mTargetIconDpi : 560
01-23 11:49:17.831  4373  4373 I HoneySpace.HoneyAppWidgetHostView: [updateAppWidget id=3] receive event - isAnimating: false, remoteViews: android.widget.RemoteViews@4bc7709, hostView: @c57566c
01-23 11:49:17.831  2775  6321 I WindowManager: Relayout hash=3cf668e, pid=15282, syncId=-1: mAttrs={(0,0)(695x84) gr=BOTTOM CENTER sim={adjust=pan} layoutInDisplayCutoutMode=shortEdges ty=NAVIGATION_BAR_PANEL fmt=TRANSLUCENT
01-23 11:49:17.831  2775  6321 I WindowManager:   fl=1800308
01-23 11:49:17.831  2775  6321 I WindowManager:   pfl=10000040
01-23 11:49:17.831  2775  6321 I WindowManager:   bhv=1
01-23 11:49:17.831  2775  6321 I WindowManager:   fitTypes=2
01-23 11:49:17.831  2775  6321 I WindowManager:   fitSides=5
01-23 11:49:17.831  2775  6321 I WindowManager:   frameRateBoostOnTouch=true
01-23 11:49:17.831  2775  6321 I WindowManager:   dvrrWindowFrameRateHint=true naviIconColor=0}
01-23 11:49:17.831  4373  4373 I HoneySpace.HoneyAppWidgetHostView: [updateAppWidget id=3] start update job for widget
01-23 11:49:17.831  2775  2905 D SurfaceComposerClient: setCornerRadius ## 9edd74d com.sec.android.app.launcher/com.sec.android.app.launcher.activities.LauncherActivity#159 cornerRadius=0.000000
01-23 11:49:17.831  4373  4373 I HoneySpace.HoneyAppWidgetHostView: [updateAppWidget id=3] apply resume delay - 74 ms
01-23 11:49:17.831  2775  2905 D SurfaceComposerClient: setCornerRadius ## 9edd74d com.sec.android.app.launcher/com.sec.android.app.launcher.activities.LauncherActivity#159 cornerRadius=0.000000
01-23 11:49:17.831  4373  4565 I HoneySpace.TaskbarEventTracker: invokeEvent() called with: event = SystemUiStateChanged(stateFlags=268435456)
01-23 11:49:17.831  2775  2905 V WindowManager: SyncGroup 22958: Finished!
01-23 11:49:17.831  2775  2905 V WindowManager: performShowLocked: mDrawState=HAS_DRAWN in Window{9edd74d u0 com.sec.android.app.launcher/com.sec.android.app.launcher.activities.LauncherActivity}
01-23 11:49:17.832  2775  2905 D ChangeTransitionController: onTransactionReady: TransitionRecord{7e48333 id=22958 type=OPEN flags=0x0 c=[
01-23 11:49:17.832  2775  2905 D ChangeTransitionController:    ChangeInfo{bd55eee container=Task{1353dd8 #1 type=home} flags=0x0}
01-23 11:49:17.832  2775  2905 D ChangeTransitionController:    ChangeInfo{6da1f8f container=Task{2b219a4 #33712 type=standard A=1000:com.android.settings.root} flags=0x0}
01-23 11:49:17.832  2775  2905 D ChangeTransitionController:    ChangeInfo{817321c container=ActivityRecord{146249456 u0 com.sec.android.app.launcher/.activities.LauncherActivity t-1} flags=0x0}
01-23 11:49:17.832  2775  2905 D ChangeTransitionController:    ChangeInfo{cd0e25 container=TaskFragment{9833443 mode=fullscreen} flags=0x0}
01-23 11:49:17.832  2775  2905 D ChangeTransitionController:    ChangeInfo{73c7bfa container=Display{#0 state=ON size=1440x3120 ROTATION_0} flags=0x0}
01-23 11:49:17.832  2775  2905 D ChangeTransitionController:    ChangeInfo{fe325ab container=ActivityRecord{162979194 u0 com.sec.android.app.launcher/.activities.LauncherActivity t29189} flags=0x0}
01-23 11:49:17.832  2775  2905 D ChangeTransitionController:    ChangeInfo{6735408 container=ActivityRecord{185475402 u0 com.android.settings/.SubSettings t33712} flags=0x0}
01-23 11:49:17.832  2775  2905 D ChangeTransitionController:    ChangeInfo{c82aa80 container=RemoteWallpaperAnim:1:1@199806011 flags=0x0}
01-23 11:49:17.832  2775  2905 D ChangeTransitionController:    ChangeInfo{8e567a1 container=Task{c776e05 #29189 type=home I=com.sec.android.app.launcher/.activities.LauncherActivity} flags=0x0}
01-23 11:49:17.832  2775  2905 D ChangeTransitionController:    ChangeInfo{6c65dc6 container=DefaultTaskDisplayArea_d0@217949894 flags=0x0}
01-23 11:49:17.832  2775  2905 D ChangeTransitionController:    ChangeInfo{295c8b9 container=WallpaperWindowToken{e6cc44a showWhenLocked=true}_<lock> flags=0x0}
01-23 11:49:17.832  2775  2905 D ChangeTransitionController: ]
01-23 11:49:17.832  2775  2905 D ChangeTransitionController: }
01-23 11:49:17.832  2775  2905 V WindowManager: Start calculating TransitionInfo based on participants: {Task{1353dd8 #1 type=home}, ActivityRecord{146249456 u0 com.sec.android.app.launcher/.activities.LauncherActivity t-1}, ActivityRecord{162979194 u0 com.sec.android.app.launcher/.activities.LauncherActivity t29189}, ActivityRecord{185475402 u0 com.android.settings/.SubSettings t33712}, Task{c776e05 #29189 type=home I=com.sec.android.app.launcher/.activities.LauncherActivity}, WallpaperWindowToken{e6cc44a showWhenLocked=true}_<lock>}
01-23 11:49:17.832  2775  2905 V WindowManager:   Final targets: [ChangeInfo{bd55eee container=Task{1353dd8 #1 type=home} flags=0x30}, ChangeInfo{cd0e25 container=TaskFragment{9833443 mode=fullscreen} flags=0x10}, ChangeInfo{6da1f8f container=Task{2b219a4 #33712 type=standard A=1000:com.android.settings.root} flags=0x10}, ChangeInfo{295c8b9 container=WallpaperWindowToken{e6cc44a showWhenLocked=true}_<lock> flags=0x0}]
01-23 11:49:17.832 15282 15282 I BufferQueueProducer: [](id:3bb200001dac,api:0,p:-1,c:15282) setDequeueTimeout:2077252342
01-23 11:49:17.832  1833  4102 I SurfaceFlinger: id=313939 createSurf, flag=84004, Transition Root: Task=1#313939
01-23 11:49:17.832 15282 15282 I BLASTBufferQueue_Java: new BLASTBufferQueue, mName= VRI[HintService]@a177658 mNativeObject= 0xb400006eb9ed83e0 caller= android.view.ViewRootImpl.updateBlastSurfaceIfNeeded:3585 android.view.ViewRootImpl.relayoutWindow:11685 android.view.ViewRootImpl.performTraversals:4804 android.view.ViewRootImpl.doTraversal:3924 android.view.ViewRootImpl$TraversalRunnable.run:12903 android.view.Choreographer$CallbackRecord.run:1901 android.view.Choreographer$CallbackRecord.run:1910 android.view.Choreographer.doCallbacks:1367 android.view.Choreographer.doFrame:1292 android.view.Choreographer$FrameDisplayEventReceiver.run:1870
01-23 11:49:17.832 15282 15282 I BLASTBufferQueue_Java: update, w= 695 h= 84 mName = VRI[HintService]@a177658 mNativeObject= 0xb400006eb9ed83e0 sc.mNativeObject= 0xb40000706999ab90 format= -3 caller= android.view.ViewRootImpl.updateBlastSurfaceIfNeeded:3590 android.view.ViewRootImpl.relayoutWindow:11685 android.view.ViewRootImpl.performTraversals:4804 android.view.ViewRootImpl.doTraversal:3924 android.view.ViewRootImpl$TraversalRunnable.run:12903 android.view.Choreographer$CallbackRecord.run:1901
01-23 11:49:17.832  2775  2905 I SurfaceControlRegistry: show, t=StartTransaction_SyncId<22958> sc=ActivityRecord{162979194 u0 com.sec.android.app.launcher/.activities.LauncherActivity t29189}, caller=android.view.SurfaceControl$Transaction.show:3557 com.android.server.wm.Transition.onTransactionReady:2048 com.android.server.wm.BLASTSyncEngine$SyncGroup.finishNow:240 com.android.server.wm.BLASTSyncEngine.onSurfacePlacement:263 com.android.server.wm.RootWindowContainer.performSurfacePlacementNoTrace:1083 com.android.server.wm.WindowSurfacePlacer.performSurfacePlacement:166
01-23 11:49:17.832  2775  2905 I SurfaceControlRegistry: show, t=StartTransaction_SyncId<22958> sc=Task=29189, caller=android.view.SurfaceControl$Transaction.show:3557 com.android.server.wm.Transition.onTransactionReady:2081 com.android.server.wm.BLASTSyncEngine$SyncGroup.finishNow:240 com.android.server.wm.BLASTSyncEngine.onSurfacePlacement:263 com.android.server.wm.RootWindowContainer.performSurfacePlacementNoTrace:1083 com.android.server.wm.WindowSurfacePlacer.performSurfacePlacement:166
01-23 11:49:17.832  2775  2905 D SurfaceComposerClient: setCornerRadius ## WallpaperWindowToken{e6cc44a showWhenLocked=false}#73 cornerRadius=0.000000
01-23 11:49:17.832  2775  2905 D SurfaceComposerClient: setCornerRadius ## Task=33712#312380 cornerRadius=0.000000
01-23 11:49:17.832  2775  2905 D SurfaceComposerClient: setCornerRadius ## TaskFragment{9833443 mode=fullscreen}#313877 cornerRadius=0.000000
01-23 11:49:17.832  2775  2905 D SurfaceComposerClient: setCornerRadius ## Task=1#53 cornerRadius=0.000000
01-23 11:49:17.832 15282 15282 I VRI[HintService]@a177658: Relayout returned: old=(372,3036,1067,3120) new=(372,3036,1067,3120) relayoutAsync=false req=(695,84)0 dur=3 res=0x3 s={true 0xb400007019a8c0b0} ch=true seqId=89
01-23 11:49:17.833  2775  2905 V WindowManager: Calling onTransitionReady: {id=22958 t=OPEN f=0x0 trk=0 r=[0@Point(0, 0)] c=[
01-23 11:49:17.833  2775  2905 V WindowManager:         {WCT{RemoteToken{74c680d Task{1353dd8 #1 type=home}}} m=TO_FRONT f=SHOW_WALLPAPER|MOVE_TO_TOP|EDGE_EXTENSION_RESTRICTION leash=Surface(name=Task=1)/@0x82ee3b2 sb=Rect(0, 0 - 1440, 3120) eb=Rect(0, 0 - 1440, 3120) epz=Point(1440, 3120) d=0 taskParent=-1 inset=Rect(0, 113 - 0, 168)},
01-23 11:49:17.833  2775  2905 V WindowManager:         {WCT{RemoteToken{fbbf0ab TaskFragment{9833443 mode=fullscreen}}} m=TO_BACK f=IN_TASK_WITH_EMBEDDED_ACTIVITY|FILLS_TASK p=WCT{RemoteToken{f7f3554 Task{2b219a4 #33712 type=standard A=1000:com.android.settings.root}}} leash=Surface(name=TaskFragment{9833443 mode=fullscreen})/@0x1b82125 sb=Rect(0, 0 - 1440, 3120) eb=Rect(0, 0 - 1440, 3120) epz=Point(1440, 3120) d=0 bc=ff17171a taskFragmentToken=android.os.BinderProxy@a17e4fd inset=Rect(0, 0 - 0, 0)},
01-23 11:49:17.833  2775  2905 V WindowManager:         {WCT{RemoteToken{f7f3554 Task{2b219a4 #33712 type=standard A=1000:com.android.settings.root}}} m=TO_BACK f=NONE leash=Surface(name=Task=33712)/@0x87fb166 sb=Rect(0, 0 - 1440, 3120) eb=Rect(0, 0 - 1440, 3120) epz=Point(1440, 3120) d=0 taskParent=-1 inset=Rect(0, 113 - 0, 168)},
01-23 11:49:17.833  2775  2905 V WindowManager:         {m=TO_FRONT f=IS_WALLPAPER|IS_FIXED_PORTRAIT p=WCT{RemoteToken{db38b74 RemoteWallpaperAnim:1:1@199806011}} leash=Surface(name=WallpaperWindowToken{e6cc44a showWhenLocked=false})/@0xd8f3514 sb=Rect(0, 0 - 1440, 3120) eb=Rect(0, 0 - 1440, 3120) epz=Point(1440, 3120) d=0 inset=Rect(0, 0 - 0, 0)}
01-23 11:49:17.833  2775  2905 V WindowManager:     ]}
01-23 11:49:17.833  2775  2905 D PowerManagerService: [api] setPowerBoost(L) boost:0, durationMs:0, caller (uid: 1000 pid: 2775) <- m() in com.android.server.display.DisplayManagerService$BinderService$$ExternalSyntheticOutline0:1
01-23 11:49:17.833  2775  2905 I ActivityTaskManager: done cause=notifyTransitionStarting drawn timestamp=888855273825404 info=TransitionInfo{51cb45f a=ActivityRecord{162979194 u0 com.sec.android.app.launcher/.activities.LauncherActivity t29189} d=true}
01-23 11:49:17.833  2775  2905 D RestrictionPolicy: isScreenCaptureEnabled : ret=true userId=0
01-23 11:49:17.833  2775  2905 D ScreenCapture: [Capture_TEST] : setIsScreenShotBySystem true
01-23 11:49:17.833  2775  2905 I SurfaceComposerClient: captureLayers:childrenOnly:1, sync:1
01-23 11:49:17.834  3864  4792 V WindowManagerShell: onTransitionReady(transaction=11918535259037)
01-23 11:49:17.834  3864  3965 V WindowManagerShell: onTransitionReady (#22958) android.os.BinderProxy@1c96fbd: {id=22958 t=OPEN f=0x0 trk=0 r=[0@Point(0, 0)] c=[
01-23 11:49:17.834  3864  3965 V WindowManagerShell:         {m=TO_FRONT f=SHOW_WALLPAPER|MOVE_TO_TOP|EDGE_EXTENSION_RESTRICTION leash=Surface(name=Task=1)/@0xe5fd398 sb=Rect(0, 0 - 1440, 3120) eb=Rect(0, 0 - 1440, 3120) epz=Point(1440, 3120) d=0 taskParent=-1 inset=Rect(0, 113 - 0, 168)},
01-23 11:49:17.834  3864  3965 V WindowManagerShell:         {m=TO_BACK f=IN_TASK_WITH_EMBEDDED_ACTIVITY|FILLS_TASK p=WCT{android.window.IWindowContainerToken$Stub$Proxy@89ac22d} leash=Surface(name=TaskFragment{9833443 mode=fullscreen})/@0xd597f1 sb=Rect(0, 0 - 1440, 3120) eb=Rect(0, 0 - 1440, 3120) epz=Point(1440, 3120) d=0 bc=ff17171a taskFragmentToken=android.os.BinderProxy@1e5fcf0 inset=Rect(0, 0 - 0, 0)},
01-23 11:49:17.834  3864  3965 V WindowManagerShell:         {m=TO_BACK f=NONE leash=Surface(name=Task=33712)/@0x4a34fd6 sb=Rect(0, 0 - 1440, 3120) eb=Rect(0, 0 - 1440, 3120) epz=Point(1440, 3120) d=0 taskParent=-1 inset=Rect(0, 113 - 0, 168)},
01-23 11:49:17.834  3864  3965 V WindowManagerShell:         {m=TO_FRONT f=IS_WALLPAPER|IS_FIXED_PORTRAIT p=WCT{android.window.IWindowContainerToken$Stub$Proxy@cdc9362} leash=Surface(name=WallpaperWindowToken{e6cc44a showWhenLocked=false})/@0x1606257 sb=Rect(0, 0 - 1440, 3120) eb=Rect(0, 0 - 1440, 3120) epz=Point(1440, 3120) d=0 inset=Rect(0, 0 - 0, 0)}
01-23 11:49:17.834  3864  3965 V WindowManagerShell:     ]}
01-23 11:49:17.834  3864  3965 V ShellDesktopMode: DesktopModeLogger: taskInfo map after processing changes 0
01-23 11:49:17.834  3864  3965 D ShellDesktopMode: DesktopTaskChangeListener: onTaskMovingToFront for taskId=1, displayId=0
01-23 11:49:17.834  3864  3965 I SurfaceControlRegistry: show, t=StartTransaction_SyncId<22958> sc=WallpaperWindowToken{e6cc44a showWhenLocked=false}, caller=android.view.SurfaceControl$Transaction.show:3557 com.android.wm.shell.transition.Transitions.dispatchReady:687 com.android.wm.shell.transition.Transitions.onTransitionReady:251 com.android.wm.shell.transition.Transitions$TransitionPlayerImpl$$ExternalSyntheticLambda0.run:13 android.os.Handler.handleCallback:995 android.os.Handler.dispatchMessage:103
01-23 11:49:17.834  3864  3965 I SurfaceControlRegistry: hide, t=FinishTransaction_SyncId<22958> sc=Task=33712, caller=android.view.SurfaceControl$Transaction.hide:3583 com.android.wm.shell.transition.Transitions.dispatchReady:1263 com.android.wm.shell.transition.Transitions.onTransitionReady:251 com.android.wm.shell.transition.Transitions$TransitionPlayerImpl$$ExternalSyntheticLambda0.run:13 android.os.Handler.handleCallback:995 android.os.Handler.dispatchMessage:103
01-23 11:49:17.834  3864  3965 I SurfaceControlRegistry: show, t=StartTransaction_SyncId<22958> sc=Task=1, caller=android.view.SurfaceControl$Transaction.show:3557 com.android.wm.shell.transition.Transitions.dispatchReady:1279 com.android.wm.shell.transition.Transitions.onTransitionReady:251 com.android.wm.shell.transition.Transitions$TransitionPlayerImpl$$ExternalSyntheticLambda0.run:13 android.os.Handler.handleCallback:995 android.os.Handler.dispatchMessage:103
01-23 11:49:17.834  3864  3965 I SurfaceControlRegistry: show, t=FinishTransaction_SyncId<22958> sc=Task=1, caller=android.view.SurfaceControl$Transaction.show:3557 com.android.wm.shell.transition.Transitions.dispatchReady:1330 com.android.wm.shell.transition.Transitions.onTransitionReady:251 com.android.wm.shell.transition.Transitions$TransitionPlayerImpl$$ExternalSyntheticLambda0.run:13 android.os.Handler.handleCallback:995 android.os.Handler.dispatchMessage:103
01-23 11:49:17.834  3864  3965 V WindowManagerShell: Playing animation for (#22958) android.os.BinderProxy@1c96fbd@0
01-23 11:49:17.834  3864  3965 I SurfaceControlRegistry: show, t=StartTransaction_SyncId<22958> sc=Transition Root: Task=1, caller=android.view.SurfaceControl$Transaction.show:3557 com.android.wm.shell.transition.Transitions.playTransition:79 com.android.wm.shell.transition.Transitions.processReadyQueue:239 com.android.wm.shell.transition.Transitions.dispatchReady:1352 com.android.wm.shell.transition.Transitions.onTransitionReady:251 com.android.wm.shell.transition.Transitions$TransitionPlayerImpl$$ExternalSyntheticLambda0.run:13
01-23 11:49:17.835  3864  3965 V ShellRecents: RecentsTransitionHandler.startAnimation: no controller found
01-23 11:49:17.835  3864  3965 V ShellDesktopMode: DesktopMixedTransitionHandler: No pending desktop transition
01-23 11:49:17.835  3864  3965 V WindowManagerShell: Transition doesn't have explicit remote, search filters for match for {id=22958 t=OPEN f=0x0 trk=0 r=[0@Point(0, 0)] c=[{m=TO_FRONT f=SHOW_WALLPAPER|MOVE_TO_TOP|EDGE_EXTENSION_RESTRICTION leash=Surface(name=Task=1)/@0xe5fd398 sb=Rect(0, 0 - 1440, 3120) eb=Rect(0, 0 - 1440, 3120) epz=Point(1440, 3120) d=0 taskParent=-1 inset=Rect(0, 113 - 0, 168)},{m=TO_BACK f=IN_TASK_WITH_EMBEDDED_ACTIVITY|FILLS_TASK p=WCT{android.window.IWindowContainerToken$Stub$Proxy@89ac22d} leash=Surface(name=TaskFragment{9833443 mode=fullscreen})/@0xd597f1 sb=Rect(0, 0 - 1440, 3120) eb=Rect(0, 0 - 1440, 3120) epz=Point(1440, 3120) d=0 bc=ff17171a taskFragmentToken=android.os.BinderProxy@1e5fcf0 inset=Rect(0, 0 - 0, 0)},{m=TO_BACK f=NONE leash=Surface(name=Task=33712)/@0x4a34fd6 sb=Rect(0, 0 - 1440, 3120) eb=Rect(0, 0 - 1440, 3120) epz=Point(1440, 3120) d=0 taskParent=-1 inset=Rect(0, 113 - 0, 168)},{m=TO_FRONT f=IS_WALLPAPER|IS_FIXED_PORTRAIT p=WCT{android.window.IWindowContainerToken$Stub$Proxy@cdc9362} leash=Surface(name=WallpaperWindowToken{e6cc44a showWhenLocked=false})/@0x1606257 sb=Rect(0, 0 - 1440, 3120) eb=Rect(0, 0 - 1440, 3120) epz=Point(1440, 3120) d=0 inset=Rect(0, 0 - 0, 0)}]}
01-23 11:49:17.835  3864  3965 V WindowManagerShell:  Checking filter Pair{{types=[] flags=0x0] notFlags=0x100 checks=[{atype=home independent=true modes=[OPEN,TO_FRONT] flags=NONE mustBeTask=false order=TOP topActivity=ComponentInfo{com.sec.android.app.launcher/com.sec.android.app.launcher.Launcher} launchCookie=null windowingMode=undefined},{atype=recents independent=true modes=[CLOSE,TO_BACK] flags=NONE mustBeTask=false order=ANY topActivity=null launchCookie=null windowingMode=undefined}]} RemoteTransition { remoteTransition = android.window.IRemoteTransition$Stub$Proxy@c9314b6, appThread = android.app.IApplicationThread$Stub$Proxy@5b375b7, debugName = QuickstepLaunchHomeFromRecentsflags =NONE }}
01-23 11:49:17.835  3864  3965 V WindowManagerShell:  Checking filter Pair{{types=[] flags=0x0] notFlags=0x100 checks=[{atype=home independent=true modes=[OPEN,TO_FRONT] flags=NONE mustBeTask=false order=TOP topActivity=ComponentInfo{com.sec.android.app.launcher/com.sec.android.app.launcher.Launcher} launchCookie=null windowingMode=undefined},{atype=standard independent=true modes=[CLOSE,TO_BACK] flags=NONE mustBeTask=false order=ANY topActivity=null launchCookie=null windowingMode=undefined}]} RemoteTransition { remoteTransition = android.window.IRemoteTransition$Stub$Proxy@dd11124, appThread = android.app.IApplicationThread$Stub$Proxy@b15748d, debugName = QuickstepLaunchHomeflags =NONE }}
01-23 11:49:17.835  3864  3965 D RemoteTransitionHandler: Found filterPair{{types=[] flags=0x0] notFlags=0x100 checks=[{atype=home independent=true modes=[OPEN,TO_FRONT] flags=NONE mustBeTask=false order=TOP topActivity=ComponentInfo{com.sec.android.app.launcher/com.sec.android.app.launcher.Launcher} launchCookie=null windowingMode=undefined},{atype=standard independent=true modes=[CLOSE,TO_BACK] flags=NONE mustBeTask=false order=ANY topActivity=null launchCookie=null windowingMode=undefined}]} RemoteTransition { remoteTransition = android.window.IRemoteTransition$Stub$Proxy@dd11124, appThread = android.app.IApplicationThread$Stub$Proxy@b15748d, debugName = QuickstepLaunchHomeflags =NONE }}
01-23 11:49:17.835  3864  3965 V WindowManagerShell:  Delegate animation for (#22958) to RemoteTransition { remoteTransition = android.window.IRemoteTransition$Stub$Proxy@dd11124, appThread = android.app.IApplicationThread$Stub$Proxy@b15748d, debugName = QuickstepLaunchHomeflags =NONE }
01-23 11:49:17.835  3864  3965 V WindowManagerShell:  Excluded change from remote targets at (#22958), change={m=TO_FRONT f=IS_WALLPAPER|IS_FIXED_PORTRAIT p=WCT{android.window.IWindowContainerToken$Stub$Proxy@cdc9362} leash=Surface(name=WallpaperWindowToken{e6cc44a showWhenLocked=false})/@0x1606257 sb=Rect(0, 0 - 1440, 3120) eb=Rect(0, 0 - 1440, 3120) epz=Point(1440, 3120) d=0 inset=Rect(0, 0 - 0, 0)}
01-23 11:49:17.835  1833  2289 I SurfaceFlinger: Capture layer list:     com.android.settings/com.android.settings.SubSettings$_24412#313880(seamlessTransition:0)
01-23 11:49:17.835  1833  2289 I CompositionEngine: [setDisplaySize] size=(1440, 3120)
01-23 11:49:17.836  1833  2000 D RenderEngine: [SEC_SF_EFFECTS] drawLayersInternal,1483, Rendering layer ScreenCaptureFillLayer at index 0
01-23 11:49:17.836  1833  2000 D RenderEngine: [SEC_SF_EFFECTS] drawLayersInternal,1483, Rendering layer com.android.settings/com.android.settings.SubSettings$_24412#313880 at index 1
01-23 11:49:17.837  1833  1975 I SurfaceFlinger: id=313940 createSurf, flag=84000, Surface(name=Task=1)/@0x6dc3d7d_transition-leash#313940
01-23 11:49:17.838  4373 25252 I SurfaceControlRegistry: show, t=StartTransaction_SyncId<22958> sc=Task=1, caller=android.view.SurfaceControl$Transaction.show:3557 S.j.a:152 S.j.u:0 S.j.t:0 com.android.systemui.animation.RemoteAnimationTargetCompat.wrap:48 com.android.systemui.animation.RemoteAnimationTargetCompat.wrapApps:10
01-23 11:49:17.839  1833  3820 I SurfaceFlinger: id=313941 createSurf, flag=84000, Surface(name=Task=33712)/@0x4743479_transition-leash#313941
01-23 11:49:17.839 15282 15282 I VRI[HintService]@a177658: Creating new active sync group VRI[HintService]@a177658#38
01-23 11:49:17.839  4373 25252 I SurfaceControlRegistry: show, t=StartTransaction_SyncId<22958> sc=Task=33712, caller=android.view.SurfaceControl$Transaction.show:3557 S.j.a:152 S.j.u:0 S.j.t:0 com.android.systemui.animation.RemoteAnimationTargetCompat.wrap:48 com.android.systemui.animation.RemoteAnimationTargetCompat.wrapApps:10
01-23 11:49:17.839  4373 25252 I SurfaceControlRegistry: apply, t=StartTransaction_SyncId<22958>, caller=android.view.SurfaceControl$Transaction.apply:3459 android.view.SurfaceControl$Transaction.apply:3447 android.view.SurfaceControl$Transaction.apply:3397 com.android.systemui.animation.RemoteAnimationRunnerCompat$1.startAnimation:645 android.window.IRemoteTransition$Stub.onTransact:162 android.os.Binder.execTransactInternal:1462
01-23 11:49:17.839  4373 25252 I HoneySpace.ShellAnimationRunner: [onAnimationStart] appTarget(0) : taskId-1, mode-0
01-23 11:49:17.839  4373 25252 I HoneySpace.ShellAnimationRunner: cookie: -2147483648
01-23 11:49:17.839  4373 25252 I HoneySpace.ShellAnimationRunner: [onAnimationStart] appTarget(1) : taskId-33712, mode-1
01-23 11:49:17.840  2775  2905 D RestrictionPolicy: isScreenCaptureEnabled : ret=true userId=0
01-23 11:49:17.840  2775  2905 D SurfaceComposerClient: setCornerRadius ## 9edd74d com.sec.android.app.launcher/com.sec.android.app.launcher.activities.LauncherActivity#159 cornerRadius=0.000000
01-23 11:49:17.840 15282 16509 W qdgralloc: getInterlacedFlag: getMetaData returned 3, defaulting to interlaced_flag = 0
01-23 11:49:17.840  2775  2905 D SurfaceComposerClient: setCornerRadius ## 9edd74d com.sec.android.app.launcher/com.sec.android.app.launcher.activities.LauncherActivity#159 cornerRadius=0.000000
01-23 11:49:17.840 15282 16500 I VRI[HintService]@a177658: mWNT: t=0xb400006f59a30490 mBlastBufferQueue=0xb400006eb9ed83e0 fn= 1 HdrRenderState mRenderHdrSdrRatio=1.0 caller= android.view.ViewRootImpl$12.onFrameDraw:15441 android.view.ThreadedRenderer$1.onFrameDraw:718 <bottom of call stack>
01-23 11:49:17.841  4373  4373 I HoneySpace.ShellAnimationRunner: this , com.honeyspace.transition.ShellAnimationRunner@f374da8
01-23 11:49:17.841  4373  4373 I HoneySpace.ShellAnimationRunner: finishExistingAnimation, null
01-23 11:49:17.841  4373  7962 I HoneySpace.PredictionDataSourceImpl: TYPE_SUGGESTED_APPS updated: 9
01-23 11:49:17.841  4373  4373 I HoneySpace.AppCloseAnimationDelegate: onAnimationStart
01-23 11:49:17.842  3864  3965 V WindowManagerShell:  animated by com.android.wm.shell.transition.RemoteTransitionHandler@1d7b00e
01-23 11:49:17.842 15282 16500 I VRI[HintService]@a177658: Setting up sync and frameCommitCallback
01-23 11:49:17.842  4373  4373 I HoneySpace.AppCloseAnimationDelegate: findTargetView() called with: targets = com.honeyspace.transition.remote.RemoteAnimationTargets@7f7453b, centerMostInfo = null
01-23 11:49:17.842  4373  4373 I HoneySpace.AppCloseAnimationDelegate: findTargetValue [cookie--2147483648, pkgName-com.android.settings]
01-23 11:49:17.842  4373  7961 I HoneySpace.PredictionDataSourceImpl: TYPE_RECOMMENDED_WIDGETS updated: 50
01-23 11:49:17.842  4373  4373 I HoneySpace.AppCloseAnimationDelegate: findTargetView found:null, null
01-23 11:49:17.842  4373  4373 I HoneySpace.AppCloseAnimationDelegate: getCloseAnimator : isGestureClosing-false, target-null
01-23 11:49:17.842  4373  4373 I HoneySpace.FloatingAnimator: playerCount : 1
01-23 11:49:17.842  4373  4373 I HoneySpace.FloatingAnimator: [Player:A(17.842)] create
01-23 11:49:17.843  4373  4373 I HoneySpace.AppCloseAnimationDelegate: playFloatingIconAnim, appPlayer: A(17.842)
01-23 11:49:17.843  4373  4373 I HoneySpace.TransitionUtils: [getRotationChange] home-0, app-0
01-23 11:49:17.843  4373  4373 I HoneySpace.TransitionUtils: getWindowTargetBounds: Rect(0, 0 - 1440, 3120)
01-23 11:49:17.843 15282 16509 I BLASTBufferQueue: [VRI[HintService]@a177658#7596](f:0,a:0,s:0) onFrameAvailable the first frame is available
01-23 11:49:17.843 15282 16509 I SurfaceComposerClient: apply transaction with the first frame. layerId: 313938, bufferData(ID: 65635690247971, frameNumber: 1)
01-23 11:49:17.843  4373  4373 I HoneySpace.FloatingAnimator: setup no target anim
01-23 11:49:17.843 15282 16509 I VRI[HintService]@a177658: Received frameCommittedCallback lastAttemptedDrawFrameNum=1 didProduceBuffer=true
01-23 11:49:17.843  1833  2289 I SurfaceFlinger: [com.samsung.android.spay.pay.HintService$_15282#313938] setTransactionState with the first frame. bufferData(ID: 65635690247971, frameNumber: 1)
01-23 11:49:17.844  1833  1833 I SurfaceFlinger: RequestedLayer [com.samsung.android.wallpaper.live.infinity.InfinityWallpaper$_3996#75] hidden!! flag  from(1) --> to(0)
01-23 11:49:17.844  1833  1833 I SurfaceFlinger: RequestedLayer [com.sec.android.app.launcher/com.sec[...]vities.LauncherActivity$_4373#313935] hidden!! flag  from(1) --> to(0)
01-23 11:49:17.844  1833  1833 I SurfaceFlinger: RequestedLayer [Transition Root: Task=1#313939] hidden!! flag  from(1) --> to(0)
01-23 11:49:17.844  1833  1833 I SurfaceFlinger: RequestedLayer [ActivityRecord{162979194 u0 com.sec.[...]ivities.LauncherActivity t29189}#158] hidden!! flag  from(1) --> to(0)
01-23 11:49:17.844  1833  1833 I SurfaceFlinger: RequestedLayer [Task=29189#157] hidden!! flag  from(1) --> to(0)
01-23 11:49:17.844  1833  1833 I SurfaceFlinger: RequestedLayer [WallpaperWindowToken{e6cc44a showWhenLocked=false}#73] hidden!! flag  from(1) --> to(0)
01-23 11:49:17.844  1833  1833 I SurfaceFlinger: RequestedLayer [Task=1#53] hidden!! flag  from(1) --> to(0)
01-23 11:49:17.844  1833  1833 E SurfaceFlinger: alpha changed 1.000 -> 0.000 - Surface(name=Task=1)/@0x6dc3d7d_transition-leash#313940
01-23 11:49:17.844  1833  1833 I SurfaceFlinger: destroyed Surface(name=36e6eff StatusBar)/@0xd593a9d - animation-leash of insets_animation#313934 form LifecycleManager
01-23 11:49:17.844  1833  1833 I SurfaceFlinger: destroyed Surface(name=b4d9bd3 NavigationBar0)/@0x92e9c86 - animation-leash of insets_animation#313930 form LifecycleManager
01-23 11:49:17.844  1833  1833 I SurfaceFlinger: [LayerHierarchy{RequestedLayerState{Task=1#53 parentId=313940} 2 children}] reparent to LayerHierarchy{RequestedLayerState{Surface(name=Task=1)/@0x6dc3d7d_transition-leash#313940 parentId=313939 z=6} 1 children}
01-23 11:49:17.844  1833  1833 I SurfaceFlinger: [LayerHierarchy{RequestedLayerState{Task=33712#312380 parentId=313941} 2 children}] reparent to LayerHierarchy{RequestedLayerState{Surface(name=Task=33712)/@0x4743479_transition-leash#313941 parentId=313939 z=7} 1 children}
01-23 11:49:17.844  1833  1833 I SurfaceFlinger: [Surface(name=Task=33712)/@0x4743479_transition-leash#313941] attach to parent LayerHierarchy{RequestedLayerState{Transition Root: Task=1#313939 parentId=10} 1 children}
01-23 11:49:17.844  1833  1833 I SurfaceFlinger: [Surface(name=Task=1)/@0x6dc3d7d_transition-leash#313940] attach to parent LayerHierarchy{RequestedLayerState{Transition Root: Task=1#313939 parentId=10} 2 children}
01-23 11:49:17.844  1833  1833 I SurfaceFlinger: [com.samsung.android.spay.pay.HintService$_15282#313938] attach to parent LayerHierarchy{RequestedLayerState{3cf668e com.samsung.android.spay.pay.HintService#228 parentId=227} 1 children}
01-23 11:49:17.844  1833  1833 I SurfaceFlinger: [Transition Root: Task=1#313939] attach to parent LayerHierarchy{RequestedLayerState{DefaultTaskDisplayArea_d0#10 parentId=9} 15 children}
01-23 11:49:17.844  1833  1833 I SurfaceFlinger: id=313934 onLayerDestroyed from LayerHierarchyBuilder(RequestedLayerState{Surface(name=36e6eff StatusBar)/@0xd593a9d - animation-leash of insets_animation#313934 !handle})
01-23 11:49:17.844  1833  1833 I SurfaceFlinger: id=313930 onLayerDestroyed from LayerHierarchyBuilder(RequestedLayerState{Surface(name=b4d9bd3 NavigationBar0)/@0x92e9c86 - animation-leash of insets_animation#313930 !handle})
01-23 11:49:17.844  4373  4373 I HoneySpace.FloatingAnimator: [Player:A(17.842)] value animator:[37429427] started
01-23 11:49:17.844  4373  4373 I HoneySpace.ContentsAnimator: from : 0.0
01-23 11:49:17.844  4373  4373 I HoneySpace.ContentsAnimator: ContentsAnimator start [76916336]
01-23 11:49:17.844  1833  1833 I Layer   : id=313934 Destroyed Surface(name=36e6eff StatusBar)/@0xd593a9d - animation-leash of insets_animation#313934
01-23 11:49:17.844  1833  1833 I Layer   : id=313930 Destroyed Surface(name=b4d9bd3 NavigationBar0)/@0x92e9c86 - animation-leash of insets_animation#313930
01-23 11:49:17.845  4373  4373 I HoneySpace.WorkspaceViewModel: StartContentAnimation, type: AppClose, inProgress: true
01-23 11:49:17.845  4373  4373 I HoneySpace.AnimationResult: setAnimation, animation: false
01-23 11:49:17.845  4373  4373 I HoneySpace.AppTransitionAnimationAwait: proceed 0
01-23 11:49:17.845  4373  4373 I HoneySpace.AppTransitionAnimationAwait: prepare refCnt:1 timeout:1500
01-23 11:49:17.845 15282 15282 I SAMSUNGWALLET: [Hint_PayHintService] onReceive() action=com.sec.android.app.launcher.intent.action.UPDATE_SPAY_HANDLER
01-23 11:49:17.845  2775  2904 I DisplayDeviceRepository: Display device changed render timings: "Écran intégré", renderFrameRate=60.000004, presentationDeadlineNanos=17666666, appVsyncOffsetNanos=16666666, frameRateOverrides=[{uid=1000 frameRateHz=60.000004}, {uid=10051 frameRateHz=60.000004}, {uid=10145 frameRateHz=60.000004}]
01-23 11:49:17.845  2775  4363 D WindowManager: finishDrawingWindow: Window{3cf668e u0 com.samsung.android.spay.pay.HintService} mDrawState=DRAW_PENDING seqId=89
01-23 11:49:17.845  2775  2905 D SurfaceComposerClient: setCornerRadius ## 9edd74d com.sec.android.app.launcher/com.sec.android.app.launcher.activities.LauncherActivity#159 cornerRadius=0.000000
01-23 11:49:17.846  3864  3864 D SystemUIService: SYSUI_RAM_OPTIMIZATION onTrimMemory=20
01-23 11:49:17.846  3864  3864 D CentralSurfaces: SYSUI_RAM_OPTIMIZATION onTrimMemory=20
01-23 11:49:17.846  2775  2905 V WindowManager: performShowLocked: mDrawState=HAS_DRAWN in Window{3cf668e u0 com.samsung.android.spay.pay.HintService}
01-23 11:49:17.846  4373  4373 I InsetsSourceConsumer: applyRequestedVisibilityToControl: visible=true, type=navigationBars, host=com.sec.android.app.launcher/com.sec.android.app.launcher.activities.LauncherActivity
01-23 11:49:17.846  4373  7601 W qdgralloc: getInterlacedFlag: getMetaData returned 3, defaulting to interlaced_flag = 0
01-23 11:49:17.846  2775  2905 D SurfaceComposerClient: setCornerRadius ## 9edd74d com.sec.android.app.launcher/com.sec.android.app.launcher.activities.LauncherActivity#159 cornerRadius=0.000000
01-23 11:49:17.847  4373  4373 I InsetsSourceConsumer: applyRequestedVisibilityToControl: visible=true, type=statusBars, host=com.sec.android.app.launcher/com.sec.android.app.launcher.activities.LauncherActivity
01-23 11:49:17.847  4373 13413 I HoneySpace.WallpaperAnimator: createWallpaperSurface
01-23 11:49:17.847  4373 23993 I HoneySpace.OneUiSpace: received close system dialog reason=homekey
01-23 11:49:17.847  3864  4086 D HWUI    : CacheManager::trimMemory(20)
01-23 11:49:17.848 15282 15282 I SAMSUNGWALLET: [Hint_PayHintService] home change, s home : true , default : false , gesture : false , s result : true , prev : true
01-23 11:49:17.848  2775  4363 I WindowManager: Reparenting to leash, surface=Surface(name=RemoteWallpaperAnim:1:1)/@0x9f2e569, leashParent=Surface(name=OneHanded:0:14)/@0x687dbee
01-23 11:49:17.848 15282 15282 I SAMSUNGWALLET: [Hint_PayHintService] onReceive() action=com.sec.android.app.launcher.intent.action.UPDATE_SPAY_HANDLER
01-23 11:49:17.848  1833  2289 I SurfaceFlinger: id=313942 createSurf, flag=24000, Surface(name=RemoteWallpaperAnim:1:1)/@0x9f2e569 - animation-leash of remote_wallpaper#313942
01-23 11:49:17.848 15282 15282 I SAMSUNGWALLET: [Hint_PayHintService] home change, s home : true , default : false , gesture : false , s result : true , prev : true
01-23 11:49:17.848  2775  4363 D WindowManager: makeSurface duration=0 leash=Surface(name=Surface(name=RemoteWallpaperAnim:1:1)/@0x9f2e569 - animation-leash of remote_wallpaper)/@0xb28730a
01-23 11:49:17.848  2775  4363 D WindowManager: startAnimation for remote wallpaper, leash=Surface(name=Surface(name=RemoteWallpaperAnim:1:1)/@0x9f2e569 - animation-leash of remote_wallpaper)/@0xb28730a
01-23 11:49:17.848  2775  4363 D WindowManager: startRemoteWallpaperAnimation, d=0, leash=Surface(name=Surface(name=RemoteWallpaperAnim:1:1)/@0x9f2e569 - animation-leash of remote_wallpaper)/@0xb28730a
01-23 11:49:17.849  2775  2898 D [secipm]: mSecIpmManager report to nap
01-23 11:49:17.849  2775  2898 I PkgPredictorService-SecIpmManagerServiceImpl: reportToNAP uid:10158 com.sec.android.app.launcher/com.sec.android.app.launcher.activities.LauncherActivity thisTime:57
01-23 11:49:17.849  2775  2898 D PkgPredictorService-SecIpmManagerServiceImpl: reportToNAP: mHeavyLaunchCounter is false
01-23 11:49:17.849  2775  4771 D PkgPredictorService-SecIpmManagerServiceImpl: ACTION_FOREGROUND_FINISH_EVENT sCurForegroundApp :com.sec.android.app.launcher
